Archive member included to satisfy reference by file (symbol)

c:/progra~1/raspbe~1/picosd~1.1/gcc-ar~1/bin/../lib/gcc/arm-none-eabi/10.3.1/thumb/v6-m/nofp\libgcc.a(_dvmd_tls.o)
                              CMakeFiles/THINGAMAPRO_RP2040.dir/C_/Program_Files/Raspberry_Pi/Pico_SDK_v1.5.1/pico-sdk/src/rp2_common/pico_divider/divider.S.obj (__aeabi_idiv0)
c:/progra~1/raspbe~1/picosd~1.1/gcc-ar~1/bin/../lib/gcc/arm-none-eabi/10.3.1/../../../../arm-none-eabi/lib/thumb/v6-m/nofp\libg.a(lib_a-calloc.o)
                              CMakeFiles/THINGAMAPRO_RP2040.dir/C_/Program_Files/Raspberry_Pi/Pico_SDK_v1.5.1/pico-sdk/src/rp2_common/pico_malloc/pico_malloc.c.obj (calloc)
c:/progra~1/raspbe~1/picosd~1.1/gcc-ar~1/bin/../lib/gcc/arm-none-eabi/10.3.1/../../../../arm-none-eabi/lib/thumb/v6-m/nofp\libg.a(lib_a-callocr.o)
                              c:/progra~1/raspbe~1/picosd~1.1/gcc-ar~1/bin/../lib/gcc/arm-none-eabi/10.3.1/../../../../arm-none-eabi/lib/thumb/v6-m/nofp\libg.a(lib_a-calloc.o) (_calloc_r)
c:/progra~1/raspbe~1/picosd~1.1/gcc-ar~1/bin/../lib/gcc/arm-none-eabi/10.3.1/../../../../arm-none-eabi/lib/thumb/v6-m/nofp\libg.a(lib_a-errno.o)
                              c:/progra~1/raspbe~1/picosd~1.1/gcc-ar~1/bin/../lib/gcc/arm-none-eabi/10.3.1/../../../../arm-none-eabi/lib/thumb/v6-m/nofp\libg.a(lib_a-callocr.o) (__errno)
c:/progra~1/raspbe~1/picosd~1.1/gcc-ar~1/bin/../lib/gcc/arm-none-eabi/10.3.1/../../../../arm-none-eabi/lib/thumb/v6-m/nofp\libg.a(lib_a-impure.o)
                              c:/progra~1/raspbe~1/picosd~1.1/gcc-ar~1/bin/../lib/gcc/arm-none-eabi/10.3.1/../../../../arm-none-eabi/lib/thumb/v6-m/nofp\libg.a(lib_a-calloc.o) (_impure_ptr)
c:/progra~1/raspbe~1/picosd~1.1/gcc-ar~1/bin/../lib/gcc/arm-none-eabi/10.3.1/../../../../arm-none-eabi/lib/thumb/v6-m/nofp\libg.a(lib_a-init.o)
                              c:/progra~1/raspbe~1/picosd~1.1/gcc-ar~1/bin/../lib/gcc/arm-none-eabi/10.3.1/../../../../arm-none-eabi/lib/thumb/v6-m/nofp/crt0.o (__libc_init_array)
c:/progra~1/raspbe~1/picosd~1.1/gcc-ar~1/bin/../lib/gcc/arm-none-eabi/10.3.1/../../../../arm-none-eabi/lib/thumb/v6-m/nofp\libg.a(lib_a-malloc.o)
                              CMakeFiles/THINGAMAPRO_RP2040.dir/C_/Program_Files/Raspberry_Pi/Pico_SDK_v1.5.1/pico-sdk/src/rp2_common/pico_malloc/pico_malloc.c.obj (malloc)
c:/progra~1/raspbe~1/picosd~1.1/gcc-ar~1/bin/../lib/gcc/arm-none-eabi/10.3.1/../../../../arm-none-eabi/lib/thumb/v6-m/nofp\libg.a(lib_a-mallocr.o)
                              c:/progra~1/raspbe~1/picosd~1.1/gcc-ar~1/bin/../lib/gcc/arm-none-eabi/10.3.1/../../../../arm-none-eabi/lib/thumb/v6-m/nofp\libg.a(lib_a-callocr.o) (_malloc_r)
c:/progra~1/raspbe~1/picosd~1.1/gcc-ar~1/bin/../lib/gcc/arm-none-eabi/10.3.1/../../../../arm-none-eabi/lib/thumb/v6-m/nofp\libg.a(lib_a-mlock.o)
                              c:/progra~1/raspbe~1/picosd~1.1/gcc-ar~1/bin/../lib/gcc/arm-none-eabi/10.3.1/../../../../arm-none-eabi/lib/thumb/v6-m/nofp\libg.a(lib_a-mallocr.o) (__malloc_lock)
c:/progra~1/raspbe~1/picosd~1.1/gcc-ar~1/bin/../lib/gcc/arm-none-eabi/10.3.1/../../../../arm-none-eabi/lib/thumb/v6-m/nofp\libg.a(lib_a-realloc.o)
                              CMakeFiles/THINGAMAPRO_RP2040.dir/C_/Program_Files/Raspberry_Pi/Pico_SDK_v1.5.1/pico-sdk/src/rp2_common/pico_malloc/pico_malloc.c.obj (realloc)
c:/progra~1/raspbe~1/picosd~1.1/gcc-ar~1/bin/../lib/gcc/arm-none-eabi/10.3.1/../../../../arm-none-eabi/lib/thumb/v6-m/nofp\libg.a(lib_a-reallocr.o)
                              c:/progra~1/raspbe~1/picosd~1.1/gcc-ar~1/bin/../lib/gcc/arm-none-eabi/10.3.1/../../../../arm-none-eabi/lib/thumb/v6-m/nofp\libg.a(lib_a-realloc.o) (_realloc_r)
c:/progra~1/raspbe~1/picosd~1.1/gcc-ar~1/bin/../lib/gcc/arm-none-eabi/10.3.1/../../../../arm-none-eabi/lib/thumb/v6-m/nofp\libg.a(lib_a-sbrkr.o)
                              c:/progra~1/raspbe~1/picosd~1.1/gcc-ar~1/bin/../lib/gcc/arm-none-eabi/10.3.1/../../../../arm-none-eabi/lib/thumb/v6-m/nofp\libg.a(lib_a-mallocr.o) (_sbrk_r)
c:/progra~1/raspbe~1/picosd~1.1/gcc-ar~1/bin/../lib/gcc/arm-none-eabi/10.3.1/../../../../arm-none-eabi/lib/thumb/v6-m/nofp\libg.a(lib_a-strlen-stub.o)
                              CMakeFiles/THINGAMAPRO_RP2040.dir/lib/HOJA-LIB-RP2040/src/usb/hoja_usb.c.obj (strlen)
c:/progra~1/raspbe~1/picosd~1.1/gcc-ar~1/bin/../lib/gcc/arm-none-eabi/10.3.1/../../../../arm-none-eabi/lib/thumb/v6-m/nofp\libg.a(lib_a-freer.o)
                              c:/progra~1/raspbe~1/picosd~1.1/gcc-ar~1/bin/../lib/gcc/arm-none-eabi/10.3.1/../../../../arm-none-eabi/lib/thumb/v6-m/nofp\libg.a(lib_a-malloc.o) (_free_r)
c:/progra~1/raspbe~1/picosd~1.1/gcc-ar~1/bin/../lib/gcc/arm-none-eabi/10.3.1/../../../../arm-none-eabi/lib/thumb/v6-m/nofp\libg.a(lib_a-lock.o)
                              c:/progra~1/raspbe~1/picosd~1.1/gcc-ar~1/bin/../lib/gcc/arm-none-eabi/10.3.1/../../../../arm-none-eabi/lib/thumb/v6-m/nofp\libg.a(lib_a-mlock.o) (__retarget_lock_acquire_recursive)
[...]
Memory Configuration

Name             Origin             Length             Attributes
FLASH            0x10000000         0x00200000         xr
RAM              0x20000000         0x00040000         xrw
SCRATCH_X        0x20040000         0x00001000         xrw
SCRATCH_Y        0x20041000         0x00001000         xrw
*default*        0x00000000         0xffffffff

Linker script and memory map

LOAD c:/progra~1/raspbe~1/picosd~1.1/gcc-ar~1/bin/../lib/gcc/arm-none-eabi/10.3.1/thumb/v6-m/nofp/crti.o
LOAD c:/progra~1/raspbe~1/picosd~1.1/gcc-ar~1/bin/../lib/gcc/arm-none-eabi/10.3.1/thumb/v6-m/nofp/crtbegin.o
LOAD c:/progra~1/raspbe~1/picosd~1.1/gcc-ar~1/bin/../lib/gcc/arm-none-eabi/10.3.1/../../../../arm-none-eabi/lib/thumb/v6-m/nofp/crt0.o

.flash_begin    0x10000000        0x0
                0x10000000                __flash_binary_start = .

.boot2          0x10000000      0x100
                0x10000000                __boot2_start__ = .
 *(.boot2)
 .boot2         0x10000000      0x100 C:\Users\Mitch\AppData\Local\Temp\ccOao2O1.o
                0x10000100                __boot2_end__ = .
                0x00000001                ASSERT (((__boot2_end__ - __boot2_start__) == 0x100), ERROR: Pico second stage bootloader must be 256 bytes in size)

.text           0x10000100     0xe230
                0x10000100                __logical_binary_start = .
 *(.vectors)
 .vectors       0x10000100       0xd4 CMakeFiles/THINGAMAPRO_RP2040.dir/C_/Program_Files/Raspberry_Pi/Pico_SDK_v1.5.1/pico-sdk/src/rp2_common/pico_standard_link/crt0.S.obj
                0x10000100                __VECTOR_TABLE
                0x10000100                __vectors
                0x100001c0                isr_invalid
                0x100001c0                __default_isrs_start
                0x100001c2                isr_nmi
                0x100001c4                isr_hardfault
                0x100001c6                isr_svcall
                0x100001c8                isr_pendsv
                0x100001ca                isr_systick
                0x100001cc                isr_irq23
                0x100001cc                isr_irq18
                0x100001cc                isr_irq11
                0x100001cc                isr_irq28
                0x100001cc                isr_irq19
                0x100001cc                isr_irq0
                0x100001cc                isr_irq6
                0x100001cc                isr_irq5
                0x100001cc                isr_irq12
                0x100001cc                isr_irq22
                0x100001cc                isr_irq31
                0x100001cc                isr_irq17
                0x100001cc                isr_irq27
                0x100001cc                isr_irq30
                0x100001cc                isr_irq2
                0x100001cc                isr_irq10
                0x100001cc                isr_irq8
                0x100001cc                isr_irq24
                0x100001cc                isr_irq1
                0x100001cc                isr_irq7
                0x100001cc                isr_irq21
                0x100001cc                isr_irq20
                0x100001cc                isr_irq15
                0x100001cc                isr_irq25
                0x100001cc                isr_irq13
                0x100001cc                __unhandled_user_irq
                0x100001cc                isr_irq4
                0x100001cc                isr_irq16
                0x100001cc                isr_irq29
                0x100001cc                isr_irq26
                0x100001cc                __default_isrs_end
                0x100001cc                isr_irq3
                0x100001cc                isr_irq14
                0x100001cc                isr_irq9
                0x100001d2                unhandled_user_irq_num_in_r0
 *(.binary_info_header)
 .binary_info_header
                0x100001d4       0x14 CMakeFiles/THINGAMAPRO_RP2040.dir/C_/Program_Files/Raspberry_Pi/Pico_SDK_v1.5.1/pico-sdk/src/rp2_common/pico_standard_link/crt0.S.obj
                0x100001e8                __binary_info_header_end = .
 *(.reset)
 .reset         0x100001e8       0xa0 CMakeFiles/THINGAMAPRO_RP2040.dir/C_/Program_Files/Raspberry_Pi/Pico_SDK_v1.5.1/pico-sdk/src/rp2_common/pico_standard_link/crt0.S.obj
                0x100001e8                _entry_point
 .reset         0x10000288       0x30 CMakeFiles/THINGAMAPRO_RP2040.dir/C_/Program_Files/Raspberry_Pi/Pico_SDK_v1.5.1/pico-sdk/src/rp2_common/pico_standard_link/binary_info.c.obj
 *(.init)
 .init          0x100002b8        0x4 c:/progra~1/raspbe~1/picosd~1.1/gcc-ar~1/bin/../lib/gcc/arm-none-eabi/10.3.1/thumb/v6-m/nofp/crti.o
                0x100002b8                _init
 *(EXCLUDE_FILE(*libm.a: *libc.a:*lib_a-mem*.o *libgcc.a:) .text*)
 .text          0x100002bc       0x48 c:/progra~1/raspbe~1/picosd~1.1/gcc-ar~1/bin/../lib/gcc/arm-none-eabi/10.3.1/thumb/v6-m/nofp/crtbegin.o
 .text.cb_hoja_hardware_setup
                0x10000304      0x188 CMakeFiles/THINGAMAPRO_RP2040.dir/src/main.c.obj
                0x10000304                cb_hoja_hardware_setup
 .text.cb_hoja_read_buttons
                0x1000048c      0x15e CMakeFiles/THINGAMAPRO_RP2040.dir/src/main.c.obj
                0x1000048c                cb_hoja_read_buttons
 *fill*         0x100005ea        0x2 
 .text.cb_hoja_read_analog
                0x100005ec      0x108 CMakeFiles/THINGAMAPRO_RP2040.dir/src/main.c.obj
                0x100005ec                cb_hoja_read_analog
 .text.cb_hoja_task_1_hook
                0x100006f4        0x8 CMakeFiles/THINGAMAPRO_RP2040.dir/src/main.c.obj
                0x100006f4                cb_hoja_task_1_hook
 .text.main     0x100006fc       0x60 CMakeFiles/THINGAMAPRO_RP2040.dir/src/main.c.obj
                0x100006fc                main
 .text.app_rumble_task
                0x1000075c       0xc0 CMakeFiles/THINGAMAPRO_RP2040.dir/src/app_rumble.c.obj
                0x1000075c                app_rumble_task
 .text.cb_hoja_rumble_enable
                0x1000081c       0x48 CMakeFiles/THINGAMAPRO_RP2040.dir/src/app_rumble.c.obj
                0x1000081c                cb_hoja_rumble_enable
 .text.cb_hoja_set_rumble_intensity
                0x10000864       0x44 CMakeFiles/THINGAMAPRO_RP2040.dir/src/app_rumble.c.obj
                0x10000864                cb_hoja_set_rumble_intensity
 .text.cb_hoja_read_imu
                0x100008a8        0x2 CMakeFiles/THINGAMAPRO_RP2040.dir/lib/HOJA-LIB-RP2040/src/hoja.c.obj
                0x100008a8                cb_hoja_read_imu
 *fill*         0x100008aa        0x2 
 .text._hoja_task_1
                0x100008ac       0x50 CMakeFiles/THINGAMAPRO_RP2040.dir/lib/HOJA-LIB-RP2040/src/hoja.c.obj
                0x100008ac                _hoja_task_1
 .text.cb_hoja_set_bluetooth_enabled
                0x100008fc        0x2 CMakeFiles/THINGAMAPRO_RP2040.dir/lib/HOJA-LIB-RP2040/src/hoja.c.obj
                0x100008fc                cb_hoja_set_bluetooth_enabled
 *fill*         0x100008fe        0x2 
 .text._hoja_task_0
                0x10000900       0x98 CMakeFiles/THINGAMAPRO_RP2040.dir/lib/HOJA-LIB-RP2040/src/hoja.c.obj
                0x10000900                _hoja_task_0
 .text.hoja_init
                0x10000998      0x178 CMakeFiles/THINGAMAPRO_RP2040.dir/lib/HOJA-LIB-RP2040/src/hoja.c.obj
                0x10000998                hoja_init
 .text.hoja_setup_gpio_button
                0x10000b10       0x1e CMakeFiles/THINGAMAPRO_RP2040.dir/lib/HOJA-LIB-RP2040/src/hoja.c.obj
                0x10000b10                hoja_setup_gpio_button
 *fill*         0x10000b2e        0x2 
 .text._generate_mac
                0x10000b30       0x58 CMakeFiles/THINGAMAPRO_RP2040.dir/lib/HOJA-LIB-RP2040/src/hoja_settings.c.obj
                0x10000b30                _generate_mac
 .text.settings_reset_to_default
                0x10000b88      0x128 CMakeFiles/THINGAMAPRO_RP2040.dir/lib/HOJA-LIB-RP2040/src/hoja_settings.c.obj
                0x10000b88                settings_reset_to_default
 .text.settings_core1_save_check
                0x10000cb0       0x90 CMakeFiles/THINGAMAPRO_RP2040.dir/lib/HOJA-LIB-RP2040/src/hoja_settings.c.obj
                0x10000cb0                settings_core1_save_check
 .text.settings_save_webindicate
                0x10000d40        0xc CMakeFiles/THINGAMAPRO_RP2040.dir/lib/HOJA-LIB-RP2040/src/hoja_settings.c.obj
                0x10000d40                settings_save_webindicate
 .text.settings_save
                0x10000d4c        0xc CMakeFiles/THINGAMAPRO_RP2040.dir/lib/HOJA-LIB-RP2040/src/hoja_settings.c.obj
                0x10000d4c                settings_save
 .text.settings_set_rumble_floor
                0x10000d58       0x20 CMakeFiles/THINGAMAPRO_RP2040.dir/lib/HOJA-LIB-RP2040/src/hoja_settings.c.obj
                0x10000d58                settings_set_rumble_floor
 .text.settings_set_rumble
                0x10000d78       0x24 CMakeFiles/THINGAMAPRO_RP2040.dir/lib/HOJA-LIB-RP2040/src/hoja_settings.c.obj
                0x10000d78                settings_set_rumble
 .text.settings_load
                0x10000d9c       0x78 CMakeFiles/THINGAMAPRO_RP2040.dir/lib/HOJA-LIB-RP2040/src/hoja_settings.c.obj
                0x10000d9c                settings_load
 .text.settings_set_centers
                0x10000e14       0x14 CMakeFiles/THINGAMAPRO_RP2040.dir/lib/HOJA-LIB-RP2040/src/hoja_settings.c.obj
                0x10000e14                settings_set_centers
 .text.settings_set_distances
                0x10000e28       0x24 CMakeFiles/THINGAMAPRO_RP2040.dir/lib/HOJA-LIB-RP2040/src/hoja_settings.c.obj
                0x10000e28                settings_set_distances
 .text.settings_set_angles
                0x10000e4c       0x24 CMakeFiles/THINGAMAPRO_RP2040.dir/lib/HOJA-LIB-RP2040/src/hoja_settings.c.obj
                0x10000e4c                settings_set_angles
 .text.hoja_comms_task
                0x10000e70       0x14 CMakeFiles/THINGAMAPRO_RP2040.dir/lib/HOJA-LIB-RP2040/src/hoja_comms.c.obj
                0x10000e70                hoja_comms_task
 .text.hoja_comms_current_mode
                0x10000e84        0xc CMakeFiles/THINGAMAPRO_RP2040.dir/lib/HOJA-LIB-RP2040/src/hoja_comms.c.obj
                0x10000e84                hoja_comms_current_mode
 .text.hoja_comms_init
                0x10000e90       0x74 CMakeFiles/THINGAMAPRO_RP2040.dir/lib/HOJA-LIB-RP2040/src/hoja_comms.c.obj
                0x10000e90                hoja_comms_init
 .text.rgb_set_brightness
                0x10000f04        0x2 CMakeFiles/THINGAMAPRO_RP2040.dir/lib/HOJA-LIB-RP2040/src/utilities/rgb.c.obj
                0x10000f04                rgb_set_brightness
 .text.rgb_set_dirty
                0x10000f06        0x2 CMakeFiles/THINGAMAPRO_RP2040.dir/lib/HOJA-LIB-RP2040/src/utilities/rgb.c.obj
                0x10000f06                rgb_set_dirty
 .text.rgb_set_all
                0x10000f08        0x2 CMakeFiles/THINGAMAPRO_RP2040.dir/lib/HOJA-LIB-RP2040/src/utilities/rgb.c.obj
                0x10000f08                rgb_set_all
 .text.rgb_preset_reload
                0x10000f0a        0x2 CMakeFiles/THINGAMAPRO_RP2040.dir/lib/HOJA-LIB-RP2040/src/utilities/rgb.c.obj
                0x10000f0a                rgb_preset_reload
 .text.rgb_load_preset
                0x10000f0c        0x2 CMakeFiles/THINGAMAPRO_RP2040.dir/lib/HOJA-LIB-RP2040/src/utilities/rgb.c.obj
                0x10000f0c                rgb_load_preset
 .text.rgb_set_group
                0x10000f0e        0x2 CMakeFiles/THINGAMAPRO_RP2040.dir/lib/HOJA-LIB-RP2040/src/utilities/rgb.c.obj
                0x10000f0e                rgb_set_group
 .text.rgb_init
                0x10000f10        0x2 CMakeFiles/THINGAMAPRO_RP2040.dir/lib/HOJA-LIB-RP2040/src/utilities/rgb.c.obj
                0x10000f10                rgb_init
 .text.rgb_task
                0x10000f12        0x2 CMakeFiles/THINGAMAPRO_RP2040.dir/lib/HOJA-LIB-RP2040/src/utilities/rgb.c.obj
                0x10000f12                rgb_task
 .text.util_battery_monitor_task_usb
                0x10000f14        0x2 CMakeFiles/THINGAMAPRO_RP2040.dir/lib/HOJA-LIB-RP2040/src/utilities/battery.c.obj
                0x10000f14                util_battery_monitor_task_usb
 .text.util_battery_enable_ship_mode
                0x10000f16       0x12 CMakeFiles/THINGAMAPRO_RP2040.dir/lib/HOJA-LIB-RP2040/src/utilities/battery.c.obj
                0x10000f16                util_battery_enable_ship_mode
 .text.util_battery_set_charge_rate
                0x10000f28       0x38 CMakeFiles/THINGAMAPRO_RP2040.dir/lib/HOJA-LIB-RP2040/src/utilities/battery.c.obj
                0x10000f28                util_battery_set_charge_rate
 .text.util_wire_connected
                0x10000f60       0x10 CMakeFiles/THINGAMAPRO_RP2040.dir/lib/HOJA-LIB-RP2040/src/utilities/battery.c.obj
                0x10000f60                util_wire_connected
 .text.tud_descriptor_bos_cb
                0x10000f70       0x1c CMakeFiles/THINGAMAPRO_RP2040.dir/lib/HOJA-LIB-RP2040/src/usb/desc_bos.c.obj
                0x10000f70                tud_descriptor_bos_cb
 .text.tud_hid_ready
                0x10000f8c        0xa CMakeFiles/THINGAMAPRO_RP2040.dir/lib/HOJA-LIB-RP2040/src/usb/hoja_usb.c.obj
 *fill*         0x10000f96        0x2 
 .text.usbd_app_driver_get_cb
                0x10000f98       0x24 CMakeFiles/THINGAMAPRO_RP2040.dir/lib/HOJA-LIB-RP2040/src/usb/hoja_usb.c.obj
                0x10000f98                usbd_app_driver_get_cb
 .text._hoja_usb_set_interval
                0x10000fbc        0xc CMakeFiles/THINGAMAPRO_RP2040.dir/lib/HOJA-LIB-RP2040/src/usb/hoja_usb.c.obj
                0x10000fbc                _hoja_usb_set_interval
 .text.hoja_usb_start
                0x10000fc8       0x80 CMakeFiles/THINGAMAPRO_RP2040.dir/lib/HOJA-LIB-RP2040/src/usb/hoja_usb.c.obj
                0x10000fc8                hoja_usb_start
 .text.hoja_usb_task
                0x10001048       0xac CMakeFiles/THINGAMAPRO_RP2040.dir/lib/HOJA-LIB-RP2040/src/usb/hoja_usb.c.obj
                0x10001048                hoja_usb_task
 .text.tud_descriptor_device_cb
                0x100010f4       0x2c CMakeFiles/THINGAMAPRO_RP2040.dir/lib/HOJA-LIB-RP2040/src/usb/hoja_usb.c.obj
                0x100010f4                tud_descriptor_device_cb
 .text.tud_descriptor_configuration_cb
                0x10001120       0x2c CMakeFiles/THINGAMAPRO_RP2040.dir/lib/HOJA-LIB-RP2040/src/usb/hoja_usb.c.obj
                0x10001120                tud_descriptor_configuration_cb
 .text.tud_hid_get_report_cb
                0x1000114c        0x4 CMakeFiles/THINGAMAPRO_RP2040.dir/lib/HOJA-LIB-RP2040/src/usb/hoja_usb.c.obj
                0x1000114c                tud_hid_get_report_cb
 .text.tud_hid_report_complete_cb
                0x10001150        0xc CMakeFiles/THINGAMAPRO_RP2040.dir/lib/HOJA-LIB-RP2040/src/usb/hoja_usb.c.obj
                0x10001150                tud_hid_report_complete_cb
 .text.tud_hid_set_report_cb
                0x1000115c       0x9c CMakeFiles/THINGAMAPRO_RP2040.dir/lib/HOJA-LIB-RP2040/src/usb/hoja_usb.c.obj
                0x1000115c                tud_hid_set_report_cb
 .text.tud_hid_descriptor_report_cb
                0x100011f8       0x20 CMakeFiles/THINGAMAPRO_RP2040.dir/lib/HOJA-LIB-RP2040/src/usb/hoja_usb.c.obj
                0x100011f8                tud_hid_descriptor_report_cb
 .text.tud_descriptor_string_cb
                0x10001218       0x9c CMakeFiles/THINGAMAPRO_RP2040.dir/lib/HOJA-LIB-RP2040/src/usb/hoja_usb.c.obj
                0x10001218                tud_descriptor_string_cb
 .text.tud_vendor_rx_cb
                0x100012b4       0x38 CMakeFiles/THINGAMAPRO_RP2040.dir/lib/HOJA-LIB-RP2040/src/usb/hoja_usb.c.obj
                0x100012b4                tud_vendor_rx_cb
 .text.tud_vendor_control_xfer_cb
                0x100012ec      0x100 CMakeFiles/THINGAMAPRO_RP2040.dir/lib/HOJA-LIB-RP2040/src/usb/hoja_usb.c.obj
                0x100012ec                tud_vendor_control_xfer_cb
 .text.xinputd_control_xfer_cb
                0x100013ec        0x4 CMakeFiles/THINGAMAPRO_RP2040.dir/lib/HOJA-LIB-RP2040/src/usb/xinput_device.c.obj
                0x100013ec                xinputd_control_xfer_cb
 .text.xinputd_reset
                0x100013f0       0x14 CMakeFiles/THINGAMAPRO_RP2040.dir/lib/HOJA-LIB-RP2040/src/usb/xinput_device.c.obj
                0x100013f0                xinputd_reset
 .text.xinputd_init
                0x10001404        0xa CMakeFiles/THINGAMAPRO_RP2040.dir/lib/HOJA-LIB-RP2040/src/usb/xinput_device.c.obj
                0x10001404                xinputd_init
 *fill*         0x1000140e        0x2 
 .text.xinputd_open
                0x10001410       0x70 CMakeFiles/THINGAMAPRO_RP2040.dir/lib/HOJA-LIB-RP2040/src/usb/xinput_device.c.obj
                0x10001410                xinputd_open
 .text.xinputd_xfer_cb
                0x10001480       0x68 CMakeFiles/THINGAMAPRO_RP2040.dir/lib/HOJA-LIB-RP2040/src/usb/xinput_device.c.obj
                0x10001480                xinputd_xfer_cb
 .text.tud_xinput_getout
                0x100014e8       0x54 CMakeFiles/THINGAMAPRO_RP2040.dir/lib/HOJA-LIB-RP2040/src/usb/xinput_device.c.obj
                0x100014e8                tud_xinput_getout
 .text.tud_xinput_report
                0x1000153c       0x58 CMakeFiles/THINGAMAPRO_RP2040.dir/lib/HOJA-LIB-RP2040/src/usb/xinput_device.c.obj
                0x1000153c                tud_xinput_report
 .text.tud_xinput_ready
                0x10001594       0x48 CMakeFiles/THINGAMAPRO_RP2040.dir/lib/HOJA-LIB-RP2040/src/usb/xinput_device.c.obj
                0x10001594                tud_xinput_ready
 .text.ginputd_reset
                0x100015dc       0x14 CMakeFiles/THINGAMAPRO_RP2040.dir/lib/HOJA-LIB-RP2040/src/usb/ginput_device.c.obj
                0x100015dc                ginputd_reset
 .text.ginputd_init
                0x100015f0        0xa CMakeFiles/THINGAMAPRO_RP2040.dir/lib/HOJA-LIB-RP2040/src/usb/ginput_device.c.obj
                0x100015f0                ginputd_init
 *fill*         0x100015fa        0x2 
 .text.ginputd_open
                0x100015fc       0xc4 CMakeFiles/THINGAMAPRO_RP2040.dir/lib/HOJA-LIB-RP2040/src/usb/ginput_device.c.obj
                0x100015fc                ginputd_open
 .text.ginputd_xfer_cb
                0x100016c0       0x84 CMakeFiles/THINGAMAPRO_RP2040.dir/lib/HOJA-LIB-RP2040/src/usb/ginput_device.c.obj
                0x100016c0                ginputd_xfer_cb
 .text.ginputd_control_xfer_cb
                0x10001744      0x28c CMakeFiles/THINGAMAPRO_RP2040.dir/lib/HOJA-LIB-RP2040/src/usb/ginput_device.c.obj
                0x10001744                ginputd_control_xfer_cb
 .text.tud_ginput_n_ready
                0x100019d0       0x50 CMakeFiles/THINGAMAPRO_RP2040.dir/lib/HOJA-LIB-RP2040/src/usb/ginput_device.c.obj
                0x100019d0                tud_ginput_n_ready
 .text.tud_ginput_ready
                0x10001a20        0xa CMakeFiles/THINGAMAPRO_RP2040.dir/lib/HOJA-LIB-RP2040/src/usb/ginput_device.c.obj
                0x10001a20                tud_ginput_ready
 *fill*         0x10001a2a        0x2 
 .text.tud_ginput_n_report
                0x10001a2c       0x94 CMakeFiles/THINGAMAPRO_RP2040.dir/lib/HOJA-LIB-RP2040/src/usb/ginput_device.c.obj
                0x10001a2c                tud_ginput_n_report
 .text.tud_ginput_report
                0x10001ac0       0x10 CMakeFiles/THINGAMAPRO_RP2040.dir/lib/HOJA-LIB-RP2040/src/usb/ginput_device.c.obj
                0x10001ac0                tud_ginput_report
 .text.switch_analog_encode
                0x10001ad0       0x16 CMakeFiles/THINGAMAPRO_RP2040.dir/lib/HOJA-LIB-RP2040/src/switch/switch_analog.c.obj
                0x10001ad0                switch_analog_encode
 *fill*         0x10001ae6        0x2 
 .text.switch_analog_calibration_init
                0x10001ae8       0x50 CMakeFiles/THINGAMAPRO_RP2040.dir/lib/HOJA-LIB-RP2040/src/switch/switch_analog.c.obj
                0x10001ae8                switch_analog_calibration_init
 .text.clear_report
                0x10001b38       0x14 CMakeFiles/THINGAMAPRO_RP2040.dir/lib/HOJA-LIB-RP2040/src/switch/switch_commands.c.obj
                0x10001b38                clear_report
 .text.set_report_id
                0x10001b4c        0xc CMakeFiles/THINGAMAPRO_RP2040.dir/lib/HOJA-LIB-RP2040/src/switch/switch_commands.c.obj
                0x10001b4c                set_report_id
 .text.set_ack  0x10001b58        0xc CMakeFiles/THINGAMAPRO_RP2040.dir/lib/HOJA-LIB-RP2040/src/switch/switch_commands.c.obj
                0x10001b58                set_ack
 .text.set_command
                0x10001b64        0xc CMakeFiles/THINGAMAPRO_RP2040.dir/lib/HOJA-LIB-RP2040/src/switch/switch_commands.c.obj
                0x10001b64                set_command
 .text.set_timer
                0x10001b70       0x28 CMakeFiles/THINGAMAPRO_RP2040.dir/lib/HOJA-LIB-RP2040/src/switch/switch_commands.c.obj
                0x10001b70                set_timer
 .text.set_battconn
                0x10001b98       0x14 CMakeFiles/THINGAMAPRO_RP2040.dir/lib/HOJA-LIB-RP2040/src/switch/switch_commands.c.obj
                0x10001b98                set_battconn
 .text.set_devinfo
                0x10001bac       0x1c CMakeFiles/THINGAMAPRO_RP2040.dir/lib/HOJA-LIB-RP2040/src/switch/switch_commands.c.obj
                0x10001bac                set_devinfo
 .text.set_sub_triggertime
                0x10001bc8       0x24 CMakeFiles/THINGAMAPRO_RP2040.dir/lib/HOJA-LIB-RP2040/src/switch/switch_commands.c.obj
                0x10001bc8                set_sub_triggertime
 .text.shouldControllerRumble
                0x10001bec       0x36 CMakeFiles/THINGAMAPRO_RP2040.dir/lib/HOJA-LIB-RP2040/src/switch/switch_commands.c.obj
                0x10001bec                shouldControllerRumble
 *fill*         0x10001c22        0x2 
 .text.rumble_translate
                0x10001c24       0x84 CMakeFiles/THINGAMAPRO_RP2040.dir/lib/HOJA-LIB-RP2040/src/switch/switch_commands.c.obj
                0x10001c24                rumble_translate
 .text.info_set_mac
                0x10001ca8       0x34 CMakeFiles/THINGAMAPRO_RP2040.dir/lib/HOJA-LIB-RP2040/src/switch/switch_commands.c.obj
                0x10001ca8                info_set_mac
 .text.info_handler
                0x10001cdc       0x4c CMakeFiles/THINGAMAPRO_RP2040.dir/lib/HOJA-LIB-RP2040/src/switch/switch_commands.c.obj
                0x10001cdc                info_handler
 .text.pairing_set
                0x10001d28       0xc0 CMakeFiles/THINGAMAPRO_RP2040.dir/lib/HOJA-LIB-RP2040/src/switch/switch_commands.c.obj
                0x10001d28                pairing_set
 .text.command_handler
                0x10001de8      0x22c CMakeFiles/THINGAMAPRO_RP2040.dir/lib/HOJA-LIB-RP2040/src/switch/switch_commands.c.obj
                0x10001de8                command_handler
 .text.report_handler
                0x10002014       0x44 CMakeFiles/THINGAMAPRO_RP2040.dir/lib/HOJA-LIB-RP2040/src/switch/switch_commands.c.obj
                0x10002014                report_handler
 .text._unknown_thing
                0x10002058       0x2c CMakeFiles/THINGAMAPRO_RP2040.dir/lib/HOJA-LIB-RP2040/src/switch/switch_commands.c.obj
                0x10002058                _unknown_thing
 .text.switch_commands_process
                0x10002084       0xb8 CMakeFiles/THINGAMAPRO_RP2040.dir/lib/HOJA-LIB-RP2040/src/switch/switch_commands.c.obj
                0x10002084                switch_commands_process
 .text.switch_commands_future_handle
                0x1000213c       0x28 CMakeFiles/THINGAMAPRO_RP2040.dir/lib/HOJA-LIB-RP2040/src/switch/switch_commands.c.obj
                0x1000213c                switch_commands_future_handle
 .text.switch_commands_bulkset
                0x10002164       0x10 CMakeFiles/THINGAMAPRO_RP2040.dir/lib/HOJA-LIB-RP2040/src/switch/switch_commands.c.obj
                0x10002164                switch_commands_bulkset
 .text.sw_spi_getaddressdata
                0x10002174      0x18c CMakeFiles/THINGAMAPRO_RP2040.dir/lib/HOJA-LIB-RP2040/src/switch/switch_spi.c.obj
                0x10002174                sw_spi_getaddressdata
 .text.sw_spi_readfromaddress
                0x10002300       0x50 CMakeFiles/THINGAMAPRO_RP2040.dir/lib/HOJA-LIB-RP2040/src/switch/switch_spi.c.obj
                0x10002300                sw_spi_readfromaddress
 .text._imu_average_value
                0x10002350       0x30 CMakeFiles/THINGAMAPRO_RP2040.dir/lib/HOJA-LIB-RP2040/src/input/imu.c.obj
                0x10002350                _imu_average_value
 .text.imu_calibrate_start
                0x10002380       0x88 CMakeFiles/THINGAMAPRO_RP2040.dir/lib/HOJA-LIB-RP2040/src/input/imu.c.obj
                0x10002380                imu_calibrate_start
 .text.imu_calibrate_stop
                0x10002408       0x20 CMakeFiles/THINGAMAPRO_RP2040.dir/lib/HOJA-LIB-RP2040/src/input/imu.c.obj
                0x10002408                imu_calibrate_stop
 .text._imu_calibrate_task
                0x10002428       0x88 CMakeFiles/THINGAMAPRO_RP2040.dir/lib/HOJA-LIB-RP2040/src/input/imu.c.obj
                0x10002428                _imu_calibrate_task
 .text._imu_process_8
                0x100024b0        0x8 CMakeFiles/THINGAMAPRO_RP2040.dir/lib/HOJA-LIB-RP2040/src/input/imu.c.obj
                0x100024b0                _imu_process_8
 .text.imu_switch_buffer_out
                0x100024b8       0xe8 CMakeFiles/THINGAMAPRO_RP2040.dir/lib/HOJA-LIB-RP2040/src/input/imu.c.obj
                0x100024b8                imu_switch_buffer_out
 .text.imu_set_enabled
                0x100025a0        0xc CMakeFiles/THINGAMAPRO_RP2040.dir/lib/HOJA-LIB-RP2040/src/input/imu.c.obj
                0x100025a0                imu_set_enabled
 .text.imu_task
                0x100025ac      0x200 CMakeFiles/THINGAMAPRO_RP2040.dir/lib/HOJA-LIB-RP2040/src/input/imu.c.obj
                0x100025ac                imu_task
 .text._remap_load_remap
                0x100027ac       0x58 CMakeFiles/THINGAMAPRO_RP2040.dir/lib/HOJA-LIB-RP2040/src/input/remap.c.obj
                0x100027ac                _remap_load_remap
 .text._remap_pack_remap
                0x10002804       0xda CMakeFiles/THINGAMAPRO_RP2040.dir/lib/HOJA-LIB-RP2040/src/input/remap.c.obj
                0x10002804                _remap_pack_remap
 .text._remap_unpack_remap
                0x100028de       0x72 CMakeFiles/THINGAMAPRO_RP2040.dir/lib/HOJA-LIB-RP2040/src/input/remap.c.obj
                0x100028de                _remap_unpack_remap
 .text.remap_reset_default
                0x10002950       0x74 CMakeFiles/THINGAMAPRO_RP2040.dir/lib/HOJA-LIB-RP2040/src/input/remap.c.obj
                0x10002950                remap_reset_default
 .text.remap_init
                0x100029c4       0x3c CMakeFiles/THINGAMAPRO_RP2040.dir/lib/HOJA-LIB-RP2040/src/input/remap.c.obj
                0x100029c4                remap_init
 .text.remap_set_gc_sp
                0x10002a00       0x10 CMakeFiles/THINGAMAPRO_RP2040.dir/lib/HOJA-LIB-RP2040/src/input/remap.c.obj
                0x10002a00                remap_set_gc_sp
 .text.remap_listen_stop
                0x10002a10       0x20 CMakeFiles/THINGAMAPRO_RP2040.dir/lib/HOJA-LIB-RP2040/src/input/remap.c.obj
                0x10002a10                remap_listen_stop
 .text.remap_send_data_webusb
                0x10002a30       0xf0 CMakeFiles/THINGAMAPRO_RP2040.dir/lib/HOJA-LIB-RP2040/src/input/remap.c.obj
                0x10002a30                remap_send_data_webusb
 .text._remap_listener
                0x10002b20       0xec CMakeFiles/THINGAMAPRO_RP2040.dir/lib/HOJA-LIB-RP2040/src/input/remap.c.obj
                0x10002b20                _remap_listener
 .text.remap_listen_enable
                0x10002c0c       0x40 CMakeFiles/THINGAMAPRO_RP2040.dir/lib/HOJA-LIB-RP2040/src/input/remap.c.obj
                0x10002c0c                remap_listen_enable
 .text.remap_buttons_task
                0x10002c4c      0x470 CMakeFiles/THINGAMAPRO_RP2040.dir/lib/HOJA-LIB-RP2040/src/input/remap.c.obj
                0x10002c4c                remap_buttons_task
 .text._add_axis
                0x100030bc      0x230 CMakeFiles/THINGAMAPRO_RP2040.dir/lib/HOJA-LIB-RP2040/src/input/snapback.c.obj
                0x100030bc                _add_axis
 .text.snapback_process
                0x100032ec       0x54 CMakeFiles/THINGAMAPRO_RP2040.dir/lib/HOJA-LIB-RP2040/src/input/snapback.c.obj
                0x100032ec                snapback_process
 .text._snapback_add_value
                0x10003340       0x30 CMakeFiles/THINGAMAPRO_RP2040.dir/lib/HOJA-LIB-RP2040/src/input/snapback.c.obj
                0x10003340                _snapback_add_value
 .text.snapback_webcapture_task
                0x10003370      0x138 CMakeFiles/THINGAMAPRO_RP2040.dir/lib/HOJA-LIB-RP2040/src/input/snapback.c.obj
                0x10003370                snapback_webcapture_task
 .text._stick_angle_adjust
                0x100034a8       0x3c CMakeFiles/THINGAMAPRO_RP2040.dir/lib/HOJA-LIB-RP2040/src/input/stick_scaling.c.obj
                0x100034a8                _stick_angle_adjust
 .text._stick_get_octant_adjusted
                0x100034e4       0x18 CMakeFiles/THINGAMAPRO_RP2040.dir/lib/HOJA-LIB-RP2040/src/input/stick_scaling.c.obj
                0x100034e4                _stick_get_octant_adjusted
 .text._stick_get_octant
                0x100034fc       0xcc CMakeFiles/THINGAMAPRO_RP2040.dir/lib/HOJA-LIB-RP2040/src/input/stick_scaling.c.obj
                0x100034fc                _stick_get_octant
 .text._stick_get_angle
                0x100035c8       0x70 CMakeFiles/THINGAMAPRO_RP2040.dir/lib/HOJA-LIB-RP2040/src/input/stick_scaling.c.obj
                0x100035c8                _stick_get_angle
 .text._stick_get_distance
                0x10003638       0x56 CMakeFiles/THINGAMAPRO_RP2040.dir/lib/HOJA-LIB-RP2040/src/input/stick_scaling.c.obj
                0x10003638                _stick_get_distance
 *fill*         0x1000368e        0x2 
 .text._stick_normalized_vector
                0x10003690       0x40 CMakeFiles/THINGAMAPRO_RP2040.dir/lib/HOJA-LIB-RP2040/src/input/stick_scaling.c.obj
                0x10003690                _stick_normalized_vector
 .text._stick_angle_distance_scaled
                0x100036d0      0x150 CMakeFiles/THINGAMAPRO_RP2040.dir/lib/HOJA-LIB-RP2040/src/input/stick_scaling.c.obj
                0x100036d0                _stick_angle_distance_scaled
 .text._stick_calculate_distance_scalers
                0x10003820       0x24 CMakeFiles/THINGAMAPRO_RP2040.dir/lib/HOJA-LIB-RP2040/src/input/stick_scaling.c.obj
                0x10003820                _stick_calculate_distance_scalers
 .text.stick_scaling_get_settings
                0x10003844       0x90 CMakeFiles/THINGAMAPRO_RP2040.dir/lib/HOJA-LIB-RP2040/src/input/stick_scaling.c.obj
                0x10003844                stick_scaling_get_settings
 .text.stick_scaling_set_settings
                0x100038d4       0x48 CMakeFiles/THINGAMAPRO_RP2040.dir/lib/HOJA-LIB-RP2040/src/input/stick_scaling.c.obj
                0x100038d4                stick_scaling_set_settings
 .text.stick_scaling_init
                0x1000391c       0x24 CMakeFiles/THINGAMAPRO_RP2040.dir/lib/HOJA-LIB-RP2040/src/input/stick_scaling.c.obj
                0x1000391c                stick_scaling_init
 .text.stick_scaling_reset_distances
                0x10003940       0x48 CMakeFiles/THINGAMAPRO_RP2040.dir/lib/HOJA-LIB-RP2040/src/input/stick_scaling.c.obj
                0x10003940                stick_scaling_reset_distances
 .text.stick_scaling_capture_distances
                0x10003988      0x178 CMakeFiles/THINGAMAPRO_RP2040.dir/lib/HOJA-LIB-RP2040/src/input/stick_scaling.c.obj
                0x10003988                stick_scaling_capture_distances
 .text.stick_scaling_capture_center
                0x10003b00       0x2c CMakeFiles/THINGAMAPRO_RP2040.dir/lib/HOJA-LIB-RP2040/src/input/stick_scaling.c.obj
                0x10003b00                stick_scaling_capture_center
 .text.stick_scaling_capture_angle
                0x10003b2c      0x134 CMakeFiles/THINGAMAPRO_RP2040.dir/lib/HOJA-LIB-RP2040/src/input/stick_scaling.c.obj
                0x10003b2c                stick_scaling_capture_angle
 .text.stick_scaling_process_data
                0x10003c60       0xe0 CMakeFiles/THINGAMAPRO_RP2040.dir/lib/HOJA-LIB-RP2040/src/input/stick_scaling.c.obj
                0x10003c60                stick_scaling_process_data
 .text.analog_send_reset
                0x10003d40       0x24 CMakeFiles/THINGAMAPRO_RP2040.dir/lib/HOJA-LIB-RP2040/src/input/analog.c.obj
                0x10003d40                analog_send_reset
 .text.analog_calibrate_start
                0x10003d64       0x30 CMakeFiles/THINGAMAPRO_RP2040.dir/lib/HOJA-LIB-RP2040/src/input/analog.c.obj
                0x10003d64                analog_calibrate_start
 .text.analog_init
                0x10003d94       0x40 CMakeFiles/THINGAMAPRO_RP2040.dir/lib/HOJA-LIB-RP2040/src/input/analog.c.obj
                0x10003d94                analog_init
 .text.analog_calibrate_stop
                0x10003dd4       0x34 CMakeFiles/THINGAMAPRO_RP2040.dir/lib/HOJA-LIB-RP2040/src/input/analog.c.obj
                0x10003dd4                analog_calibrate_stop
 .text.analog_calibrate_save
                0x10003e08       0x3c CMakeFiles/THINGAMAPRO_RP2040.dir/lib/HOJA-LIB-RP2040/src/input/analog.c.obj
                0x10003e08                analog_calibrate_save
 .text.analog_calibrate_angle
                0x10003e44       0x10 CMakeFiles/THINGAMAPRO_RP2040.dir/lib/HOJA-LIB-RP2040/src/input/analog.c.obj
                0x10003e44                analog_calibrate_angle
 .text._analog_calibrate_loop
                0x10003e54       0x64 CMakeFiles/THINGAMAPRO_RP2040.dir/lib/HOJA-LIB-RP2040/src/input/analog.c.obj
                0x10003e54                _analog_calibrate_loop
 .text._analog_distance_check
                0x10003eb8       0x44 CMakeFiles/THINGAMAPRO_RP2040.dir/lib/HOJA-LIB-RP2040/src/input/analog.c.obj
                0x10003eb8                _analog_distance_check
 .text.analog_task
                0x10003efc       0xe0 CMakeFiles/THINGAMAPRO_RP2040.dir/lib/HOJA-LIB-RP2040/src/input/analog.c.obj
                0x10003efc                analog_task
 .text.macro_handler_task
                0x10003fdc      0x108 CMakeFiles/THINGAMAPRO_RP2040.dir/lib/HOJA-LIB-RP2040/src/input/macros.c.obj
                0x10003fdc                macro_handler_task
 .text.macro_safe_mode_check
                0x100040e4        0xc CMakeFiles/THINGAMAPRO_RP2040.dir/lib/HOJA-LIB-RP2040/src/input/macros.c.obj
                0x100040e4                macro_safe_mode_check
 .text.gcinput_hid_report
                0x100040f0      0x370 CMakeFiles/THINGAMAPRO_RP2040.dir/lib/HOJA-LIB-RP2040/src/devices/gcinput.c.obj
                0x100040f0                gcinput_hid_report
 .text.joybus_program_init
                0x10004460      0x1a0 CMakeFiles/THINGAMAPRO_RP2040.dir/lib/HOJA-LIB-RP2040/src/devices/gamecube.c.obj
 .text._gamecube_isr_txdone
                0x10004600       0x54 CMakeFiles/THINGAMAPRO_RP2040.dir/lib/HOJA-LIB-RP2040/src/devices/gamecube.c.obj
 .text._gamecube_send_probe
                0x10004654       0x34 CMakeFiles/THINGAMAPRO_RP2040.dir/lib/HOJA-LIB-RP2040/src/devices/gamecube.c.obj
                0x10004654                _gamecube_send_probe
 .text._gamecube_send_origin
                0x10004688       0x9c CMakeFiles/THINGAMAPRO_RP2040.dir/lib/HOJA-LIB-RP2040/src/devices/gamecube.c.obj
                0x10004688                _gamecube_send_origin
 .text._gamecube_send_poll
                0x10004724       0xa0 CMakeFiles/THINGAMAPRO_RP2040.dir/lib/HOJA-LIB-RP2040/src/devices/gamecube.c.obj
                0x10004724                _gamecube_send_poll
 .text._gamecube_reset_state
                0x100047c4       0x48 CMakeFiles/THINGAMAPRO_RP2040.dir/lib/HOJA-LIB-RP2040/src/devices/gamecube.c.obj
                0x100047c4                _gamecube_reset_state
 .text._gamecube_isr_handler
                0x1000480c       0x34 CMakeFiles/THINGAMAPRO_RP2040.dir/lib/HOJA-LIB-RP2040/src/devices/gamecube.c.obj
 .text.gamecube_comms_task
                0x10004840      0x444 CMakeFiles/THINGAMAPRO_RP2040.dir/lib/HOJA-LIB-RP2040/src/devices/gamecube.c.obj
                0x10004840                gamecube_comms_task
 .text.joybus_program_init
                0x10004c84      0x1a0 CMakeFiles/THINGAMAPRO_RP2040.dir/lib/HOJA-LIB-RP2040/src/devices/n64.c.obj
 .text._n64_isr_txdone
                0x10004e24       0x54 CMakeFiles/THINGAMAPRO_RP2040.dir/lib/HOJA-LIB-RP2040/src/devices/n64.c.obj
 .text._n64_get_crc
                0x10004e78       0x10 CMakeFiles/THINGAMAPRO_RP2040.dir/lib/HOJA-LIB-RP2040/src/devices/n64.c.obj
                0x10004e78                _n64_get_crc
 .text._n64_send_probe
                0x10004e88       0x34 CMakeFiles/THINGAMAPRO_RP2040.dir/lib/HOJA-LIB-RP2040/src/devices/n64.c.obj
                0x10004e88                _n64_send_probe
 .text._n64_send_pak_write
                0x10004ebc       0x1c CMakeFiles/THINGAMAPRO_RP2040.dir/lib/HOJA-LIB-RP2040/src/devices/n64.c.obj
                0x10004ebc                _n64_send_pak_write
 .text._n64_send_poll
                0x10004ed8       0x5c CMakeFiles/THINGAMAPRO_RP2040.dir/lib/HOJA-LIB-RP2040/src/devices/n64.c.obj
                0x10004ed8                _n64_send_poll
 .text._n64_isr_handler
                0x10004f34       0x34 CMakeFiles/THINGAMAPRO_RP2040.dir/lib/HOJA-LIB-RP2040/src/devices/n64.c.obj
 .text._n64_reset_state
                0x10004f68       0x48 CMakeFiles/THINGAMAPRO_RP2040.dir/lib/HOJA-LIB-RP2040/src/devices/n64.c.obj
                0x10004f68                _n64_reset_state
 .text.n64_comms_task
                0x10004fb0      0x254 CMakeFiles/THINGAMAPRO_RP2040.dir/lib/HOJA-LIB-RP2040/src/devices/n64.c.obj
                0x10004fb0                n64_comms_task
 .text.nspi_comms_task
                0x10005204        0x2 CMakeFiles/THINGAMAPRO_RP2040.dir/lib/HOJA-LIB-RP2040/src/devices/nspi.c.obj
                0x10005204                nspi_comms_task
 *fill*         0x10005206        0x2 
 .text.swpro_hid_report
                0x10005208      0x16c CMakeFiles/THINGAMAPRO_RP2040.dir/lib/HOJA-LIB-RP2040/src/devices/swpro.c.obj
                0x10005208                swpro_hid_report
 .text.webusb_output_enabled
                0x10005374        0xc CMakeFiles/THINGAMAPRO_RP2040.dir/lib/HOJA-LIB-RP2040/src/devices/webusb.c.obj
                0x10005374                webusb_output_enabled
 .text.webusb_enable_output
                0x10005380        0xc CMakeFiles/THINGAMAPRO_RP2040.dir/lib/HOJA-LIB-RP2040/src/devices/webusb.c.obj
                0x10005380                webusb_enable_output
 .text.webusb_ready_blocking
                0x1000538c       0x3e CMakeFiles/THINGAMAPRO_RP2040.dir/lib/HOJA-LIB-RP2040/src/devices/webusb.c.obj
                0x1000538c                webusb_ready_blocking
 *fill*         0x100053ca        0x2 
 .text.webusb_save_confirm
                0x100053cc       0x40 CMakeFiles/THINGAMAPRO_RP2040.dir/lib/HOJA-LIB-RP2040/src/devices/webusb.c.obj
                0x100053cc                webusb_save_confirm
 .text.webusb_input_report_task
                0x1000540c       0xdc CMakeFiles/THINGAMAPRO_RP2040.dir/lib/HOJA-LIB-RP2040/src/devices/webusb.c.obj
                0x1000540c                webusb_input_report_task
 .text.webusb_command_processor
                0x100054e8      0x348 CMakeFiles/THINGAMAPRO_RP2040.dir/lib/HOJA-LIB-RP2040/src/devices/webusb.c.obj
                0x100054e8                webusb_command_processor
 .text.sign_axis
                0x10005830       0x24 CMakeFiles/THINGAMAPRO_RP2040.dir/lib/HOJA-LIB-RP2040/src/devices/xinput.c.obj
                0x10005830                sign_axis
 .text.xinput_hid_report
                0x10005854      0x144 CMakeFiles/THINGAMAPRO_RP2040.dir/lib/HOJA-LIB-RP2040/src/devices/xinput.c.obj
                0x10005854                xinput_hid_report
 .text.gpio_set_function
                0x10005998       0x30 CMakeFiles/THINGAMAPRO_RP2040.dir/C_/Program_Files/Raspberry_Pi/Pico_SDK_v1.5.1/pico-sdk/src/rp2_common/hardware_gpio/gpio.c.obj
                0x10005998                gpio_set_function
 .text.gpio_set_pulls
                0x100059c8       0x34 CMakeFiles/THINGAMAPRO_RP2040.dir/C_/Program_Files/Raspberry_Pi/Pico_SDK_v1.5.1/pico-sdk/src/rp2_common/hardware_gpio/gpio.c.obj
                0x100059c8                gpio_set_pulls
 .text.gpio_init
                0x100059fc       0x16 CMakeFiles/THINGAMAPRO_RP2040.dir/C_/Program_Files/Raspberry_Pi/Pico_SDK_v1.5.1/pico-sdk/src/rp2_common/hardware_gpio/gpio.c.obj
                0x100059fc                gpio_init
 *fill*         0x10005a12        0x2 
 .text.running_on_fpga
                0x10005a14       0x14 CMakeFiles/THINGAMAPRO_RP2040.dir/C_/Program_Files/Raspberry_Pi/Pico_SDK_v1.5.1/pico-sdk/src/rp2_common/pico_platform/platform.c.obj
                0x10005a14                running_on_fpga
 .text.hw_claim_lock
                0x10005a28       0x18 CMakeFiles/THINGAMAPRO_RP2040.dir/C_/Program_Files/Raspberry_Pi/Pico_SDK_v1.5.1/pico-sdk/src/rp2_common/hardware_claim/claim.c.obj
                0x10005a28                hw_claim_lock
 .text.hw_claim_unlock
                0x10005a40       0x14 CMakeFiles/THINGAMAPRO_RP2040.dir/C_/Program_Files/Raspberry_Pi/Pico_SDK_v1.5.1/pico-sdk/src/rp2_common/hardware_claim/claim.c.obj
                0x10005a40                hw_claim_unlock
 .text.hw_claim_or_assert
                0x10005a54       0x32 CMakeFiles/THINGAMAPRO_RP2040.dir/C_/Program_Files/Raspberry_Pi/Pico_SDK_v1.5.1/pico-sdk/src/rp2_common/hardware_claim/claim.c.obj
                0x10005a54                hw_claim_or_assert
 .text.hw_claim_unused_from_range
                0x10005a86       0x50 CMakeFiles/THINGAMAPRO_RP2040.dir/C_/Program_Files/Raspberry_Pi/Pico_SDK_v1.5.1/pico-sdk/src/rp2_common/hardware_claim/claim.c.obj
                0x10005a86                hw_claim_unused_from_range
 *fill*         0x10005ad6        0x2 
 .text.spin_locks_reset
                0x10005ad8       0x20 CMakeFiles/THINGAMAPRO_RP2040.dir/C_/Program_Files/Raspberry_Pi/Pico_SDK_v1.5.1/pico-sdk/src/rp2_common/hardware_sync/sync.c.obj
                0x10005ad8                spin_locks_reset
 .text.next_striped_spin_lock_num
                0x10005af8       0x1c CMakeFiles/THINGAMAPRO_RP2040.dir/C_/Program_Files/Raspberry_Pi/Pico_SDK_v1.5.1/pico-sdk/src/rp2_common/hardware_sync/sync.c.obj
                0x10005af8                next_striped_spin_lock_num
 .text.spin_lock_claim_unused
                0x10005b14       0x20 CMakeFiles/THINGAMAPRO_RP2040.dir/C_/Program_Files/Raspberry_Pi/Pico_SDK_v1.5.1/pico-sdk/src/rp2_common/hardware_sync/sync.c.obj
                0x10005b14                spin_lock_claim_unused
 .text.set_raw_irq_handler_and_unlock
                0x10005b34       0x28 CMakeFiles/THINGAMAPRO_RP2040.dir/C_/Program_Files/Raspberry_Pi/Pico_SDK_v1.5.1/pico-sdk/src/rp2_common/hardware_irq/irq.c.obj
 .text.make_branch
                0x10005b5c       0x48 CMakeFiles/THINGAMAPRO_RP2040.dir/C_/Program_Files/Raspberry_Pi/Pico_SDK_v1.5.1/pico-sdk/src/rp2_common/hardware_irq/irq.c.obj
 .text.insert_branch_and_link
                0x10005ba4       0x40 CMakeFiles/THINGAMAPRO_RP2040.dir/C_/Program_Files/Raspberry_Pi/Pico_SDK_v1.5.1/pico-sdk/src/rp2_common/hardware_irq/irq.c.obj
 .text.irq_is_enabled
                0x10005be4       0x18 CMakeFiles/THINGAMAPRO_RP2040.dir/C_/Program_Files/Raspberry_Pi/Pico_SDK_v1.5.1/pico-sdk/src/rp2_common/hardware_irq/irq.c.obj
                0x10005be4                irq_is_enabled
 .text.irq_set_mask_enabled
                0x10005bfc       0x20 CMakeFiles/THINGAMAPRO_RP2040.dir/C_/Program_Files/Raspberry_Pi/Pico_SDK_v1.5.1/pico-sdk/src/rp2_common/hardware_irq/irq.c.obj
                0x10005bfc                irq_set_mask_enabled
 .text.irq_set_enabled
                0x10005c1c        0xe CMakeFiles/THINGAMAPRO_RP2040.dir/C_/Program_Files/Raspberry_Pi/Pico_SDK_v1.5.1/pico-sdk/src/rp2_common/hardware_irq/irq.c.obj
                0x10005c1c                irq_set_enabled
 *fill*         0x10005c2a        0x2 
 .text.irq_get_vtable_handler
                0x10005c2c       0x10 CMakeFiles/THINGAMAPRO_RP2040.dir/C_/Program_Files/Raspberry_Pi/Pico_SDK_v1.5.1/pico-sdk/src/rp2_common/hardware_irq/irq.c.obj
                0x10005c2c                irq_get_vtable_handler
 .text.irq_set_exclusive_handler
                0x10005c3c       0x54 CMakeFiles/THINGAMAPRO_RP2040.dir/C_/Program_Files/Raspberry_Pi/Pico_SDK_v1.5.1/pico-sdk/src/rp2_common/hardware_irq/irq.c.obj
                0x10005c3c                irq_set_exclusive_handler
 .text.irq_add_shared_handler
                0x10005c90      0x234 CMakeFiles/THINGAMAPRO_RP2040.dir/C_/Program_Files/Raspberry_Pi/Pico_SDK_v1.5.1/pico-sdk/src/rp2_common/hardware_irq/irq.c.obj
                0x10005c90                irq_add_shared_handler
 .text.irq_remove_handler
                0x10005ec4      0x1ac CMakeFiles/THINGAMAPRO_RP2040.dir/C_/Program_Files/Raspberry_Pi/Pico_SDK_v1.5.1/pico-sdk/src/rp2_common/hardware_irq/irq.c.obj
                0x10005ec4                irq_remove_handler
 .text.irq_add_tail_to_free_list
                0x10006070       0xf0 CMakeFiles/THINGAMAPRO_RP2040.dir/C_/Program_Files/Raspberry_Pi/Pico_SDK_v1.5.1/pico-sdk/src/rp2_common/hardware_irq/irq.c.obj
                0x10006070                irq_add_tail_to_free_list
 .text.irq_init_priorities
                0x10006160       0x1c CMakeFiles/THINGAMAPRO_RP2040.dir/C_/Program_Files/Raspberry_Pi/Pico_SDK_v1.5.1/pico-sdk/src/rp2_common/hardware_irq/irq.c.obj
                0x10006160                irq_init_priorities
 .text.lock_init
                0x1000617c       0x10 CMakeFiles/THINGAMAPRO_RP2040.dir/C_/Program_Files/Raspberry_Pi/Pico_SDK_v1.5.1/pico-sdk/src/common/pico_sync/lock_core.c.obj
                0x1000617c                lock_init
 .text.mutex_init
                0x1000618c       0x1a CMakeFiles/THINGAMAPRO_RP2040.dir/C_/Program_Files/Raspberry_Pi/Pico_SDK_v1.5.1/pico-sdk/src/common/pico_sync/mutex.c.obj
                0x1000618c                mutex_init
 .text.recursive_mutex_init
                0x100061a6       0x1e CMakeFiles/THINGAMAPRO_RP2040.dir/C_/Program_Files/Raspberry_Pi/Pico_SDK_v1.5.1/pico-sdk/src/common/pico_sync/mutex.c.obj
                0x100061a6                recursive_mutex_init
 .text.critical_section_init_with_lock_num
                0x100061c4       0x14 CMakeFiles/THINGAMAPRO_RP2040.dir/C_/Program_Files/Raspberry_Pi/Pico_SDK_v1.5.1/pico-sdk/src/common/pico_sync/critical_section.c.obj
                0x100061c4                critical_section_init_with_lock_num
 .text.critical_section_init
                0x100061d8       0x14 CMakeFiles/THINGAMAPRO_RP2040.dir/C_/Program_Files/Raspberry_Pi/Pico_SDK_v1.5.1/pico-sdk/src/common/pico_sync/critical_section.c.obj
                0x100061d8                critical_section_init
 .text.alarm_pool_post_alloc_init
                0x100061ec       0x40 CMakeFiles/THINGAMAPRO_RP2040.dir/C_/Program_Files/Raspberry_Pi/Pico_SDK_v1.5.1/pico-sdk/src/common/pico_time/time.c.obj
 .text.sleep_until_callback
                0x1000622c       0x30 CMakeFiles/THINGAMAPRO_RP2040.dir/C_/Program_Files/Raspberry_Pi/Pico_SDK_v1.5.1/pico-sdk/src/common/pico_time/time.c.obj
 .text.timer_pool_entry_comparator
                0x1000625c       0x7c CMakeFiles/THINGAMAPRO_RP2040.dir/C_/Program_Files/Raspberry_Pi/Pico_SDK_v1.5.1/pico-sdk/src/common/pico_time/time.c.obj
                0x1000625c                timer_pool_entry_comparator
 .text.ph_add_child_node
                0x100062d8       0xa4 CMakeFiles/THINGAMAPRO_RP2040.dir/C_/Program_Files/Raspberry_Pi/Pico_SDK_v1.5.1/pico-sdk/src/common/pico_time/time.c.obj
 .text.ph_merge_nodes
                0x1000637c       0x3e CMakeFiles/THINGAMAPRO_RP2040.dir/C_/Program_Files/Raspberry_Pi/Pico_SDK_v1.5.1/pico-sdk/src/common/pico_time/time.c.obj
 *fill*         0x100063ba        0x2 
 .text.add_alarm_under_lock
                0x100063bc      0x174 CMakeFiles/THINGAMAPRO_RP2040.dir/C_/Program_Files/Raspberry_Pi/Pico_SDK_v1.5.1/pico-sdk/src/common/pico_time/time.c.obj
 .text.alarm_pool_alarm_callback
                0x10006530      0x33c CMakeFiles/THINGAMAPRO_RP2040.dir/C_/Program_Files/Raspberry_Pi/Pico_SDK_v1.5.1/pico-sdk/src/common/pico_time/time.c.obj
 .text.alarm_pool_init_default
                0x1000686c       0x40 CMakeFiles/THINGAMAPRO_RP2040.dir/C_/Program_Files/Raspberry_Pi/Pico_SDK_v1.5.1/pico-sdk/src/common/pico_time/time.c.obj
                0x1000686c                alarm_pool_init_default
 .text.alarm_pool_get_default
                0x100068ac       0x2c CMakeFiles/THINGAMAPRO_RP2040.dir/C_/Program_Files/Raspberry_Pi/Pico_SDK_v1.5.1/pico-sdk/src/common/pico_time/time.c.obj
                0x100068ac                alarm_pool_get_default
 .text.alarm_pool_add_alarm_at
                0x100068d8      0x168 CMakeFiles/THINGAMAPRO_RP2040.dir/C_/Program_Files/Raspberry_Pi/Pico_SDK_v1.5.1/pico-sdk/src/common/pico_time/time.c.obj
                0x100068d8                alarm_pool_add_alarm_at
 .text.alarm_pool_cancel_alarm
                0x10006a40       0xf8 CMakeFiles/THINGAMAPRO_RP2040.dir/C_/Program_Files/Raspberry_Pi/Pico_SDK_v1.5.1/pico-sdk/src/common/pico_time/time.c.obj
                0x10006a40                alarm_pool_cancel_alarm
 .text.sleep_until
                0x10006b38       0xfc CMakeFiles/THINGAMAPRO_RP2040.dir/C_/Program_Files/Raspberry_Pi/Pico_SDK_v1.5.1/pico-sdk/src/common/pico_time/time.c.obj
                0x10006b38                sleep_until
 .text.sleep_us
                0x10006c34       0x58 CMakeFiles/THINGAMAPRO_RP2040.dir/C_/Program_Files/Raspberry_Pi/Pico_SDK_v1.5.1/pico-sdk/src/common/pico_time/time.c.obj
                0x10006c34                sleep_us
 .text.sleep_ms
                0x10006c8c       0x14 CMakeFiles/THINGAMAPRO_RP2040.dir/C_/Program_Files/Raspberry_Pi/Pico_SDK_v1.5.1/pico-sdk/src/common/pico_time/time.c.obj
                0x10006c8c                sleep_ms
 .text.best_effort_wfe_or_timeout
                0x10006ca0       0xac CMakeFiles/THINGAMAPRO_RP2040.dir/C_/Program_Files/Raspberry_Pi/Pico_SDK_v1.5.1/pico-sdk/src/common/pico_time/time.c.obj
                0x10006ca0                best_effort_wfe_or_timeout
 .text.hardware_alarm_irq_handler
                0x10006d4c       0x90 CMakeFiles/THINGAMAPRO_RP2040.dir/C_/Program_Files/Raspberry_Pi/Pico_SDK_v1.5.1/pico-sdk/src/rp2_common/hardware_timer/timer.c.obj
 .text.hardware_alarm_claim
                0x10006ddc       0x18 CMakeFiles/THINGAMAPRO_RP2040.dir/C_/Program_Files/Raspberry_Pi/Pico_SDK_v1.5.1/pico-sdk/src/rp2_common/hardware_timer/timer.c.obj
                0x10006ddc                hardware_alarm_claim
 .text.time_us_64
                0x10006df4       0x18 CMakeFiles/THINGAMAPRO_RP2040.dir/C_/Program_Files/Raspberry_Pi/Pico_SDK_v1.5.1/pico-sdk/src/rp2_common/hardware_timer/timer.c.obj
                0x10006df4                time_us_64
 .text.busy_wait_until
                0x10006e0c       0x28 CMakeFiles/THINGAMAPRO_RP2040.dir/C_/Program_Files/Raspberry_Pi/Pico_SDK_v1.5.1/pico-sdk/src/rp2_common/hardware_timer/timer.c.obj
                0x10006e0c                busy_wait_until
 .text.busy_wait_us
                0x10006e34       0x48 CMakeFiles/THINGAMAPRO_RP2040.dir/C_/Program_Files/Raspberry_Pi/Pico_SDK_v1.5.1/pico-sdk/src/rp2_common/hardware_timer/timer.c.obj
                0x10006e34                busy_wait_us
 .text.hardware_alarm_set_callback
                0x10006e7c       0x90 CMakeFiles/THINGAMAPRO_RP2040.dir/C_/Program_Files/Raspberry_Pi/Pico_SDK_v1.5.1/pico-sdk/src/rp2_common/hardware_timer/timer.c.obj
                0x10006e7c                hardware_alarm_set_callback
 .text.hardware_alarm_set_target
                0x10006f0c       0xe8 CMakeFiles/THINGAMAPRO_RP2040.dir/C_/Program_Files/Raspberry_Pi/Pico_SDK_v1.5.1/pico-sdk/src/rp2_common/hardware_timer/timer.c.obj
                0x10006f0c                hardware_alarm_set_target
 .text.hardware_alarm_cancel
                0x10006ff4       0x40 CMakeFiles/THINGAMAPRO_RP2040.dir/C_/Program_Files/Raspberry_Pi/Pico_SDK_v1.5.1/pico-sdk/src/rp2_common/hardware_timer/timer.c.obj
                0x10006ff4                hardware_alarm_cancel
 .text.ph_add_child_node
                0x10007034       0xa4 CMakeFiles/THINGAMAPRO_RP2040.dir/C_/Program_Files/Raspberry_Pi/Pico_SDK_v1.5.1/pico-sdk/src/common/pico_util/pheap.c.obj
 .text.ph_merge_nodes
                0x100070d8       0x3e CMakeFiles/THINGAMAPRO_RP2040.dir/C_/Program_Files/Raspberry_Pi/Pico_SDK_v1.5.1/pico-sdk/src/common/pico_util/pheap.c.obj
 *fill*         0x10007116        0x2 
 .text.ph_clear
                0x10007118       0x70 CMakeFiles/THINGAMAPRO_RP2040.dir/C_/Program_Files/Raspberry_Pi/Pico_SDK_v1.5.1/pico-sdk/src/common/pico_util/pheap.c.obj
                0x10007118                ph_clear
 .text.ph_post_alloc_init
                0x10007188        0xe CMakeFiles/THINGAMAPRO_RP2040.dir/C_/Program_Files/Raspberry_Pi/Pico_SDK_v1.5.1/pico-sdk/src/common/pico_util/pheap.c.obj
                0x10007188                ph_post_alloc_init
 *fill*         0x10007196        0x2 
 .text.ph_merge_two_pass
                0x10007198       0xa8 CMakeFiles/THINGAMAPRO_RP2040.dir/C_/Program_Files/Raspberry_Pi/Pico_SDK_v1.5.1/pico-sdk/src/common/pico_util/pheap.c.obj
                0x10007198                ph_merge_two_pass
 .text.ph_remove_any_head
                0x10007240      0x128 CMakeFiles/THINGAMAPRO_RP2040.dir/C_/Program_Files/Raspberry_Pi/Pico_SDK_v1.5.1/pico-sdk/src/common/pico_util/pheap.c.obj
 .text.ph_remove_head
                0x10007368       0x14 CMakeFiles/THINGAMAPRO_RP2040.dir/C_/Program_Files/Raspberry_Pi/Pico_SDK_v1.5.1/pico-sdk/src/common/pico_util/pheap.c.obj
                0x10007368                ph_remove_head
 .text.ph_remove_and_free_node
                0x1000737c       0xf8 CMakeFiles/THINGAMAPRO_RP2040.dir/C_/Program_Files/Raspberry_Pi/Pico_SDK_v1.5.1/pico-sdk/src/common/pico_util/pheap.c.obj
                0x1000737c                ph_remove_and_free_node
 .text.uart_disable_before_lcr_write
                0x10007474       0x48 CMakeFiles/THINGAMAPRO_RP2040.dir/C_/Program_Files/Raspberry_Pi/Pico_SDK_v1.5.1/pico-sdk/src/rp2_common/hardware_uart/uart.c.obj
 .text.uart_write_lcr_bits_masked
                0x100074bc       0x22 CMakeFiles/THINGAMAPRO_RP2040.dir/C_/Program_Files/Raspberry_Pi/Pico_SDK_v1.5.1/pico-sdk/src/rp2_common/hardware_uart/uart.c.obj
 *fill*         0x100074de        0x2 
 .text.uart_set_baudrate
                0x100074e0       0x5c CMakeFiles/THINGAMAPRO_RP2040.dir/C_/Program_Files/Raspberry_Pi/Pico_SDK_v1.5.1/pico-sdk/src/rp2_common/hardware_uart/uart.c.obj
                0x100074e0                uart_set_baudrate
 .text.uart_set_format
                0x1000753c       0x2c CMakeFiles/THINGAMAPRO_RP2040.dir/C_/Program_Files/Raspberry_Pi/Pico_SDK_v1.5.1/pico-sdk/src/rp2_common/hardware_uart/uart.c.obj
                0x1000753c                uart_set_format
 .text.uart_set_translate_crlf
                0x10007568       0x28 CMakeFiles/THINGAMAPRO_RP2040.dir/C_/Program_Files/Raspberry_Pi/Pico_SDK_v1.5.1/pico-sdk/src/rp2_common/hardware_uart/uart.c.obj
                0x10007568                uart_set_translate_crlf
 .text.uart_init
                0x10007590       0x80 CMakeFiles/THINGAMAPRO_RP2040.dir/C_/Program_Files/Raspberry_Pi/Pico_SDK_v1.5.1/pico-sdk/src/rp2_common/hardware_uart/uart.c.obj
                0x10007590                uart_init
 .text.clock_configure
                0x10007610      0x108 CMakeFiles/THINGAMAPRO_RP2040.dir/C_/Program_Files/Raspberry_Pi/Pico_SDK_v1.5.1/pico-sdk/src/rp2_common/hardware_clocks/clocks.c.obj
                0x10007610                clock_configure
 .text.clocks_init
                0x10007718      0x100 CMakeFiles/THINGAMAPRO_RP2040.dir/C_/Program_Files/Raspberry_Pi/Pico_SDK_v1.5.1/pico-sdk/src/rp2_common/hardware_clocks/clocks.c.obj
                0x10007718                clocks_init
 .text.clock_get_hz
                0x10007818        0xc CMakeFiles/THINGAMAPRO_RP2040.dir/C_/Program_Files/Raspberry_Pi/Pico_SDK_v1.5.1/pico-sdk/src/rp2_common/hardware_clocks/clocks.c.obj
                0x10007818                clock_get_hz
 .text.pll_init
                0x10007824      0x120 CMakeFiles/THINGAMAPRO_RP2040.dir/C_/Program_Files/Raspberry_Pi/Pico_SDK_v1.5.1/pico-sdk/src/rp2_common/hardware_pll/pll.c.obj
                0x10007824                pll_init
 .text.watchdog_start_tick
                0x10007944       0x10 CMakeFiles/THINGAMAPRO_RP2040.dir/C_/Program_Files/Raspberry_Pi/Pico_SDK_v1.5.1/pico-sdk/src/rp2_common/hardware_watchdog/watchdog.c.obj
                0x10007944                watchdog_start_tick
 .text.xosc_init
                0x10007954       0x2c CMakeFiles/THINGAMAPRO_RP2040.dir/C_/Program_Files/Raspberry_Pi/Pico_SDK_v1.5.1/pico-sdk/src/rp2_common/hardware_xosc/xosc.c.obj
                0x10007954                xosc_init
 .text._exit    0x10007980        0x4 CMakeFiles/THINGAMAPRO_RP2040.dir/C_/Program_Files/Raspberry_Pi/Pico_SDK_v1.5.1/pico-sdk/src/rp2_common/pico_runtime/runtime.c.obj
                0x10007980                _exit
 .text.exit     0x10007984        0x6 CMakeFiles/THINGAMAPRO_RP2040.dir/C_/Program_Files/Raspberry_Pi/Pico_SDK_v1.5.1/pico-sdk/src/rp2_common/pico_runtime/runtime.c.obj
                0x10007984                exit
 *fill*         0x1000798a        0x2 
 .text.__assert_func
                0x1000798c       0x3c CMakeFiles/THINGAMAPRO_RP2040.dir/C_/Program_Files/Raspberry_Pi/Pico_SDK_v1.5.1/pico-sdk/src/rp2_common/pico_runtime/runtime.c.obj
                0x1000798c                __assert_func
 .text.runtime_init
                0x100079c8       0xf8 CMakeFiles/THINGAMAPRO_RP2040.dir/C_/Program_Files/Raspberry_Pi/Pico_SDK_v1.5.1/pico-sdk/src/rp2_common/pico_runtime/runtime.c.obj
                0x100079c8                runtime_init
 .text.panic    0x10007ac0       0x30 CMakeFiles/THINGAMAPRO_RP2040.dir/C_/Program_Files/Raspberry_Pi/Pico_SDK_v1.5.1/pico-sdk/src/rp2_common/pico_runtime/runtime.c.obj
                0x10007ac0                panic
 .text._out_null
                0x10007af0        0x2 CMakeFiles/THINGAMAPRO_RP2040.dir/C_/Program_Files/Raspberry_Pi/Pico_SDK_v1.5.1/pico-sdk/src/rp2_common/pico_printf/printf.c.obj
 .text._out_fct
                0x10007af2        0xe CMakeFiles/THINGAMAPRO_RP2040.dir/C_/Program_Files/Raspberry_Pi/Pico_SDK_v1.5.1/pico-sdk/src/rp2_common/pico_printf/printf.c.obj
 .text._atoi    0x10007b00       0x24 CMakeFiles/THINGAMAPRO_RP2040.dir/C_/Program_Files/Raspberry_Pi/Pico_SDK_v1.5.1/pico-sdk/src/rp2_common/pico_printf/printf.c.obj
 .text._out_rev
                0x10007b24       0xae CMakeFiles/THINGAMAPRO_RP2040.dir/C_/Program_Files/Raspberry_Pi/Pico_SDK_v1.5.1/pico-sdk/src/rp2_common/pico_printf/printf.c.obj
 .text._ntoa_format
                0x10007bd2      0x112 CMakeFiles/THINGAMAPRO_RP2040.dir/C_/Program_Files/Raspberry_Pi/Pico_SDK_v1.5.1/pico-sdk/src/rp2_common/pico_printf/printf.c.obj
 .text._ntoa_long
                0x10007ce4       0xbc CMakeFiles/THINGAMAPRO_RP2040.dir/C_/Program_Files/Raspberry_Pi/Pico_SDK_v1.5.1/pico-sdk/src/rp2_common/pico_printf/printf.c.obj
 .text._ntoa_long_long
                0x10007da0       0xe2 CMakeFiles/THINGAMAPRO_RP2040.dir/C_/Program_Files/Raspberry_Pi/Pico_SDK_v1.5.1/pico-sdk/src/rp2_common/pico_printf/printf.c.obj
 *fill*         0x10007e82        0x2 
 .text._etoa    0x10007e84      0x414 CMakeFiles/THINGAMAPRO_RP2040.dir/C_/Program_Files/Raspberry_Pi/Pico_SDK_v1.5.1/pico-sdk/src/rp2_common/pico_printf/printf.c.obj
 .text._ftoa    0x10008298      0x354 CMakeFiles/THINGAMAPRO_RP2040.dir/C_/Program_Files/Raspberry_Pi/Pico_SDK_v1.5.1/pico-sdk/src/rp2_common/pico_printf/printf.c.obj
 .text._vsnprintf
                0x100085ec      0x624 CMakeFiles/THINGAMAPRO_RP2040.dir/C_/Program_Files/Raspberry_Pi/Pico_SDK_v1.5.1/pico-sdk/src/rp2_common/pico_printf/printf.c.obj
 .text.vfctprintf
                0x10008c10       0x20 CMakeFiles/THINGAMAPRO_RP2040.dir/C_/Program_Files/Raspberry_Pi/Pico_SDK_v1.5.1/pico-sdk/src/rp2_common/pico_printf/printf.c.obj
                0x10008c10                vfctprintf
 .text          0x10008c30       0x10 CMakeFiles/THINGAMAPRO_RP2040.dir/C_/Program_Files/Raspberry_Pi/Pico_SDK_v1.5.1/pico-sdk/src/rp2_common/pico_bit_ops/bit_ops_aeabi.S.obj
 .text.rom_func_lookup
                0x10008c40       0x10 CMakeFiles/THINGAMAPRO_RP2040.dir/C_/Program_Files/Raspberry_Pi/Pico_SDK_v1.5.1/pico-sdk/src/rp2_common/pico_bootrom/bootrom.c.obj
                0x10008c40                rom_func_lookup
 .text.rom_data_lookup
                0x10008c50       0x10 CMakeFiles/THINGAMAPRO_RP2040.dir/C_/Program_Files/Raspberry_Pi/Pico_SDK_v1.5.1/pico-sdk/src/rp2_common/pico_bootrom/bootrom.c.obj
                0x10008c50                rom_data_lookup
 .text.rom_funcs_lookup
                0x10008c60       0x36 CMakeFiles/THINGAMAPRO_RP2040.dir/C_/Program_Files/Raspberry_Pi/Pico_SDK_v1.5.1/pico-sdk/src/rp2_common/pico_bootrom/bootrom.c.obj
                0x10008c60                rom_funcs_lookup
 *fill*         0x10008c96        0x2 
 .text.__wrap___aeabi_idiv
                0x10008c98       0x50 CMakeFiles/THINGAMAPRO_RP2040.dir/C_/Program_Files/Raspberry_Pi/Pico_SDK_v1.5.1/pico-sdk/src/rp2_common/pico_divider/divider.S.obj
                0x10008c98                __wrap___aeabi_idivmod
                0x10008c98                divmod_s32s32
                0x10008c98                div_s32s32
                0x10008c98                __wrap___aeabi_idiv
                0x10008ca0                divmod_s32s32_unsafe
                0x10008ccc                divmod_s32s32_savestate
 .text.__wrap___aeabi_uidiv
                0x10008ce8       0x4c CMakeFiles/THINGAMAPRO_RP2040.dir/C_/Program_Files/Raspberry_Pi/Pico_SDK_v1.5.1/pico-sdk/src/rp2_common/pico_divider/divider.S.obj
                0x10008ce8                __wrap___aeabi_uidiv
                0x10008ce8                __wrap___aeabi_uidivmod
                0x10008ce8                div_u32u32
                0x10008ce8                divmod_u32u32
                0x10008cf0                divmod_u32u32_unsafe
                0x10008d18                divmod_u32u32_savestate
 .text.__wrap___aeabi_ldiv
                0x10008d34      0x424 CMakeFiles/THINGAMAPRO_RP2040.dir/C_/Program_Files/Raspberry_Pi/Pico_SDK_v1.5.1/pico-sdk/src/rp2_common/pico_divider/divider.S.obj
                0x10008d34                div_s64s64
                0x10008d34                divmod_s64s64
                0x10008d34                __wrap___aeabi_ldivmod
                0x10008d64                divmod_u64u64
                0x10008d64                div_u64u64
                0x10008d64                __wrap___aeabi_uldivmod
                0x10008d74                divmod_u64u64_savestate
                0x10008d94                divmod_s64s64_unsafe
                0x10008e1c                divmod_u64u64_unsafe
 .text.push_r8_r11
                0x10009158        0xc CMakeFiles/THINGAMAPRO_RP2040.dir/C_/Program_Files/Raspberry_Pi/Pico_SDK_v1.5.1/pico-sdk/src/rp2_common/pico_double/double_aeabi.S.obj
                0x10009158                push_r8_r11
 .text.pop_r8_r11
                0x10009164        0xc CMakeFiles/THINGAMAPRO_RP2040.dir/C_/Program_Files/Raspberry_Pi/Pico_SDK_v1.5.1/pico-sdk/src/rp2_common/pico_double/double_aeabi.S.obj
                0x10009164                pop_r8_r11
 .text.__wrap___aeabi_darithmetic
                0x10009170       0x80 CMakeFiles/THINGAMAPRO_RP2040.dir/C_/Program_Files/Raspberry_Pi/Pico_SDK_v1.5.1/pico-sdk/src/rp2_common/pico_double/double_aeabi.S.obj
                0x10009170                __wrap___aeabi_drsub
                0x10009176                __wrap___aeabi_dsub
                0x10009188                __wrap___aeabi_dadd
                0x1000919a                __wrap___aeabi_ddiv
                0x100091d6                __wrap___aeabi_dmul
 .text.__wrap___aeabi_cdcmple
                0x100091f0       0x6c CMakeFiles/THINGAMAPRO_RP2040.dir/C_/Program_Files/Raspberry_Pi/Pico_SDK_v1.5.1/pico-sdk/src/rp2_common/pico_double/double_aeabi.S.obj
                0x100091f0                __wrap___aeabi_cdrcmple
                0x10009200                __wrap___aeabi_cdcmpeq
                0x10009200                __wrap___aeabi_cdcmple
 .text.__wrap___aeabi_dcmplt
                0x1000925c        0xc CMakeFiles/THINGAMAPRO_RP2040.dir/C_/Program_Files/Raspberry_Pi/Pico_SDK_v1.5.1/pico-sdk/src/rp2_common/pico_double/double_aeabi.S.obj
                0x1000925c                __wrap___aeabi_dcmplt
 .text.__wrap___aeabi_dcmple
                0x10009268       0x10 CMakeFiles/THINGAMAPRO_RP2040.dir/C_/Program_Files/Raspberry_Pi/Pico_SDK_v1.5.1/pico-sdk/src/rp2_common/pico_double/double_aeabi.S.obj
                0x10009268                __wrap___aeabi_dcmple
 .text.__wrap___aeabi_dcmpge
                0x10009278       0x10 CMakeFiles/THINGAMAPRO_RP2040.dir/C_/Program_Files/Raspberry_Pi/Pico_SDK_v1.5.1/pico-sdk/src/rp2_common/pico_double/double_aeabi.S.obj
                0x10009278                __wrap___aeabi_dcmpge
 .text.__wrap___aeabi_dcmpgt
                0x10009288        0xa CMakeFiles/THINGAMAPRO_RP2040.dir/C_/Program_Files/Raspberry_Pi/Pico_SDK_v1.5.1/pico-sdk/src/rp2_common/pico_double/double_aeabi.S.obj
                0x10009288                __wrap___aeabi_dcmpgt
 .text.__wrap___aeabi_dcmpun
                0x10009292       0x1c CMakeFiles/THINGAMAPRO_RP2040.dir/C_/Program_Files/Raspberry_Pi/Pico_SDK_v1.5.1/pico-sdk/src/rp2_common/pico_double/double_aeabi.S.obj
                0x10009292                __wrap___aeabi_dcmpun
 *fill*         0x100092ae        0x2 
 .text.__wrap___aeabi_i2d
                0x100092b0       0x38 CMakeFiles/THINGAMAPRO_RP2040.dir/C_/Program_Files/Raspberry_Pi/Pico_SDK_v1.5.1/pico-sdk/src/rp2_common/pico_double/double_aeabi.S.obj
                0x100092b0                __wrap___aeabi_ui2d
                0x100092b8                __wrap___aeabi_i2d
 .text.__wrap___aeabi_d2iz
                0x100092e8       0x48 CMakeFiles/THINGAMAPRO_RP2040.dir/C_/Program_Files/Raspberry_Pi/Pico_SDK_v1.5.1/pico-sdk/src/rp2_common/pico_double/double_aeabi.S.obj
                0x100092e8                double2int_z
                0x100092e8                __wrap___aeabi_d2iz
 .text.__wrap___aeabi_d2uiz
                0x10009330       0x18 CMakeFiles/THINGAMAPRO_RP2040.dir/C_/Program_Files/Raspberry_Pi/Pico_SDK_v1.5.1/pico-sdk/src/rp2_common/pico_double/double_aeabi.S.obj
                0x10009330                __wrap___aeabi_d2uiz
                0x10009330                double2uint
 .text.fix642double
                0x10009348       0x18 CMakeFiles/THINGAMAPRO_RP2040.dir/C_/Program_Files/Raspberry_Pi/Pico_SDK_v1.5.1/pico-sdk/src/rp2_common/pico_double/double_aeabi.S.obj
                0x10009348                fix642double
 .text.__wrap___aeabi_d2f
                0x10009360       0x18 CMakeFiles/THINGAMAPRO_RP2040.dir/C_/Program_Files/Raspberry_Pi/Pico_SDK_v1.5.1/pico-sdk/src/rp2_common/pico_double/double_aeabi.S.obj
                0x10009360                __wrap___aeabi_d2f
 .text.__wrap_sincostan_remainder
                0x10009378       0x14 CMakeFiles/THINGAMAPRO_RP2040.dir/C_/Program_Files/Raspberry_Pi/Pico_SDK_v1.5.1/pico-sdk/src/rp2_common/pico_double/double_aeabi.S.obj
                0x10009378                sincostan_remainder
 .text.__wrap_cos
                0x1000938c       0x2c CMakeFiles/THINGAMAPRO_RP2040.dir/C_/Program_Files/Raspberry_Pi/Pico_SDK_v1.5.1/pico-sdk/src/rp2_common/pico_double/double_aeabi.S.obj
                0x1000938c                __wrap_cos
 .text.__wrap_sin
                0x100093b8       0x2c CMakeFiles/THINGAMAPRO_RP2040.dir/C_/Program_Files/Raspberry_Pi/Pico_SDK_v1.5.1/pico-sdk/src/rp2_common/pico_double/double_aeabi.S.obj
                0x100093b8                __wrap_sin
 .text.__aeabi_double_init
                0x100093e4       0xc8 CMakeFiles/THINGAMAPRO_RP2040.dir/C_/Program_Files/Raspberry_Pi/Pico_SDK_v1.5.1/pico-sdk/src/rp2_common/pico_double/double_init_rom.c.obj
                0x100093e4                __aeabi_double_init
 .text.drem_0   0x100094ac      0x130 CMakeFiles/THINGAMAPRO_RP2040.dir/C_/Program_Files/Raspberry_Pi/Pico_SDK_v1.5.1/pico-sdk/src/rp2_common/pico_double/double_math.c.obj
 .text.__wrap_fmod
                0x100095dc       0xa8 CMakeFiles/THINGAMAPRO_RP2040.dir/C_/Program_Files/Raspberry_Pi/Pico_SDK_v1.5.1/pico-sdk/src/rp2_common/pico_double/double_math.c.obj
                0x100095dc                __wrap_fmod
 .text.__wrap_remquo
                0x10009684      0x17c CMakeFiles/THINGAMAPRO_RP2040.dir/C_/Program_Files/Raspberry_Pi/Pico_SDK_v1.5.1/pico-sdk/src/rp2_common/pico_double/double_math.c.obj
                0x10009684                __wrap_remquo
 .text.__wrap_remainder
                0x10009800       0x10 CMakeFiles/THINGAMAPRO_RP2040.dir/C_/Program_Files/Raspberry_Pi/Pico_SDK_v1.5.1/pico-sdk/src/rp2_common/pico_double/double_math.c.obj
                0x10009800                __wrap_remainder
 .text.double_table_shim_on_use_helper
                0x10009810       0x34 CMakeFiles/THINGAMAPRO_RP2040.dir/C_/Program_Files/Raspberry_Pi/Pico_SDK_v1.5.1/pico-sdk/src/rp2_common/pico_double/double_v1_rom_shim.S.obj
                0x10009810                double_table_shim_on_use_helper
 .text.__wrap___aeabi_dsub
                0x10009844       0x10 CMakeFiles/THINGAMAPRO_RP2040.dir/C_/Program_Files/Raspberry_Pi/Pico_SDK_v1.5.1/pico-sdk/src/rp2_common/pico_double/double_v1_rom_shim.S.obj
                0x10009844                drsub_shim
                0x1000984a                dsub_shim
 .text.dadd_shim
                0x10009854      0x15c CMakeFiles/THINGAMAPRO_RP2040.dir/C_/Program_Files/Raspberry_Pi/Pico_SDK_v1.5.1/pico-sdk/src/rp2_common/pico_double/double_v1_rom_shim.S.obj
                0x10009854                dadd_shim
 .text.dmul_shim
                0x100099b0      0x15c CMakeFiles/THINGAMAPRO_RP2040.dir/C_/Program_Files/Raspberry_Pi/Pico_SDK_v1.5.1/pico-sdk/src/rp2_common/pico_double/double_v1_rom_shim.S.obj
                0x100099b0                dmul_shim
 .text.ddiv_shim
                0x10009b0c      0x1b0 CMakeFiles/THINGAMAPRO_RP2040.dir/C_/Program_Files/Raspberry_Pi/Pico_SDK_v1.5.1/pico-sdk/src/rp2_common/pico_double/double_v1_rom_shim.S.obj
                0x10009b0c                ddiv_shim
 .text.dcordic_vec_step
                0x10009cbc        0xe CMakeFiles/THINGAMAPRO_RP2040.dir/C_/Program_Files/Raspberry_Pi/Pico_SDK_v1.5.1/pico-sdk/src/rp2_common/pico_double/double_v1_rom_shim.S.obj
                0x10009cbc                dcordic_vec_step
 .text.dcordic_rot_step
                0x10009cca       0x76 CMakeFiles/THINGAMAPRO_RP2040.dir/C_/Program_Files/Raspberry_Pi/Pico_SDK_v1.5.1/pico-sdk/src/rp2_common/pico_double/double_v1_rom_shim.S.obj
                0x10009cca                dcordic_rot_step
 .text.double2uint_shim
                0x10009d40        0xe CMakeFiles/THINGAMAPRO_RP2040.dir/C_/Program_Files/Raspberry_Pi/Pico_SDK_v1.5.1/pico-sdk/src/rp2_common/pico_double/double_v1_rom_shim.S.obj
                0x10009d40                double2uint_shim
                0x10009d42                double2ufix_shim
 .text.double2int64_shim
                0x10009d4e       0x1a CMakeFiles/THINGAMAPRO_RP2040.dir/C_/Program_Files/Raspberry_Pi/Pico_SDK_v1.5.1/pico-sdk/src/rp2_common/pico_double/double_v1_rom_shim.S.obj
                0x10009d4e                double2int64_shim
                0x10009d50                double2fix64_shim
 .text.double2uint64_shim
                0x10009d68       0x70 CMakeFiles/THINGAMAPRO_RP2040.dir/C_/Program_Files/Raspberry_Pi/Pico_SDK_v1.5.1/pico-sdk/src/rp2_common/pico_double/double_v1_rom_shim.S.obj
                0x10009d68                double2uint64_shim
                0x10009d6a                double2ufix64_shim
                0x10009d8a                d2fix_a
 .text.double2float_shim
                0x10009dd8       0x5c CMakeFiles/THINGAMAPRO_RP2040.dir/C_/Program_Files/Raspberry_Pi/Pico_SDK_v1.5.1/pico-sdk/src/rp2_common/pico_double/double_v1_rom_shim.S.obj
                0x10009dd8                double2float_shim
 .text.x2double_shims
                0x10009e34       0x90 CMakeFiles/THINGAMAPRO_RP2040.dir/C_/Program_Files/Raspberry_Pi/Pico_SDK_v1.5.1/pico-sdk/src/rp2_common/pico_double/double_v1_rom_shim.S.obj
                0x10009e34                uint2double_shim
                0x10009e36                ufix2double_shim
                0x10009e3c                int2double_shim
                0x10009e3e                fix2double_shim
                0x10009e44                uint642double_shim
                0x10009e46                ufix642double_shim
                0x10009e4c                int642double_shim
                0x10009e4e                fix642double_shim
 .text.dunpacks
                0x10009ec4       0x3c CMakeFiles/THINGAMAPRO_RP2040.dir/C_/Program_Files/Raspberry_Pi/Pico_SDK_v1.5.1/pico-sdk/src/rp2_common/pico_double/double_v1_rom_shim.S.obj
                0x10009ec4                dunpacks
 .text.dreduce  0x10009f00       0x82 CMakeFiles/THINGAMAPRO_RP2040.dir/C_/Program_Files/Raspberry_Pi/Pico_SDK_v1.5.1/pico-sdk/src/rp2_common/pico_double/double_v1_rom_shim.S.obj
                0x10009f00                dreduce
 .text.dcos_shim
                0x10009f82       0x10 CMakeFiles/THINGAMAPRO_RP2040.dir/C_/Program_Files/Raspberry_Pi/Pico_SDK_v1.5.1/pico-sdk/src/rp2_common/pico_double/double_v1_rom_shim.S.obj
                0x10009f82                dcos_shim
 .text.dsin_shim
                0x10009f92       0x14 CMakeFiles/THINGAMAPRO_RP2040.dir/C_/Program_Files/Raspberry_Pi/Pico_SDK_v1.5.1/pico-sdk/src/rp2_common/pico_double/double_v1_rom_shim.S.obj
                0x10009f92                dsin_shim
 *fill*         0x10009fa6        0x2 
 .text.dtrig_guts
                0x10009fa8      0x2ec CMakeFiles/THINGAMAPRO_RP2040.dir/C_/Program_Files/Raspberry_Pi/Pico_SDK_v1.5.1/pico-sdk/src/rp2_common/pico_double/double_v1_rom_shim.S.obj
                0x1000a080                datan2_shim
 .text.__aeabi_lmul
                0x1000a294       0x32 CMakeFiles/THINGAMAPRO_RP2040.dir/C_/Program_Files/Raspberry_Pi/Pico_SDK_v1.5.1/pico-sdk/src/rp2_common/pico_int64_ops/pico_int64_ops_aeabi.S.obj
                0x1000a294                __wrap___aeabi_lmul
 *fill*         0x1000a2c6        0x2 
 .text.__wrap___aeabi_farithmetic
                0x1000a2c8       0x58 CMakeFiles/THINGAMAPRO_RP2040.dir/C_/Program_Files/Raspberry_Pi/Pico_SDK_v1.5.1/pico-sdk/src/rp2_common/pico_float/float_aeabi.S.obj
                0x1000a2c8                __wrap___aeabi_frsub
                0x1000a2ce                __wrap___aeabi_fsub
                0x1000a2d8                __wrap___aeabi_fadd
                0x1000a2e2                __wrap___aeabi_fdiv
                0x1000a30e                __wrap___aeabi_fmul
 .text.__wrap___aeabi_cfcmple
                0x1000a320       0x50 CMakeFiles/THINGAMAPRO_RP2040.dir/C_/Program_Files/Raspberry_Pi/Pico_SDK_v1.5.1/pico-sdk/src/rp2_common/pico_float/float_aeabi.S.obj
                0x1000a320                __wrap___aeabi_cfrcmple
                0x1000a32c                __wrap___aeabi_cfcmple
                0x1000a32c                __wrap___aeabi_cfcmpeq
 .text.__wrap___aeabi_fcmplt
                0x1000a370        0xc CMakeFiles/THINGAMAPRO_RP2040.dir/C_/Program_Files/Raspberry_Pi/Pico_SDK_v1.5.1/pico-sdk/src/rp2_common/pico_float/float_aeabi.S.obj
                0x1000a370                __wrap___aeabi_fcmplt
 .text.__wrap___aeabi_fcmple
                0x1000a37c       0x10 CMakeFiles/THINGAMAPRO_RP2040.dir/C_/Program_Files/Raspberry_Pi/Pico_SDK_v1.5.1/pico-sdk/src/rp2_common/pico_float/float_aeabi.S.obj
                0x1000a37c                __wrap___aeabi_fcmple
 .text.__wrap___aeabi_fcmpge
                0x1000a38c       0x10 CMakeFiles/THINGAMAPRO_RP2040.dir/C_/Program_Files/Raspberry_Pi/Pico_SDK_v1.5.1/pico-sdk/src/rp2_common/pico_float/float_aeabi.S.obj
                0x1000a38c                __wrap___aeabi_fcmpge
 .text.__wrap___aeabi_fcmpgt
                0x1000a39c        0xa CMakeFiles/THINGAMAPRO_RP2040.dir/C_/Program_Files/Raspberry_Pi/Pico_SDK_v1.5.1/pico-sdk/src/rp2_common/pico_float/float_aeabi.S.obj
                0x1000a39c                __wrap___aeabi_fcmpgt
 .text.__wrap___aeabi_ui2f
                0x1000a3a6        0xa CMakeFiles/THINGAMAPRO_RP2040.dir/C_/Program_Files/Raspberry_Pi/Pico_SDK_v1.5.1/pico-sdk/src/rp2_common/pico_float/float_aeabi.S.obj
                0x1000a3a6                __wrap___aeabi_ui2f
 .text.__wrap___aeabi_i2f
                0x1000a3b0       0x44 CMakeFiles/THINGAMAPRO_RP2040.dir/C_/Program_Files/Raspberry_Pi/Pico_SDK_v1.5.1/pico-sdk/src/rp2_common/pico_float/float_aeabi.S.obj
                0x1000a3b0                __wrap___aeabi_i2f
 .text.__wrap___aeabi_f2iz
                0x1000a3f4       0x4e CMakeFiles/THINGAMAPRO_RP2040.dir/C_/Program_Files/Raspberry_Pi/Pico_SDK_v1.5.1/pico-sdk/src/rp2_common/pico_float/float_aeabi.S.obj
                0x1000a3f4                float2int_z
                0x1000a3f4                __wrap___aeabi_f2iz
 *fill*         0x1000a442        0x2 
 .text.float2int
                0x1000a444       0x14 CMakeFiles/THINGAMAPRO_RP2040.dir/C_/Program_Files/Raspberry_Pi/Pico_SDK_v1.5.1/pico-sdk/src/rp2_common/pico_float/float_aeabi.S.obj
                0x1000a444                float2int
 .text.__wrap___aeabi_f2uiz
                0x1000a458       0x10 CMakeFiles/THINGAMAPRO_RP2040.dir/C_/Program_Files/Raspberry_Pi/Pico_SDK_v1.5.1/pico-sdk/src/rp2_common/pico_float/float_aeabi.S.obj
                0x1000a458                __wrap___aeabi_f2uiz
 .text.__wrap___aeabi_f2d
                0x1000a468       0x14 CMakeFiles/THINGAMAPRO_RP2040.dir/C_/Program_Files/Raspberry_Pi/Pico_SDK_v1.5.1/pico-sdk/src/rp2_common/pico_float/float_aeabi.S.obj
                0x1000a468                __wrap___aeabi_f2d
 .text.__wrap_sqrtf
                0x1000a47c       0x24 CMakeFiles/THINGAMAPRO_RP2040.dir/C_/Program_Files/Raspberry_Pi/Pico_SDK_v1.5.1/pico-sdk/src/rp2_common/pico_float/float_aeabi.S.obj
                0x1000a47c                __wrap_sqrtf
 .text.__wrap_atan2f
                0x1000a4a0       0x14 CMakeFiles/THINGAMAPRO_RP2040.dir/C_/Program_Files/Raspberry_Pi/Pico_SDK_v1.5.1/pico-sdk/src/rp2_common/pico_float/float_aeabi.S.obj
                0x1000a4a0                __wrap_atan2f
 .text.__aeabi_float_init
                0x1000a4b4       0xfc CMakeFiles/THINGAMAPRO_RP2040.dir/C_/Program_Files/Raspberry_Pi/Pico_SDK_v1.5.1/pico-sdk/src/rp2_common/pico_float/float_init_rom.c.obj
                0x1000a4b4                __aeabi_float_init
 .text.__wrap_roundf
                0x1000a5b0       0x3e CMakeFiles/THINGAMAPRO_RP2040.dir/C_/Program_Files/Raspberry_Pi/Pico_SDK_v1.5.1/pico-sdk/src/rp2_common/pico_float/float_math.c.obj
                0x1000a5b0                __wrap_roundf
 *fill*         0x1000a5ee        0x2 
 .text.float_table_shim_on_use_helper
                0x1000a5f0       0x34 CMakeFiles/THINGAMAPRO_RP2040.dir/C_/Program_Files/Raspberry_Pi/Pico_SDK_v1.5.1/pico-sdk/src/rp2_common/pico_float/float_v1_rom_shim.S.obj
                0x1000a5f0                float_table_shim_on_use_helper
 .text.fatan2_shim
                0x1000a624       0x88 CMakeFiles/THINGAMAPRO_RP2040.dir/C_/Program_Files/Raspberry_Pi/Pico_SDK_v1.5.1/pico-sdk/src/rp2_common/pico_float/float_v1_rom_shim.S.obj
                0x1000a624                fatan2_shim
 .text.float232_shims
                0x1000a6ac       0x18 CMakeFiles/THINGAMAPRO_RP2040.dir/C_/Program_Files/Raspberry_Pi/Pico_SDK_v1.5.1/pico-sdk/src/rp2_common/pico_float/float_v1_rom_shim.S.obj
                0x1000a6ac                float2int_shim
                0x1000a6ae                float2fix_shim
 .text.float2double_shim
                0x1000a6c4       0x30 CMakeFiles/THINGAMAPRO_RP2040.dir/C_/Program_Files/Raspberry_Pi/Pico_SDK_v1.5.1/pico-sdk/src/rp2_common/pico_float/float_v1_rom_shim.S.obj
                0x1000a6c4                float2double_shim
 .text          0x1000a6f4       0x10 CMakeFiles/THINGAMAPRO_RP2040.dir/C_/Program_Files/Raspberry_Pi/Pico_SDK_v1.5.1/pico-sdk/src/rp2_common/pico_mem_ops/mem_ops_aeabi.S.obj
                0x1000a6f4                __aeabi_mem_init
 .text.memset   0x1000a704        0xc CMakeFiles/THINGAMAPRO_RP2040.dir/C_/Program_Files/Raspberry_Pi/Pico_SDK_v1.5.1/pico-sdk/src/rp2_common/pico_mem_ops/mem_ops_aeabi.S.obj
                0x1000a704                __wrap_memset
 .text.memcpy   0x1000a710        0xc CMakeFiles/THINGAMAPRO_RP2040.dir/C_/Program_Files/Raspberry_Pi/Pico_SDK_v1.5.1/pico-sdk/src/rp2_common/pico_mem_ops/mem_ops_aeabi.S.obj
                0x1000a710                __wrap_memcpy
                0x1000a710                __wrap___aeabi_memcpy
 .text.stdio_out_chars_no_crlf
                0x1000a71c        0xe CMakeFiles/THINGAMAPRO_RP2040.dir/C_/Program_Files/Raspberry_Pi/Pico_SDK_v1.5.1/pico-sdk/src/rp2_common/pico_stdio/stdio.c.obj
 *fill*         0x1000a72a        0x2 
 .text.stdio_out_chars_crlf
                0x1000a72c       0x80 CMakeFiles/THINGAMAPRO_RP2040.dir/C_/Program_Files/Raspberry_Pi/Pico_SDK_v1.5.1/pico-sdk/src/rp2_common/pico_stdio/stdio.c.obj
 .text.stdio_stack_buffer_flush
                0x1000a7ac       0x44 CMakeFiles/THINGAMAPRO_RP2040.dir/C_/Program_Files/Raspberry_Pi/Pico_SDK_v1.5.1/pico-sdk/src/rp2_common/pico_stdio/stdio.c.obj
 .text.stdio_buffered_printer
                0x1000a7f0       0x20 CMakeFiles/THINGAMAPRO_RP2040.dir/C_/Program_Files/Raspberry_Pi/Pico_SDK_v1.5.1/pico-sdk/src/rp2_common/pico_stdio/stdio.c.obj
 .text.stdout_serialize_begin
                0x1000a810       0x5c CMakeFiles/THINGAMAPRO_RP2040.dir/C_/Program_Files/Raspberry_Pi/Pico_SDK_v1.5.1/pico-sdk/src/rp2_common/pico_stdio/stdio.c.obj
                0x1000a810                stdout_serialize_begin
 .text.stdout_serialize_end
                0x1000a86c       0x10 CMakeFiles/THINGAMAPRO_RP2040.dir/C_/Program_Files/Raspberry_Pi/Pico_SDK_v1.5.1/pico-sdk/src/rp2_common/pico_stdio/stdio.c.obj
                0x1000a86c                stdout_serialize_end
 .text.stdio_put_string
                0x1000a87c       0x98 CMakeFiles/THINGAMAPRO_RP2040.dir/C_/Program_Files/Raspberry_Pi/Pico_SDK_v1.5.1/pico-sdk/src/rp2_common/pico_stdio/stdio.c.obj
 .text.__wrap_putchar
                0x1000a914       0x1c CMakeFiles/THINGAMAPRO_RP2040.dir/C_/Program_Files/Raspberry_Pi/Pico_SDK_v1.5.1/pico-sdk/src/rp2_common/pico_stdio/stdio.c.obj
                0x1000a914                __wrap_putchar
 .text.stdio_set_driver_enabled
                0x1000a930       0x2c CMakeFiles/THINGAMAPRO_RP2040.dir/C_/Program_Files/Raspberry_Pi/Pico_SDK_v1.5.1/pico-sdk/src/rp2_common/pico_stdio/stdio.c.obj
                0x1000a930                stdio_set_driver_enabled
 .text.stdio_flush
                0x1000a95c       0x20 CMakeFiles/THINGAMAPRO_RP2040.dir/C_/Program_Files/Raspberry_Pi/Pico_SDK_v1.5.1/pico-sdk/src/rp2_common/pico_stdio/stdio.c.obj
                0x1000a95c                stdio_flush
 .text.__wrap_puts
                0x1000a97c       0x1e CMakeFiles/THINGAMAPRO_RP2040.dir/C_/Program_Files/Raspberry_Pi/Pico_SDK_v1.5.1/pico-sdk/src/rp2_common/pico_stdio/stdio.c.obj
                0x1000a97c                __wrap_puts
 *fill*         0x1000a99a        0x2 
 .text.__wrap_vprintf
                0x1000a99c       0x40 CMakeFiles/THINGAMAPRO_RP2040.dir/C_/Program_Files/Raspberry_Pi/Pico_SDK_v1.5.1/pico-sdk/src/rp2_common/pico_stdio/stdio.c.obj
                0x1000a99c                __wrap_vprintf
 .text.__wrap_printf
                0x1000a9dc       0x18 CMakeFiles/THINGAMAPRO_RP2040.dir/C_/Program_Files/Raspberry_Pi/Pico_SDK_v1.5.1/pico-sdk/src/rp2_common/pico_stdio/stdio.c.obj
                0x1000a9dc                __wrap_printf
 .text.stdio_init_all
                0x1000a9f4        0xa CMakeFiles/THINGAMAPRO_RP2040.dir/C_/Program_Files/Raspberry_Pi/Pico_SDK_v1.5.1/pico-sdk/src/rp2_common/pico_stdio/stdio.c.obj
                0x1000a9f4                stdio_init_all
 *fill*         0x1000a9fe        0x2 
 .text.stdio_uart_out_chars
                0x1000aa00       0x74 CMakeFiles/THINGAMAPRO_RP2040.dir/C_/Program_Files/Raspberry_Pi/Pico_SDK_v1.5.1/pico-sdk/src/rp2_common/pico_stdio_uart/stdio_uart.c.obj
 .text.stdio_uart_in_chars
                0x1000aa74       0x80 CMakeFiles/THINGAMAPRO_RP2040.dir/C_/Program_Files/Raspberry_Pi/Pico_SDK_v1.5.1/pico-sdk/src/rp2_common/pico_stdio_uart/stdio_uart.c.obj
                0x1000aa74                stdio_uart_in_chars
 .text.on_uart_rx
                0x1000aaf4       0x28 CMakeFiles/THINGAMAPRO_RP2040.dir/C_/Program_Files/Raspberry_Pi/Pico_SDK_v1.5.1/pico-sdk/src/rp2_common/pico_stdio_uart/stdio_uart.c.obj
 .text.stdio_uart_set_chars_available_callback
                0x1000ab1c       0x8c CMakeFiles/THINGAMAPRO_RP2040.dir/C_/Program_Files/Raspberry_Pi/Pico_SDK_v1.5.1/pico-sdk/src/rp2_common/pico_stdio_uart/stdio_uart.c.obj
 .text.stdio_uart_init_full
                0x1000aba8       0x44 CMakeFiles/THINGAMAPRO_RP2040.dir/C_/Program_Files/Raspberry_Pi/Pico_SDK_v1.5.1/pico-sdk/src/rp2_common/pico_stdio_uart/stdio_uart.c.obj
                0x1000aba8                stdio_uart_init_full
 .text.stdio_uart_init
                0x1000abec       0x28 CMakeFiles/THINGAMAPRO_RP2040.dir/C_/Program_Files/Raspberry_Pi/Pico_SDK_v1.5.1/pico-sdk/src/rp2_common/pico_stdio_uart/stdio_uart.c.obj
                0x1000abec                stdio_uart_init
 .text.core1_trampoline
                0x1000ac14        0x2 CMakeFiles/THINGAMAPRO_RP2040.dir/C_/Program_Files/Raspberry_Pi/Pico_SDK_v1.5.1/pico-sdk/src/rp2_common/pico_multicore/multicore.c.obj
 .text.core1_wrapper
                0x1000ac16        0xc CMakeFiles/THINGAMAPRO_RP2040.dir/C_/Program_Files/Raspberry_Pi/Pico_SDK_v1.5.1/pico-sdk/src/rp2_common/pico_multicore/multicore.c.obj
                0x1000ac16                core1_wrapper
 *fill*         0x1000ac22        0x2 
 .text.check_lockout_mutex_init
                0x1000ac24       0x24 CMakeFiles/THINGAMAPRO_RP2040.dir/C_/Program_Files/Raspberry_Pi/Pico_SDK_v1.5.1/pico-sdk/src/rp2_common/pico_multicore/multicore.c.obj
 .text.multicore_fifo_push_blocking
                0x1000ac48       0x14 CMakeFiles/THINGAMAPRO_RP2040.dir/C_/Program_Files/Raspberry_Pi/Pico_SDK_v1.5.1/pico-sdk/src/rp2_common/pico_multicore/multicore.c.obj
                0x1000ac48                multicore_fifo_push_blocking
 .text.multicore_fifo_push_timeout_us
                0x1000ac5c       0x98 CMakeFiles/THINGAMAPRO_RP2040.dir/C_/Program_Files/Raspberry_Pi/Pico_SDK_v1.5.1/pico-sdk/src/rp2_common/pico_multicore/multicore.c.obj
                0x1000ac5c                multicore_fifo_push_timeout_us
 .text.multicore_fifo_pop_blocking
                0x1000acf4       0x16 CMakeFiles/THINGAMAPRO_RP2040.dir/C_/Program_Files/Raspberry_Pi/Pico_SDK_v1.5.1/pico-sdk/src/rp2_common/pico_multicore/multicore.c.obj
                0x1000acf4                multicore_fifo_pop_blocking
 *fill*         0x1000ad0a        0x2 
 .text.multicore_fifo_pop_timeout_us
                0x1000ad0c       0x9c CMakeFiles/THINGAMAPRO_RP2040.dir/C_/Program_Files/Raspberry_Pi/Pico_SDK_v1.5.1/pico-sdk/src/rp2_common/pico_multicore/multicore.c.obj
                0x1000ad0c                multicore_fifo_pop_timeout_us
 .text.multicore_lockout_handshake
                0x1000ada8       0xc0 CMakeFiles/THINGAMAPRO_RP2040.dir/C_/Program_Files/Raspberry_Pi/Pico_SDK_v1.5.1/pico-sdk/src/rp2_common/pico_multicore/multicore.c.obj
 .text.multicore_lockout_start_block_until
                0x1000ae68       0x60 CMakeFiles/THINGAMAPRO_RP2040.dir/C_/Program_Files/Raspberry_Pi/Pico_SDK_v1.5.1/pico-sdk/src/rp2_common/pico_multicore/multicore.c.obj
 .text.multicore_lockout_end_block_until
                0x1000aec8       0x7c CMakeFiles/THINGAMAPRO_RP2040.dir/C_/Program_Files/Raspberry_Pi/Pico_SDK_v1.5.1/pico-sdk/src/rp2_common/pico_multicore/multicore.c.obj
 .text.multicore_launch_core1_raw
                0x1000af44       0x6e CMakeFiles/THINGAMAPRO_RP2040.dir/C_/Program_Files/Raspberry_Pi/Pico_SDK_v1.5.1/pico-sdk/src/rp2_common/pico_multicore/multicore.c.obj
                0x1000af44                multicore_launch_core1_raw
 *fill*         0x1000afb2        0x2 
 .text.multicore_launch_core1_with_stack
                0x1000afb4       0x50 CMakeFiles/THINGAMAPRO_RP2040.dir/C_/Program_Files/Raspberry_Pi/Pico_SDK_v1.5.1/pico-sdk/src/rp2_common/pico_multicore/multicore.c.obj
                0x1000afb4                multicore_launch_core1_with_stack
 .text.multicore_launch_core1
                0x1000b004       0x24 CMakeFiles/THINGAMAPRO_RP2040.dir/C_/Program_Files/Raspberry_Pi/Pico_SDK_v1.5.1/pico-sdk/src/rp2_common/pico_multicore/multicore.c.obj
                0x1000b004                multicore_launch_core1
 .text.multicore_lockout_victim_init
                0x1000b028       0x30 CMakeFiles/THINGAMAPRO_RP2040.dir/C_/Program_Files/Raspberry_Pi/Pico_SDK_v1.5.1/pico-sdk/src/rp2_common/pico_multicore/multicore.c.obj
                0x1000b028                multicore_lockout_victim_init
 .text.multicore_lockout_start_blocking
                0x1000b058       0x14 CMakeFiles/THINGAMAPRO_RP2040.dir/C_/Program_Files/Raspberry_Pi/Pico_SDK_v1.5.1/pico-sdk/src/rp2_common/pico_multicore/multicore.c.obj
                0x1000b058                multicore_lockout_start_blocking
 .text.multicore_lockout_end_blocking
                0x1000b06c       0x14 CMakeFiles/THINGAMAPRO_RP2040.dir/C_/Program_Files/Raspberry_Pi/Pico_SDK_v1.5.1/pico-sdk/src/rp2_common/pico_multicore/multicore.c.obj
                0x1000b06c                multicore_lockout_end_blocking
 .text.splitmix64
                0x1000b080       0x5c CMakeFiles/THINGAMAPRO_RP2040.dir/C_/Program_Files/Raspberry_Pi/Pico_SDK_v1.5.1/pico-sdk/src/rp2_common/pico_rand/rand.c.obj
 .text.sdbm_hash64_sram
                0x1000b0dc       0x64 CMakeFiles/THINGAMAPRO_RP2040.dir/C_/Program_Files/Raspberry_Pi/Pico_SDK_v1.5.1/pico-sdk/src/rp2_common/pico_rand/rand.c.obj
 .text.xoroshiro128ss
                0x1000b140       0xb8 CMakeFiles/THINGAMAPRO_RP2040.dir/C_/Program_Files/Raspberry_Pi/Pico_SDK_v1.5.1/pico-sdk/src/rp2_common/pico_rand/rand.c.obj
 .text.capture_additional_rosc_samples
                0x1000b1f8      0x1a4 CMakeFiles/THINGAMAPRO_RP2040.dir/C_/Program_Files/Raspberry_Pi/Pico_SDK_v1.5.1/pico-sdk/src/rp2_common/pico_rand/rand.c.obj
 .text.initialise_rand
                0x1000b39c      0x118 CMakeFiles/THINGAMAPRO_RP2040.dir/C_/Program_Files/Raspberry_Pi/Pico_SDK_v1.5.1/pico-sdk/src/rp2_common/pico_rand/rand.c.obj
 .text.get_rand_64
                0x1000b4b4      0x11c CMakeFiles/THINGAMAPRO_RP2040.dir/C_/Program_Files/Raspberry_Pi/Pico_SDK_v1.5.1/pico-sdk/src/rp2_common/pico_rand/rand.c.obj
                0x1000b4b4                get_rand_64
 .text.get_rand_32
                0x1000b5d0        0x8 CMakeFiles/THINGAMAPRO_RP2040.dir/C_/Program_Files/Raspberry_Pi/Pico_SDK_v1.5.1/pico-sdk/src/rp2_common/pico_rand/rand.c.obj
                0x1000b5d0                get_rand_32
 .text._retrieve_unique_id_on_boot
                0x1000b5d8       0x10 CMakeFiles/THINGAMAPRO_RP2040.dir/C_/Program_Files/Raspberry_Pi/Pico_SDK_v1.5.1/pico-sdk/src/rp2_common/pico_unique_id/unique_id.c.obj
 .text.pico_get_unique_board_id
                0x1000b5e8       0x10 CMakeFiles/THINGAMAPRO_RP2040.dir/C_/Program_Files/Raspberry_Pi/Pico_SDK_v1.5.1/pico-sdk/src/rp2_common/pico_unique_id/unique_id.c.obj
                0x1000b5e8                pico_get_unique_board_id
 .text.flash_get_unique_id
                0x1000b5f8       0x46 CMakeFiles/THINGAMAPRO_RP2040.dir/C_/Program_Files/Raspberry_Pi/Pico_SDK_v1.5.1/pico-sdk/src/rp2_common/hardware_flash/flash.c.obj
                0x1000b5f8                flash_get_unique_id
 *fill*         0x1000b63e        0x2 
 .text._pio_can_add_program_at_offset
                0x1000b640       0x3c CMakeFiles/THINGAMAPRO_RP2040.dir/C_/Program_Files/Raspberry_Pi/Pico_SDK_v1.5.1/pico-sdk/src/rp2_common/hardware_pio/pio.c.obj
 .text._pio_find_offset_for_program
                0x1000b67c       0x7c CMakeFiles/THINGAMAPRO_RP2040.dir/C_/Program_Files/Raspberry_Pi/Pico_SDK_v1.5.1/pico-sdk/src/rp2_common/hardware_pio/pio.c.obj
 .text._pio_add_program_at_offset
                0x1000b6f8       0x78 CMakeFiles/THINGAMAPRO_RP2040.dir/C_/Program_Files/Raspberry_Pi/Pico_SDK_v1.5.1/pico-sdk/src/rp2_common/hardware_pio/pio.c.obj
 .text.pio_add_program
                0x1000b770       0x38 CMakeFiles/THINGAMAPRO_RP2040.dir/C_/Program_Files/Raspberry_Pi/Pico_SDK_v1.5.1/pico-sdk/src/rp2_common/hardware_pio/pio.c.obj
                0x1000b770                pio_add_program
 .text.pio_sm_set_consecutive_pindirs
                0x1000b7a8       0xa4 CMakeFiles/THINGAMAPRO_RP2040.dir/C_/Program_Files/Raspberry_Pi/Pico_SDK_v1.5.1/pico-sdk/src/rp2_common/hardware_pio/pio.c.obj
                0x1000b7a8                pio_sm_set_consecutive_pindirs
 .text.pio_sm_init
                0x1000b84c       0xe4 CMakeFiles/THINGAMAPRO_RP2040.dir/C_/Program_Files/Raspberry_Pi/Pico_SDK_v1.5.1/pico-sdk/src/rp2_common/hardware_pio/pio.c.obj
                0x1000b84c                pio_sm_init
 .text.spi_set_baudrate
                0x1000b930       0xcc CMakeFiles/THINGAMAPRO_RP2040.dir/C_/Program_Files/Raspberry_Pi/Pico_SDK_v1.5.1/pico-sdk/src/rp2_common/hardware_spi/spi.c.obj
                0x1000b930                spi_set_baudrate
 .text.spi_init
                0x1000b9fc       0x74 CMakeFiles/THINGAMAPRO_RP2040.dir/C_/Program_Files/Raspberry_Pi/Pico_SDK_v1.5.1/pico-sdk/src/rp2_common/hardware_spi/spi.c.obj
                0x1000b9fc                spi_init
 .text.hw_endpoint_get_by_addr
                0x1000ba70       0x18 CMakeFiles/THINGAMAPRO_RP2040.dir/C_/Program_Files/Raspberry_Pi/Pico_SDK_v1.5.1/pico-sdk/lib/tinyusb/src/portable/raspberrypi/rp2040/dcd_rp2040.c.obj