Archive member included to satisfy reference by file (symbol)

c:/progra~1/raspbe~1/picosd~1.1/gcc-ar~1/bin/../lib/gcc/arm-none-eabi/10.3.1/../../../../arm-none-eabi/lib/thumb/v6-m/nofp\libm.a(lib_a-s_fmin.o)
                              CMakeFiles/THINGAMAPRO_RP2040.dir/lib/HOJA-LIB-RP2040/src/input/stick_scaling.c.obj (fmin)
c:/progra~1/raspbe~1/picosd~1.1/gcc-ar~1/bin/../lib/gcc/arm-none-eabi/10.3.1/../../../../arm-none-eabi/lib/thumb/v6-m/nofp\libm.a(lib_a-s_fpclassify.o)
                              c:/progra~1/raspbe~1/picosd~1.1/gcc-ar~1/bin/../lib/gcc/arm-none-eabi/10.3.1/../../../../arm-none-eabi/lib/thumb/v6-m/nofp\libm.a(lib_a-s_fmin.o) (__fpclassifyd)
c:/progra~1/raspbe~1/picosd~1.1/gcc-ar~1/bin/../lib/gcc/arm-none-eabi/10.3.1/thumb/v6-m/nofp\libgcc.a(_dvmd_tls.o)
                              CMakeFiles/THINGAMAPRO_RP2040.dir/C_/Program_Files/Raspberry_Pi/Pico_SDK_v1.5.1/pico-sdk/src/rp2_common/pico_divider/divider.S.obj (__aeabi_idiv0)
c:/progra~1/raspbe~1/picosd~1.1/gcc-ar~1/bin/../lib/gcc/arm-none-eabi/10.3.1/../../../../arm-none-eabi/lib/thumb/v6-m/nofp\libg.a(lib_a-calloc.o)
                              CMakeFiles/THINGAMAPRO_RP2040.dir/C_/Program_Files/Raspberry_Pi/Pico_SDK_v1.5.1/pico-sdk/src/rp2_common/pico_malloc/pico_malloc.c.obj (calloc)
c:/progra~1/raspbe~1/picosd~1.1/gcc-ar~1/bin/../lib/gcc/arm-none-eabi/10.3.1/../../../../arm-none-eabi/lib/thumb/v6-m/nofp\libg.a(lib_a-callocr.o)
                              c:/progra~1/raspbe~1/picosd~1.1/gcc-ar~1/bin/../lib/gcc/arm-none-eabi/10.3.1/../../../../arm-none-eabi/lib/thumb/v6-m/nofp\libg.a(lib_a-calloc.o) (_calloc_r)
c:/progra~1/raspbe~1/picosd~1.1/gcc-ar~1/bin/../lib/gcc/arm-none-eabi/10.3.1/../../../../arm-none-eabi/lib/thumb/v6-m/nofp\libg.a(lib_a-errno.o)
                              c:/progra~1/raspbe~1/picosd~1.1/gcc-ar~1/bin/../lib/gcc/arm-none-eabi/10.3.1/../../../../arm-none-eabi/lib/thumb/v6-m/nofp\libg.a(lib_a-callocr.o) (__errno)
c:/progra~1/raspbe~1/picosd~1.1/gcc-ar~1/bin/../lib/gcc/arm-none-eabi/10.3.1/../../../../arm-none-eabi/lib/thumb/v6-m/nofp\libg.a(lib_a-impure.o)
                              c:/progra~1/raspbe~1/picosd~1.1/gcc-ar~1/bin/../lib/gcc/arm-none-eabi/10.3.1/../../../../arm-none-eabi/lib/thumb/v6-m/nofp\libg.a(lib_a-calloc.o) (_impure_ptr)
c:/progra~1/raspbe~1/picosd~1.1/gcc-ar~1/bin/../lib/gcc/arm-none-eabi/10.3.1/../../../../arm-none-eabi/lib/thumb/v6-m/nofp\libg.a(lib_a-init.o)
                              c:/progra~1/raspbe~1/picosd~1.1/gcc-ar~1/bin/../lib/gcc/arm-none-eabi/10.3.1/../../../../arm-none-eabi/lib/thumb/v6-m/nofp/crt0.o (__libc_init_array)
c:/progra~1/raspbe~1/picosd~1.1/gcc-ar~1/bin/../lib/gcc/arm-none-eabi/10.3.1/../../../../arm-none-eabi/lib/thumb/v6-m/nofp\libg.a(lib_a-malloc.o)
                              CMakeFiles/THINGAMAPRO_RP2040.dir/C_/Program_Files/Raspberry_Pi/Pico_SDK_v1.5.1/pico-sdk/src/rp2_common/pico_malloc/pico_malloc.c.obj (malloc)
c:/progra~1/raspbe~1/picosd~1.1/gcc-ar~1/bin/../lib/gcc/arm-none-eabi/10.3.1/../../../../arm-none-eabi/lib/thumb/v6-m/nofp\libg.a(lib_a-mallocr.o)
                              c:/progra~1/raspbe~1/picosd~1.1/gcc-ar~1/bin/../lib/gcc/arm-none-eabi/10.3.1/../../../../arm-none-eabi/lib/thumb/v6-m/nofp\libg.a(lib_a-callocr.o) (_malloc_r)
c:/progra~1/raspbe~1/picosd~1.1/gcc-ar~1/bin/../lib/gcc/arm-none-eabi/10.3.1/../../../../arm-none-eabi/lib/thumb/v6-m/nofp\libg.a(lib_a-mlock.o)
                              c:/progra~1/raspbe~1/picosd~1.1/gcc-ar~1/bin/../lib/gcc/arm-none-eabi/10.3.1/../../../../arm-none-eabi/lib/thumb/v6-m/nofp\libg.a(lib_a-mallocr.o) (__malloc_lock)
c:/progra~1/raspbe~1/picosd~1.1/gcc-ar~1/bin/../lib/gcc/arm-none-eabi/10.3.1/../../../../arm-none-eabi/lib/thumb/v6-m/nofp\libg.a(lib_a-realloc.o)
                              CMakeFiles/THINGAMAPRO_RP2040.dir/C_/Program_Files/Raspberry_Pi/Pico_SDK_v1.5.1/pico-sdk/src/rp2_common/pico_malloc/pico_malloc.c.obj (realloc)
c:/progra~1/raspbe~1/picosd~1.1/gcc-ar~1/bin/../lib/gcc/arm-none-eabi/10.3.1/../../../../arm-none-eabi/lib/thumb/v6-m/nofp\libg.a(lib_a-reallocr.o)
                              c:/progra~1/raspbe~1/picosd~1.1/gcc-ar~1/bin/../lib/gcc/arm-none-eabi/10.3.1/../../../../arm-none-eabi/lib/thumb/v6-m/nofp\libg.a(lib_a-realloc.o) (_realloc_r)
c:/progra~1/raspbe~1/picosd~1.1/gcc-ar~1/bin/../lib/gcc/arm-none-eabi/10.3.1/../../../../arm-none-eabi/lib/thumb/v6-m/nofp\libg.a(lib_a-sbrkr.o)
                              c:/progra~1/raspbe~1/picosd~1.1/gcc-ar~1/bin/../lib/gcc/arm-none-eabi/10.3.1/../../../../arm-none-eabi/lib/thumb/v6-m/nofp\libg.a(lib_a-mallocr.o) (_sbrk_r)
c:/progra~1/raspbe~1/picosd~1.1/gcc-ar~1/bin/../lib/gcc/arm-none-eabi/10.3.1/../../../../arm-none-eabi/lib/thumb/v6-m/nofp\libg.a(lib_a-strlen-stub.o)
                              CMakeFiles/THINGAMAPRO_RP2040.dir/lib/HOJA-LIB-RP2040/src/usb/hoja_usb.c.obj (strlen)
[...]
Memory Configuration

Name             Origin             Length             Attributes
FLASH            0x10000000         0x00200000         xr
RAM              0x20000000         0x00040000         xrw
SCRATCH_X        0x20040000         0x00001000         xrw
SCRATCH_Y        0x20041000         0x00001000         xrw
*default*        0x00000000         0xffffffff

Linker script and memory map

LOAD c:/progra~1/raspbe~1/picosd~1.1/gcc-ar~1/bin/../lib/gcc/arm-none-eabi/10.3.1/thumb/v6-m/nofp/crti.o
LOAD c:/progra~1/raspbe~1/picosd~1.1/gcc-ar~1/bin/../lib/gcc/arm-none-eabi/10.3.1/thumb/v6-m/nofp/crtbegin.o
LOAD c:/progra~1/raspbe~1/picosd~1.1/gcc-ar~1/bin/../lib/gcc/arm-none-eabi/10.3.1/../../../../arm-none-eabi/lib/thumb/v6-m/nofp/crt0.o

.flash_begin    0x10000000        0x0
                0x10000000                __flash_binary_start = .

.boot2          0x10000000      0x100
                0x10000000                __boot2_start__ = .
 *(.boot2)
 .boot2         0x10000000      0x100 C:\Users\Mitch\AppData\Local\Temp\ccqSprkn.o
                0x10000100                __boot2_end__ = .
                0x00000001                ASSERT (((__boot2_end__ - __boot2_start__) == 0x100), ERROR: Pico second stage bootloader must be 256 bytes in size)

.text           0x10000100    0x101b0
                0x10000100                __logical_binary_start = .
 *(.vectors)
 .vectors       0x10000100       0xd4 CMakeFiles/THINGAMAPRO_RP2040.dir/C_/Program_Files/Raspberry_Pi/Pico_SDK_v1.5.1/pico-sdk/src/rp2_common/pico_standard_link/crt0.S.obj
                0x10000100                __VECTOR_TABLE
                0x10000100                __vectors
                0x100001c0                isr_invalid
                0x100001c0                __default_isrs_start
                0x100001c2                isr_nmi
                0x100001c4                isr_hardfault
                0x100001c6                isr_svcall
                0x100001c8                isr_pendsv
                0x100001ca                isr_systick
                0x100001cc                isr_irq23
                0x100001cc                isr_irq18
                0x100001cc                isr_irq11
                0x100001cc                isr_irq28
                0x100001cc                isr_irq19
                0x100001cc                isr_irq0
                0x100001cc                isr_irq6
                0x100001cc                isr_irq5
                0x100001cc                isr_irq12
                0x100001cc                isr_irq22
                0x100001cc                isr_irq31
                0x100001cc                isr_irq17
                0x100001cc                isr_irq27
                0x100001cc                isr_irq30
                0x100001cc                isr_irq2
                0x100001cc                isr_irq10
                0x100001cc                isr_irq8
                0x100001cc                isr_irq24
                0x100001cc                isr_irq1
                0x100001cc                isr_irq7
                0x100001cc                isr_irq21
                0x100001cc                isr_irq20
                0x100001cc                isr_irq15
                0x100001cc                isr_irq25
                0x100001cc                isr_irq13
                0x100001cc                __unhandled_user_irq
                0x100001cc                isr_irq4
                0x100001cc                isr_irq16
                0x100001cc                isr_irq29
                0x100001cc                isr_irq26
                0x100001cc                __default_isrs_end
                0x100001cc                isr_irq3
                0x100001cc                isr_irq14
                0x100001cc                isr_irq9
                0x100001d2                unhandled_user_irq_num_in_r0
 *(.binary_info_header)
 .binary_info_header
                0x100001d4       0x14 CMakeFiles/THINGAMAPRO_RP2040.dir/C_/Program_Files/Raspberry_Pi/Pico_SDK_v1.5.1/pico-sdk/src/rp2_common/pico_standard_link/crt0.S.obj
                0x100001e8                __binary_info_header_end = .
 *(.reset)
 .reset         0x100001e8       0xa0 CMakeFiles/THINGAMAPRO_RP2040.dir/C_/Program_Files/Raspberry_Pi/Pico_SDK_v1.5.1/pico-sdk/src/rp2_common/pico_standard_link/crt0.S.obj
                0x100001e8                _entry_point
 .reset         0x10000288       0x30 CMakeFiles/THINGAMAPRO_RP2040.dir/C_/Program_Files/Raspberry_Pi/Pico_SDK_v1.5.1/pico-sdk/src/rp2_common/pico_standard_link/binary_info.c.obj
 *(.init)
 .init          0x100002b8        0x4 c:/progra~1/raspbe~1/picosd~1.1/gcc-ar~1/bin/../lib/gcc/arm-none-eabi/10.3.1/thumb/v6-m/nofp/crti.o
                0x100002b8                _init
 *(EXCLUDE_FILE(*libm.a: *libc.a:*lib_a-mem*.o *libgcc.a:) .text*)
 .text          0x100002bc       0x48 c:/progra~1/raspbe~1/picosd~1.1/gcc-ar~1/bin/../lib/gcc/arm-none-eabi/10.3.1/thumb/v6-m/nofp/crtbegin.o
 .text.cb_hoja_hardware_setup
                0x10000304       0xd4 CMakeFiles/THINGAMAPRO_RP2040.dir/src/main.c.obj
                0x10000304                cb_hoja_hardware_setup
 .text.cb_hoja_read_buttons
                0x100003d8      0x15e CMakeFiles/THINGAMAPRO_RP2040.dir/src/main.c.obj
                0x100003d8                cb_hoja_read_buttons
 *fill*         0x10000536        0x2 
 .text.cb_hoja_read_analog
                0x10000538      0x108 CMakeFiles/THINGAMAPRO_RP2040.dir/src/main.c.obj
                0x10000538                cb_hoja_read_analog
 .text.cb_hoja_task_1_hook
                0x10000640        0x8 CMakeFiles/THINGAMAPRO_RP2040.dir/src/main.c.obj
                0x10000640                cb_hoja_task_1_hook
 .text.main     0x10000648       0x50 CMakeFiles/THINGAMAPRO_RP2040.dir/src/main.c.obj
                0x10000648                main
 .text.app_rumble_output
                0x10000698       0x44 CMakeFiles/THINGAMAPRO_RP2040.dir/src/app_rumble.c.obj
                0x10000698                app_rumble_output
 .text.app_rumble_task
                0x100006dc       0x58 CMakeFiles/THINGAMAPRO_RP2040.dir/src/app_rumble.c.obj
                0x100006dc                app_rumble_task
 .text.cb_hoja_rumble_set
                0x10000734       0x6c CMakeFiles/THINGAMAPRO_RP2040.dir/src/app_rumble.c.obj
                0x10000734                cb_hoja_rumble_set
 .text.cb_hoja_rumble_test
                0x100007a0       0x80 CMakeFiles/THINGAMAPRO_RP2040.dir/src/app_rumble.c.obj
                0x100007a0                cb_hoja_rumble_test
 .text.cb_hoja_rumble_init
                0x10000820      0x128 CMakeFiles/THINGAMAPRO_RP2040.dir/src/app_rumble.c.obj
                0x10000820                cb_hoja_rumble_init
 .text.cb_hoja_hardware_test
                0x10000948        0x4 CMakeFiles/THINGAMAPRO_RP2040.dir/lib/HOJA-LIB-RP2040/src/hoja.c.obj
                0x10000948                cb_hoja_hardware_test
 .text.cb_hoja_read_imu
                0x1000094c        0x2 CMakeFiles/THINGAMAPRO_RP2040.dir/lib/HOJA-LIB-RP2040/src/hoja.c.obj
                0x1000094c                cb_hoja_read_imu
 *fill*         0x1000094e        0x2 
 .text.hoja_rumble_set
                0x10000950       0x18 CMakeFiles/THINGAMAPRO_RP2040.dir/lib/HOJA-LIB-RP2040/src/hoja.c.obj
                0x10000950                hoja_rumble_set
 .text._hoja_task_1
                0x10000968       0x48 CMakeFiles/THINGAMAPRO_RP2040.dir/lib/HOJA-LIB-RP2040/src/hoja.c.obj
                0x10000968                _hoja_task_1
 .text.cb_hoja_task_0_hook
                0x100009b0        0x2 CMakeFiles/THINGAMAPRO_RP2040.dir/lib/HOJA-LIB-RP2040/src/hoja.c.obj
                0x100009b0                cb_hoja_task_0_hook
 *fill*         0x100009b2        0x2 
 .text.hoja_get_rumble_settings
                0x100009b4       0x18 CMakeFiles/THINGAMAPRO_RP2040.dir/lib/HOJA-LIB-RP2040/src/hoja.c.obj
                0x100009b4                hoja_get_rumble_settings
 .text.cb_hoja_set_bluetooth_enabled
                0x100009cc        0x2 CMakeFiles/THINGAMAPRO_RP2040.dir/lib/HOJA-LIB-RP2040/src/hoja.c.obj
                0x100009cc                cb_hoja_set_bluetooth_enabled
 .text.cb_hoja_set_uart_enabled
                0x100009ce        0x2 CMakeFiles/THINGAMAPRO_RP2040.dir/lib/HOJA-LIB-RP2040/src/hoja.c.obj
                0x100009ce                cb_hoja_set_uart_enabled
 .text.cb_hoja_baseband_update_loop
                0x100009d0        0x2 CMakeFiles/THINGAMAPRO_RP2040.dir/lib/HOJA-LIB-RP2040/src/hoja.c.obj
                0x100009d0                cb_hoja_baseband_update_loop
 *fill*         0x100009d2        0x2 
 .text.hoja_get_input_method
                0x100009d4        0xc CMakeFiles/THINGAMAPRO_RP2040.dir/lib/HOJA-LIB-RP2040/src/hoja.c.obj
                0x100009d4                hoja_get_input_method
 .text.hoja_shutdown_instant
                0x100009e0       0x1a CMakeFiles/THINGAMAPRO_RP2040.dir/lib/HOJA-LIB-RP2040/src/hoja.c.obj
                0x100009e0                hoja_shutdown_instant
 *fill*         0x100009fa        0x2 
 .text._hoja_task_0
                0x100009fc       0xf0 CMakeFiles/THINGAMAPRO_RP2040.dir/lib/HOJA-LIB-RP2040/src/hoja.c.obj
                0x100009fc                _hoja_task_0
 .text.hoja_init
                0x10000aec      0x1d0 CMakeFiles/THINGAMAPRO_RP2040.dir/lib/HOJA-LIB-RP2040/src/hoja.c.obj
                0x10000aec                hoja_init
 .text.hoja_setup_gpio_button
                0x10000cbc       0x1e CMakeFiles/THINGAMAPRO_RP2040.dir/lib/HOJA-LIB-RP2040/src/hoja.c.obj
                0x10000cbc                hoja_setup_gpio_button
 *fill*         0x10000cda        0x2 
 .text._settings_validate
                0x10000cdc       0x2c CMakeFiles/THINGAMAPRO_RP2040.dir/lib/HOJA-LIB-RP2040/src/hoja_settings.c.obj
                0x10000cdc                _settings_validate
 .text._settings_migrate
                0x10000d08      0x1b4 CMakeFiles/THINGAMAPRO_RP2040.dir/lib/HOJA-LIB-RP2040/src/hoja_settings.c.obj
                0x10000d08                _settings_migrate
 .text._settings_get_config_version
                0x10000ebc       0x24 CMakeFiles/THINGAMAPRO_RP2040.dir/lib/HOJA-LIB-RP2040/src/hoja_settings.c.obj
                0x10000ebc                _settings_get_config_version
 .text._generate_mac
                0x10000ee0       0x58 CMakeFiles/THINGAMAPRO_RP2040.dir/lib/HOJA-LIB-RP2040/src/hoja_settings.c.obj
                0x10000ee0                _generate_mac
 .text._settings_init_default
                0x10000f38      0x20c CMakeFiles/THINGAMAPRO_RP2040.dir/lib/HOJA-LIB-RP2040/src/hoja_settings.c.obj
                0x10000f38                _settings_init_default
 .text.settings_get_bank
                0x10001144        0xc CMakeFiles/THINGAMAPRO_RP2040.dir/lib/HOJA-LIB-RP2040/src/hoja_settings.c.obj
                0x10001144                settings_get_bank
 .text.settings_core1_save_check
                0x10001150       0xa0 CMakeFiles/THINGAMAPRO_RP2040.dir/lib/HOJA-LIB-RP2040/src/hoja_settings.c.obj
                0x10001150                settings_core1_save_check
 .text.settings_save_webindicate
                0x100011f0        0xc CMakeFiles/THINGAMAPRO_RP2040.dir/lib/HOJA-LIB-RP2040/src/hoja_settings.c.obj
                0x100011f0                settings_save_webindicate
 .text.settings_save
                0x100011fc        0xc CMakeFiles/THINGAMAPRO_RP2040.dir/lib/HOJA-LIB-RP2040/src/hoja_settings.c.obj
                0x100011fc                settings_save
 .text.settings_load
                0x10001208       0xf8 CMakeFiles/THINGAMAPRO_RP2040.dir/lib/HOJA-LIB-RP2040/src/hoja_settings.c.obj
                0x10001208                settings_load
 .text.settings_set_rumble
                0x10001300       0x1c CMakeFiles/THINGAMAPRO_RP2040.dir/lib/HOJA-LIB-RP2040/src/hoja_settings.c.obj
                0x10001300                settings_set_rumble
 .text.settings_set_deadzone
                0x1000131c       0x44 CMakeFiles/THINGAMAPRO_RP2040.dir/lib/HOJA-LIB-RP2040/src/hoja_settings.c.obj
                0x1000131c                settings_set_deadzone
 .text.settings_set_centers
                0x10001360       0x44 CMakeFiles/THINGAMAPRO_RP2040.dir/lib/HOJA-LIB-RP2040/src/hoja_settings.c.obj
                0x10001360                settings_set_centers
 .text.settings_set_mode
                0x100013a4       0x10 CMakeFiles/THINGAMAPRO_RP2040.dir/lib/HOJA-LIB-RP2040/src/hoja_settings.c.obj
                0x100013a4                settings_set_mode
 .text.hoja_comms_task
                0x100013b4       0x14 CMakeFiles/THINGAMAPRO_RP2040.dir/lib/HOJA-LIB-RP2040/src/hoja_comms.c.obj
                0x100013b4                hoja_comms_task
 .text.hoja_comms_current_mode
                0x100013c8        0xc CMakeFiles/THINGAMAPRO_RP2040.dir/lib/HOJA-LIB-RP2040/src/hoja_comms.c.obj
                0x100013c8                hoja_comms_current_mode
 .text.hoja_comms_init
                0x100013d4       0xb0 CMakeFiles/THINGAMAPRO_RP2040.dir/lib/HOJA-LIB-RP2040/src/hoja_comms.c.obj
                0x100013d4                hoja_comms_init
 .text.rgb_set_player
                0x10001484        0x2 CMakeFiles/THINGAMAPRO_RP2040.dir/lib/HOJA-LIB-RP2040/src/utilities/rgb.c.obj
                0x10001484                rgb_set_player
 .text.rgb_update_speed
                0x10001486        0x2 CMakeFiles/THINGAMAPRO_RP2040.dir/lib/HOJA-LIB-RP2040/src/utilities/rgb.c.obj
                0x10001486                rgb_update_speed
 .text.rgb_indicate
                0x10001488        0x2 CMakeFiles/THINGAMAPRO_RP2040.dir/lib/HOJA-LIB-RP2040/src/utilities/rgb.c.obj
                0x10001488                rgb_indicate
 .text.rgb_flash
                0x1000148a        0x2 CMakeFiles/THINGAMAPRO_RP2040.dir/lib/HOJA-LIB-RP2040/src/utilities/rgb.c.obj
                0x1000148a                rgb_flash
 .text.rgb_set_group
                0x1000148c        0x2 CMakeFiles/THINGAMAPRO_RP2040.dir/lib/HOJA-LIB-RP2040/src/utilities/rgb.c.obj
                0x1000148c                rgb_set_group
 .text.rgb_init
                0x1000148e        0x2 CMakeFiles/THINGAMAPRO_RP2040.dir/lib/HOJA-LIB-RP2040/src/utilities/rgb.c.obj
                0x1000148e                rgb_init
 .text.rgb_task
                0x10001490        0x2 CMakeFiles/THINGAMAPRO_RP2040.dir/lib/HOJA-LIB-RP2040/src/utilities/rgb.c.obj
                0x10001490                rgb_task
 .text.util_battery_monitor_task_usb
                0x10001492        0x2 CMakeFiles/THINGAMAPRO_RP2040.dir/lib/HOJA-LIB-RP2040/src/utilities/battery.c.obj
                0x10001492                util_battery_monitor_task_usb
 .text.util_battery_enable_ship_mode
                0x10001494        0xe CMakeFiles/THINGAMAPRO_RP2040.dir/lib/HOJA-LIB-RP2040/src/utilities/battery.c.obj
                0x10001494                util_battery_enable_ship_mode
 .text.util_battery_set_charge_rate
                0x100014a2       0x38 CMakeFiles/THINGAMAPRO_RP2040.dir/lib/HOJA-LIB-RP2040/src/utilities/battery.c.obj
                0x100014a2                util_battery_set_charge_rate
 *fill*         0x100014da        0x2 
 .text.util_wire_connected
                0x100014dc       0x10 CMakeFiles/THINGAMAPRO_RP2040.dir/lib/HOJA-LIB-RP2040/src/utilities/battery.c.obj
                0x100014dc                util_wire_connected
 .text._scratch_set
                0x100014ec       0x14 CMakeFiles/THINGAMAPRO_RP2040.dir/lib/HOJA-LIB-RP2040/src/utilities/reboot.c.obj
                0x100014ec                _scratch_set
 .text._scratch_get
                0x10001500       0x24 CMakeFiles/THINGAMAPRO_RP2040.dir/lib/HOJA-LIB-RP2040/src/utilities/reboot.c.obj
                0x10001500                _scratch_get
 .text.reboot_get_memory
                0x10001524        0xa CMakeFiles/THINGAMAPRO_RP2040.dir/lib/HOJA-LIB-RP2040/src/utilities/reboot.c.obj
                0x10001524                reboot_get_memory
 .text.interval_run
                0x1000152e       0x26 CMakeFiles/THINGAMAPRO_RP2040.dir/lib/HOJA-LIB-RP2040/src/utilities/interval.c.obj
                0x1000152e                interval_run
 .text.interval_resettable_run
                0x10001554       0x3a CMakeFiles/THINGAMAPRO_RP2040.dir/lib/HOJA-LIB-RP2040/src/utilities/interval.c.obj
                0x10001554                interval_resettable_run
 *fill*         0x1000158e        0x2 
 .text.tud_descriptor_bos_cb
                0x10001590       0x1c CMakeFiles/THINGAMAPRO_RP2040.dir/lib/HOJA-LIB-RP2040/src/usb/desc_bos.c.obj
                0x10001590                tud_descriptor_bos_cb
 .text.tud_hid_ready
                0x100015ac        0xa CMakeFiles/THINGAMAPRO_RP2040.dir/lib/HOJA-LIB-RP2040/src/usb/hoja_usb.c.obj
 *fill*         0x100015b6        0x2 
 .text.hoja_usb_set_usb_clear
                0x100015b8       0x28 CMakeFiles/THINGAMAPRO_RP2040.dir/lib/HOJA-LIB-RP2040/src/usb/hoja_usb.c.obj
                0x100015b8                hoja_usb_set_usb_clear
 .text.hoja_usb_unset_usb_clear
                0x100015e0       0x28 CMakeFiles/THINGAMAPRO_RP2040.dir/lib/HOJA-LIB-RP2040/src/usb/hoja_usb.c.obj
                0x100015e0                hoja_usb_unset_usb_clear
 .text.hoja_usb_get_usb_clear
                0x10001608       0x4c CMakeFiles/THINGAMAPRO_RP2040.dir/lib/HOJA-LIB-RP2040/src/usb/hoja_usb.c.obj
                0x10001608                hoja_usb_get_usb_clear
 .text.usbd_app_driver_get_cb
                0x10001654       0x24 CMakeFiles/THINGAMAPRO_RP2040.dir/lib/HOJA-LIB-RP2040/src/usb/hoja_usb.c.obj
                0x10001654                usbd_app_driver_get_cb
 .text._hoja_usb_set_interval
                0x10001678       0x44 CMakeFiles/THINGAMAPRO_RP2040.dir/lib/HOJA-LIB-RP2040/src/usb/hoja_usb.c.obj
                0x10001678                _hoja_usb_set_interval
 .text.hoja_usb_start
                0x100016bc       0xb0 CMakeFiles/THINGAMAPRO_RP2040.dir/lib/HOJA-LIB-RP2040/src/usb/hoja_usb.c.obj
                0x100016bc                hoja_usb_start
 .text.hoja_usb_task
                0x1000176c       0xcc CMakeFiles/THINGAMAPRO_RP2040.dir/lib/HOJA-LIB-RP2040/src/usb/hoja_usb.c.obj
                0x1000176c                hoja_usb_task
 .text.tud_descriptor_device_cb
                0x10001838       0x38 CMakeFiles/THINGAMAPRO_RP2040.dir/lib/HOJA-LIB-RP2040/src/usb/hoja_usb.c.obj
                0x10001838                tud_descriptor_device_cb
 .text.tud_descriptor_configuration_cb
                0x10001870       0x38 CMakeFiles/THINGAMAPRO_RP2040.dir/lib/HOJA-LIB-RP2040/src/usb/hoja_usb.c.obj
                0x10001870                tud_descriptor_configuration_cb
 .text.tud_hid_get_report_cb
                0x100018a8        0x4 CMakeFiles/THINGAMAPRO_RP2040.dir/lib/HOJA-LIB-RP2040/src/usb/hoja_usb.c.obj
                0x100018a8                tud_hid_get_report_cb
 .text.tud_hid_report_complete_cb
                0x100018ac       0x54 CMakeFiles/THINGAMAPRO_RP2040.dir/lib/HOJA-LIB-RP2040/src/usb/hoja_usb.c.obj
                0x100018ac                tud_hid_report_complete_cb
 .text.tud_hid_set_report_cb
                0x10001900       0xd8 CMakeFiles/THINGAMAPRO_RP2040.dir/lib/HOJA-LIB-RP2040/src/usb/hoja_usb.c.obj
                0x10001900                tud_hid_set_report_cb
 .text.tud_hid_descriptor_report_cb
                0x100019d8       0x2c CMakeFiles/THINGAMAPRO_RP2040.dir/lib/HOJA-LIB-RP2040/src/usb/hoja_usb.c.obj
                0x100019d8                tud_hid_descriptor_report_cb
 .text.tud_descriptor_string_cb
                0x10001a04       0x9c CMakeFiles/THINGAMAPRO_RP2040.dir/lib/HOJA-LIB-RP2040/src/usb/hoja_usb.c.obj
                0x10001a04                tud_descriptor_string_cb
 .text.tud_vendor_rx_cb
                0x10001aa0       0x38 CMakeFiles/THINGAMAPRO_RP2040.dir/lib/HOJA-LIB-RP2040/src/usb/hoja_usb.c.obj
                0x10001aa0                tud_vendor_rx_cb
 .text.tud_vendor_control_xfer_cb
                0x10001ad8      0x100 CMakeFiles/THINGAMAPRO_RP2040.dir/lib/HOJA-LIB-RP2040/src/usb/hoja_usb.c.obj
                0x10001ad8                tud_vendor_control_xfer_cb
 .text.dir_to_hat
                0x10001bd8       0x88 CMakeFiles/THINGAMAPRO_RP2040.dir/lib/HOJA-LIB-RP2040/src/usb/hoja_usb.c.obj
                0x10001bd8                dir_to_hat
 .text.xinputd_control_xfer_cb
                0x10001c60        0x4 CMakeFiles/THINGAMAPRO_RP2040.dir/lib/HOJA-LIB-RP2040/src/usb/xinput_device.c.obj
                0x10001c60                xinputd_control_xfer_cb
 .text.xinputd_reset
                0x10001c64       0x14 CMakeFiles/THINGAMAPRO_RP2040.dir/lib/HOJA-LIB-RP2040/src/usb/xinput_device.c.obj
                0x10001c64                xinputd_reset
 .text.xinputd_init
                0x10001c78        0xa CMakeFiles/THINGAMAPRO_RP2040.dir/lib/HOJA-LIB-RP2040/src/usb/xinput_device.c.obj
                0x10001c78                xinputd_init
 *fill*         0x10001c82        0x2 
 .text.xinputd_open
                0x10001c84       0x70 CMakeFiles/THINGAMAPRO_RP2040.dir/lib/HOJA-LIB-RP2040/src/usb/xinput_device.c.obj
                0x10001c84                xinputd_open
 .text.xinputd_xfer_cb
                0x10001cf4       0x68 CMakeFiles/THINGAMAPRO_RP2040.dir/lib/HOJA-LIB-RP2040/src/usb/xinput_device.c.obj
                0x10001cf4                xinputd_xfer_cb
 .text.tud_xinput_getout
                0x10001d5c       0x54 CMakeFiles/THINGAMAPRO_RP2040.dir/lib/HOJA-LIB-RP2040/src/usb/xinput_device.c.obj
                0x10001d5c                tud_xinput_getout
 .text.tud_xinput_report
                0x10001db0       0x58 CMakeFiles/THINGAMAPRO_RP2040.dir/lib/HOJA-LIB-RP2040/src/usb/xinput_device.c.obj
                0x10001db0                tud_xinput_report
 .text.tud_xinput_ready
                0x10001e08       0x48 CMakeFiles/THINGAMAPRO_RP2040.dir/lib/HOJA-LIB-RP2040/src/usb/xinput_device.c.obj
                0x10001e08                tud_xinput_ready
 .text.ginputd_reset
                0x10001e50       0x14 CMakeFiles/THINGAMAPRO_RP2040.dir/lib/HOJA-LIB-RP2040/src/usb/ginput_device.c.obj
                0x10001e50                ginputd_reset
 .text.ginputd_init
                0x10001e64        0xa CMakeFiles/THINGAMAPRO_RP2040.dir/lib/HOJA-LIB-RP2040/src/usb/ginput_device.c.obj
                0x10001e64                ginputd_init
 *fill*         0x10001e6e        0x2 
 .text.ginputd_open
                0x10001e70       0xc4 CMakeFiles/THINGAMAPRO_RP2040.dir/lib/HOJA-LIB-RP2040/src/usb/ginput_device.c.obj
                0x10001e70                ginputd_open
 .text.ginputd_xfer_cb
                0x10001f34       0x84 CMakeFiles/THINGAMAPRO_RP2040.dir/lib/HOJA-LIB-RP2040/src/usb/ginput_device.c.obj
                0x10001f34                ginputd_xfer_cb
 .text.ginputd_control_xfer_cb
                0x10001fb8      0x28c CMakeFiles/THINGAMAPRO_RP2040.dir/lib/HOJA-LIB-RP2040/src/usb/ginput_device.c.obj
                0x10001fb8                ginputd_control_xfer_cb
 .text.tud_ginput_n_ready
                0x10002244       0x50 CMakeFiles/THINGAMAPRO_RP2040.dir/lib/HOJA-LIB-RP2040/src/usb/ginput_device.c.obj
                0x10002244                tud_ginput_n_ready
 .text.tud_ginput_ready
                0x10002294        0xa CMakeFiles/THINGAMAPRO_RP2040.dir/lib/HOJA-LIB-RP2040/src/usb/ginput_device.c.obj
                0x10002294                tud_ginput_ready
 *fill*         0x1000229e        0x2 
 .text.tud_ginput_n_report
                0x100022a0       0x94 CMakeFiles/THINGAMAPRO_RP2040.dir/lib/HOJA-LIB-RP2040/src/usb/ginput_device.c.obj
                0x100022a0                tud_ginput_n_report
 .text.tud_ginput_report
                0x10002334       0x10 CMakeFiles/THINGAMAPRO_RP2040.dir/lib/HOJA-LIB-RP2040/src/usb/ginput_device.c.obj
                0x10002334                tud_ginput_report
 .text.switch_analog_encode
                0x10002344       0x16 CMakeFiles/THINGAMAPRO_RP2040.dir/lib/HOJA-LIB-RP2040/src/switch/switch_analog.c.obj
                0x10002344                switch_analog_encode
 *fill*         0x1000235a        0x2 
 .text.switch_analog_calibration_init
                0x1000235c       0x50 CMakeFiles/THINGAMAPRO_RP2040.dir/lib/HOJA-LIB-RP2040/src/switch/switch_analog.c.obj
                0x1000235c                switch_analog_calibration_init
 .text.clear_report
                0x100023ac       0x14 CMakeFiles/THINGAMAPRO_RP2040.dir/lib/HOJA-LIB-RP2040/src/switch/switch_commands.c.obj
                0x100023ac                clear_report
 .text.set_report_id
                0x100023c0        0xc CMakeFiles/THINGAMAPRO_RP2040.dir/lib/HOJA-LIB-RP2040/src/switch/switch_commands.c.obj
                0x100023c0                set_report_id
 .text.set_ack  0x100023cc        0xc CMakeFiles/THINGAMAPRO_RP2040.dir/lib/HOJA-LIB-RP2040/src/switch/switch_commands.c.obj
                0x100023cc                set_ack
 .text.set_command
                0x100023d8        0xc CMakeFiles/THINGAMAPRO_RP2040.dir/lib/HOJA-LIB-RP2040/src/switch/switch_commands.c.obj
                0x100023d8                set_command
 .text.set_timer
                0x100023e4       0x28 CMakeFiles/THINGAMAPRO_RP2040.dir/lib/HOJA-LIB-RP2040/src/switch/switch_commands.c.obj
                0x100023e4                set_timer
 .text.set_battconn
                0x1000240c       0x14 CMakeFiles/THINGAMAPRO_RP2040.dir/lib/HOJA-LIB-RP2040/src/switch/switch_commands.c.obj
                0x1000240c                set_battconn
 .text.set_devinfo
                0x10002420       0x20 CMakeFiles/THINGAMAPRO_RP2040.dir/lib/HOJA-LIB-RP2040/src/switch/switch_commands.c.obj
                0x10002420                set_devinfo
 .text.set_sub_triggertime
                0x10002440       0x24 CMakeFiles/THINGAMAPRO_RP2040.dir/lib/HOJA-LIB-RP2040/src/switch/switch_commands.c.obj
                0x10002440                set_sub_triggertime
 .text._get_low_frequency
                0x10002464       0x30 CMakeFiles/THINGAMAPRO_RP2040.dir/lib/HOJA-LIB-RP2040/src/switch/switch_commands.c.obj
                0x10002464                _get_low_frequency
 .text._get_high_frequency
                0x10002494       0x30 CMakeFiles/THINGAMAPRO_RP2040.dir/lib/HOJA-LIB-RP2040/src/switch/switch_commands.c.obj
                0x10002494                _get_high_frequency
 .text._get_amplitude
                0x100024c4       0x24 CMakeFiles/THINGAMAPRO_RP2040.dir/lib/HOJA-LIB-RP2040/src/switch/switch_commands.c.obj
                0x100024c4                _get_amplitude
 .text.rumble_translate
                0x100024e8      0x140 CMakeFiles/THINGAMAPRO_RP2040.dir/lib/HOJA-LIB-RP2040/src/switch/switch_commands.c.obj
                0x100024e8                rumble_translate
 .text.info_set_mac
                0x10002628       0x34 CMakeFiles/THINGAMAPRO_RP2040.dir/lib/HOJA-LIB-RP2040/src/switch/switch_commands.c.obj
                0x10002628                info_set_mac
 .text.info_handler
                0x1000265c       0x34 CMakeFiles/THINGAMAPRO_RP2040.dir/lib/HOJA-LIB-RP2040/src/switch/switch_commands.c.obj
                0x1000265c                info_handler
 .text.pairing_set
                0x10002690       0xc0 CMakeFiles/THINGAMAPRO_RP2040.dir/lib/HOJA-LIB-RP2040/src/switch/switch_commands.c.obj
                0x10002690                pairing_set
 .text.command_handler
                0x10002750      0x134 CMakeFiles/THINGAMAPRO_RP2040.dir/lib/HOJA-LIB-RP2040/src/switch/switch_commands.c.obj
                0x10002750                command_handler
 .text.report_handler
                0x10002884       0x36 CMakeFiles/THINGAMAPRO_RP2040.dir/lib/HOJA-LIB-RP2040/src/switch/switch_commands.c.obj
                0x10002884                report_handler
 *fill*         0x100028ba        0x2 
 .text._unknown_thing
                0x100028bc       0x2c CMakeFiles/THINGAMAPRO_RP2040.dir/lib/HOJA-LIB-RP2040/src/switch/switch_commands.c.obj
                0x100028bc                _unknown_thing
 .text.switch_commands_process
                0x100028e8      0x1a0 CMakeFiles/THINGAMAPRO_RP2040.dir/lib/HOJA-LIB-RP2040/src/switch/switch_commands.c.obj
                0x100028e8                switch_commands_process
 .text.switch_commands_future_handle
                0x10002a88       0x28 CMakeFiles/THINGAMAPRO_RP2040.dir/lib/HOJA-LIB-RP2040/src/switch/switch_commands.c.obj
                0x10002a88                switch_commands_future_handle
 .text.switch_commands_bulkset
                0x10002ab0       0x10 CMakeFiles/THINGAMAPRO_RP2040.dir/lib/HOJA-LIB-RP2040/src/switch/switch_commands.c.obj
                0x10002ab0                switch_commands_bulkset
 .text.sw_spi_getaddressdata
                0x10002ac0      0x18c CMakeFiles/THINGAMAPRO_RP2040.dir/lib/HOJA-LIB-RP2040/src/switch/switch_spi.c.obj
                0x10002ac0                sw_spi_getaddressdata
 .text.sw_spi_readfromaddress
                0x10002c4c       0x50 CMakeFiles/THINGAMAPRO_RP2040.dir/lib/HOJA-LIB-RP2040/src/switch/switch_spi.c.obj
                0x10002c4c                sw_spi_readfromaddress
 .text.imu_pack_quat
                0x10002c9c      0x1fc CMakeFiles/THINGAMAPRO_RP2040.dir/lib/HOJA-LIB-RP2040/src/input/imu.c.obj
                0x10002c9c                imu_pack_quat
 .text._imu_rotate_quaternion
                0x10002e98      0x146 CMakeFiles/THINGAMAPRO_RP2040.dir/lib/HOJA-LIB-RP2040/src/input/imu.c.obj
                0x10002e98                _imu_rotate_quaternion
 .text._imu_quat_normalize
                0x10002fde       0x7c CMakeFiles/THINGAMAPRO_RP2040.dir/lib/HOJA-LIB-RP2040/src/input/imu.c.obj
                0x10002fde                _imu_quat_normalize
 *fill*         0x1000305a        0x2 
 .text._imu_update_quaternion
                0x1000305c      0x298 CMakeFiles/THINGAMAPRO_RP2040.dir/lib/HOJA-LIB-RP2040/src/input/imu.c.obj
                0x1000305c                _imu_update_quaternion
 .text.imu_fifo_push
                0x100032f4       0xa8 CMakeFiles/THINGAMAPRO_RP2040.dir/lib/HOJA-LIB-RP2040/src/input/imu.c.obj
                0x100032f4                imu_fifo_push
 .text.imu_fifo_last
                0x1000339c       0x38 CMakeFiles/THINGAMAPRO_RP2040.dir/lib/HOJA-LIB-RP2040/src/input/imu.c.obj
                0x1000339c                imu_fifo_last
 .text._imu_average_value
                0x100033d4       0x30 CMakeFiles/THINGAMAPRO_RP2040.dir/lib/HOJA-LIB-RP2040/src/input/imu.c.obj
                0x100033d4                _imu_average_value
 .text.imu_calibrate_start
                0x10003404       0xc0 CMakeFiles/THINGAMAPRO_RP2040.dir/lib/HOJA-LIB-RP2040/src/input/imu.c.obj
                0x10003404                imu_calibrate_start
 .text.imu_calibrate_stop
                0x100034c4       0x2c CMakeFiles/THINGAMAPRO_RP2040.dir/lib/HOJA-LIB-RP2040/src/input/imu.c.obj
                0x100034c4                imu_calibrate_stop
 .text._imu_calibrate_task
                0x100034f0      0x160 CMakeFiles/THINGAMAPRO_RP2040.dir/lib/HOJA-LIB-RP2040/src/input/imu.c.obj
                0x100034f0                _imu_calibrate_task
 .text.imu_set_enabled
                0x10003650        0xc CMakeFiles/THINGAMAPRO_RP2040.dir/lib/HOJA-LIB-RP2040/src/input/imu.c.obj
                0x10003650                imu_set_enabled
 .text.imu_task
                0x1000365c      0x158 CMakeFiles/THINGAMAPRO_RP2040.dir/lib/HOJA-LIB-RP2040/src/input/imu.c.obj
                0x1000365c                imu_task
 .text._remap_load_remap
                0x100037b4       0x60 CMakeFiles/THINGAMAPRO_RP2040.dir/lib/HOJA-LIB-RP2040/src/input/remap.c.obj
                0x100037b4                _remap_load_remap
 .text._remap_pack_remap
                0x10003814       0xda CMakeFiles/THINGAMAPRO_RP2040.dir/lib/HOJA-LIB-RP2040/src/input/remap.c.obj
                0x10003814                _remap_pack_remap
 .text._remap_unpack_remap
                0x100038ee       0x72 CMakeFiles/THINGAMAPRO_RP2040.dir/lib/HOJA-LIB-RP2040/src/input/remap.c.obj
                0x100038ee                _remap_unpack_remap
 .text.remap_reset_default
                0x10003960       0x74 CMakeFiles/THINGAMAPRO_RP2040.dir/lib/HOJA-LIB-RP2040/src/input/remap.c.obj
                0x10003960                remap_reset_default
 .text.remap_init
                0x100039d4       0x5c CMakeFiles/THINGAMAPRO_RP2040.dir/lib/HOJA-LIB-RP2040/src/input/remap.c.obj
                0x100039d4                remap_init
 .text.remap_set_gc_sp
                0x10003a30       0x10 CMakeFiles/THINGAMAPRO_RP2040.dir/lib/HOJA-LIB-RP2040/src/input/remap.c.obj
                0x10003a30                remap_set_gc_sp
 .text.remap_listen_stop
                0x10003a40       0x20 CMakeFiles/THINGAMAPRO_RP2040.dir/lib/HOJA-LIB-RP2040/src/input/remap.c.obj
                0x10003a40                remap_listen_stop
 .text.remap_send_data_webusb
                0x10003a60       0xf8 CMakeFiles/THINGAMAPRO_RP2040.dir/lib/HOJA-LIB-RP2040/src/input/remap.c.obj
                0x10003a60                remap_send_data_webusb
 .text._remap_listener
                0x10003b58       0xec CMakeFiles/THINGAMAPRO_RP2040.dir/lib/HOJA-LIB-RP2040/src/input/remap.c.obj
                0x10003b58                _remap_listener
 .text.remap_listen_enable
                0x10003c44       0x40 CMakeFiles/THINGAMAPRO_RP2040.dir/lib/HOJA-LIB-RP2040/src/input/remap.c.obj
                0x10003c44                remap_listen_enable
 .text.remap_buttons_task
                0x10003c84      0x360 CMakeFiles/THINGAMAPRO_RP2040.dir/lib/HOJA-LIB-RP2040/src/input/remap.c.obj
                0x10003c84                remap_buttons_task
 .text._is_opposite_direction
                0x10003fe4       0x1c CMakeFiles/THINGAMAPRO_RP2040.dir/lib/HOJA-LIB-RP2040/src/input/snapback.c.obj
                0x10003fe4                _is_opposite_direction
 .text._get_2d_distance
                0x10004000       0x42 CMakeFiles/THINGAMAPRO_RP2040.dir/lib/HOJA-LIB-RP2040/src/input/snapback.c.obj
                0x10004000                _get_2d_distance
 .text._is_distance_falling
                0x10004042       0x18 CMakeFiles/THINGAMAPRO_RP2040.dir/lib/HOJA-LIB-RP2040/src/input/snapback.c.obj
                0x10004042                _is_distance_falling
 .text._center_trigger_detect
                0x1000405a       0x2a CMakeFiles/THINGAMAPRO_RP2040.dir/lib/HOJA-LIB-RP2040/src/input/snapback.c.obj
                0x1000405a                _center_trigger_detect
 .text._add_axis
                0x10004084      0x110 CMakeFiles/THINGAMAPRO_RP2040.dir/lib/HOJA-LIB-RP2040/src/input/snapback.c.obj
                0x10004084                _add_axis
 .text.snapback_process
                0x10004194       0x38 CMakeFiles/THINGAMAPRO_RP2040.dir/lib/HOJA-LIB-RP2040/src/input/snapback.c.obj
                0x10004194                snapback_process
 .text._snapback_add_value
                0x100041cc       0x30 CMakeFiles/THINGAMAPRO_RP2040.dir/lib/HOJA-LIB-RP2040/src/input/snapback.c.obj
                0x100041cc                _snapback_add_value
 .text.snapback_webcapture_task
                0x100041fc      0x118 CMakeFiles/THINGAMAPRO_RP2040.dir/lib/HOJA-LIB-RP2040/src/input/snapback.c.obj
                0x100041fc                snapback_webcapture_task
 .text._stick_sub_angle_scale
                0x10004314       0x40 CMakeFiles/THINGAMAPRO_RP2040.dir/lib/HOJA-LIB-RP2040/src/input/stick_scaling.c.obj
                0x10004314                _stick_sub_angle_scale
 .text._get_angle_distance
                0x10004354       0x34 CMakeFiles/THINGAMAPRO_RP2040.dir/lib/HOJA-LIB-RP2040/src/input/stick_scaling.c.obj
                0x10004354                _get_angle_distance
 .text._is_angle_between
                0x10004388       0x58 CMakeFiles/THINGAMAPRO_RP2040.dir/lib/HOJA-LIB-RP2040/src/input/stick_scaling.c.obj
                0x10004388                _is_angle_between
 .text._stick_get_processed_octant
                0x100043e0       0x38 CMakeFiles/THINGAMAPRO_RP2040.dir/lib/HOJA-LIB-RP2040/src/input/stick_scaling.c.obj
                0x100043e0                _stick_get_processed_octant
 .text._stick_get_octant
                0x10004418       0x58 CMakeFiles/THINGAMAPRO_RP2040.dir/lib/HOJA-LIB-RP2040/src/input/stick_scaling.c.obj
                0x10004418                _stick_get_octant
 .text._stick_angle_adjust
                0x10004470       0x3c CMakeFiles/THINGAMAPRO_RP2040.dir/lib/HOJA-LIB-RP2040/src/input/stick_scaling.c.obj
                0x10004470                _stick_angle_adjust
 .text.stick_get_angle
                0x100044ac       0x70 CMakeFiles/THINGAMAPRO_RP2040.dir/lib/HOJA-LIB-RP2040/src/input/stick_scaling.c.obj
                0x100044ac                stick_get_angle
 .text.stick_get_distance
                0x1000451c       0x56 CMakeFiles/THINGAMAPRO_RP2040.dir/lib/HOJA-LIB-RP2040/src/input/stick_scaling.c.obj
                0x1000451c                stick_get_distance
 *fill*         0x10004572        0x2 
 .text.stick_normalized_vector
                0x10004574       0x40 CMakeFiles/THINGAMAPRO_RP2040.dir/lib/HOJA-LIB-RP2040/src/input/stick_scaling.c.obj
                0x10004574                stick_normalized_vector
 .text._stick_process_input
                0x100045b4      0x168 CMakeFiles/THINGAMAPRO_RP2040.dir/lib/HOJA-LIB-RP2040/src/input/stick_scaling.c.obj
                0x100045b4                _stick_process_input
 .text._precalculate_distance_scalers
                0x1000471c       0x24 CMakeFiles/THINGAMAPRO_RP2040.dir/lib/HOJA-LIB-RP2040/src/input/stick_scaling.c.obj
                0x1000471c                _precalculate_distance_scalers
 .text._precalculate_angle_scalers
                0x10004740       0x38 CMakeFiles/THINGAMAPRO_RP2040.dir/lib/HOJA-LIB-RP2040/src/input/stick_scaling.c.obj
                0x10004740                _precalculate_angle_scalers
 .text._precalculate_angle_substate
                0x10004778       0x7c CMakeFiles/THINGAMAPRO_RP2040.dir/lib/HOJA-LIB-RP2040/src/input/stick_scaling.c.obj
                0x10004778                _precalculate_angle_substate
 .text.stick_scaling_get_settings
                0x100047f4       0x40 CMakeFiles/THINGAMAPRO_RP2040.dir/lib/HOJA-LIB-RP2040/src/input/stick_scaling.c.obj
                0x100047f4                stick_scaling_get_settings
 .text.stick_scaling_set_settings
                0x10004834       0x28 CMakeFiles/THINGAMAPRO_RP2040.dir/lib/HOJA-LIB-RP2040/src/input/stick_scaling.c.obj
                0x10004834                stick_scaling_set_settings
 .text.stick_scaling_init
                0x1000485c       0x60 CMakeFiles/THINGAMAPRO_RP2040.dir/lib/HOJA-LIB-RP2040/src/input/stick_scaling.c.obj
                0x1000485c                stick_scaling_init
 .text.stick_scaling_reset_distances
                0x100048bc       0x44 CMakeFiles/THINGAMAPRO_RP2040.dir/lib/HOJA-LIB-RP2040/src/input/stick_scaling.c.obj
                0x100048bc                stick_scaling_reset_distances
 .text.stick_scaling_capture_distances
                0x10004900      0x1bc CMakeFiles/THINGAMAPRO_RP2040.dir/lib/HOJA-LIB-RP2040/src/input/stick_scaling.c.obj
                0x10004900                stick_scaling_capture_distances
 .text.stick_scaling_capture_center
                0x10004abc       0x2c CMakeFiles/THINGAMAPRO_RP2040.dir/lib/HOJA-LIB-RP2040/src/input/stick_scaling.c.obj
                0x10004abc                stick_scaling_capture_center
 .text.stick_scaling_get_octant_axis
                0x10004ae8       0xac CMakeFiles/THINGAMAPRO_RP2040.dir/lib/HOJA-LIB-RP2040/src/input/stick_scaling.c.obj
                0x10004ae8                stick_scaling_get_octant_axis
 .text.stick_scaling_get_octant_axis_offset
                0x10004b94       0xd4 CMakeFiles/THINGAMAPRO_RP2040.dir/lib/HOJA-LIB-RP2040/src/input/stick_scaling.c.obj
                0x10004b94                stick_scaling_get_octant_axis_offset
 .text.stick_scaling_capture_angle
                0x10004c68       0xfc CMakeFiles/THINGAMAPRO_RP2040.dir/lib/HOJA-LIB-RP2040/src/input/stick_scaling.c.obj
                0x10004c68                stick_scaling_capture_angle
 .text.stick_scaling_process_data
                0x10004d64      0x168 CMakeFiles/THINGAMAPRO_RP2040.dir/lib/HOJA-LIB-RP2040/src/input/stick_scaling.c.obj
                0x10004d64                stick_scaling_process_data
 .text.analog_send_reset
                0x10004ecc       0x24 CMakeFiles/THINGAMAPRO_RP2040.dir/lib/HOJA-LIB-RP2040/src/input/analog.c.obj
                0x10004ecc                analog_send_reset
 .text.analog_calibrate_start
                0x10004ef0       0x48 CMakeFiles/THINGAMAPRO_RP2040.dir/lib/HOJA-LIB-RP2040/src/input/analog.c.obj
                0x10004ef0                analog_calibrate_start
 .text.analog_init
                0x10004f38       0x40 CMakeFiles/THINGAMAPRO_RP2040.dir/lib/HOJA-LIB-RP2040/src/input/analog.c.obj
                0x10004f38                analog_init
 .text.analog_calibrate_stop
                0x10004f78       0x2c CMakeFiles/THINGAMAPRO_RP2040.dir/lib/HOJA-LIB-RP2040/src/input/analog.c.obj
                0x10004f78                analog_calibrate_stop
 .text.analog_calibrate_save
                0x10004fa4       0x34 CMakeFiles/THINGAMAPRO_RP2040.dir/lib/HOJA-LIB-RP2040/src/input/analog.c.obj
                0x10004fa4                analog_calibrate_save
 .text.analog_calibrate_angle
                0x10004fd8       0x10 CMakeFiles/THINGAMAPRO_RP2040.dir/lib/HOJA-LIB-RP2040/src/input/analog.c.obj
                0x10004fd8                analog_calibrate_angle
 .text._analog_calibrate_loop
                0x10004fe8       0x60 CMakeFiles/THINGAMAPRO_RP2040.dir/lib/HOJA-LIB-RP2040/src/input/analog.c.obj
                0x10004fe8                _analog_calibrate_loop
 .text._analog_distance_check
                0x10005048       0x4e CMakeFiles/THINGAMAPRO_RP2040.dir/lib/HOJA-LIB-RP2040/src/input/analog.c.obj
                0x10005048                _analog_distance_check
 *fill*         0x10005096        0x2 
 .text.analog_get_octoangle_data
                0x10005098       0x18 CMakeFiles/THINGAMAPRO_RP2040.dir/lib/HOJA-LIB-RP2040/src/input/analog.c.obj
                0x10005098                analog_get_octoangle_data
 .text.analog_get_subangle_data
                0x100050b0       0x18 CMakeFiles/THINGAMAPRO_RP2040.dir/lib/HOJA-LIB-RP2040/src/input/analog.c.obj
                0x100050b0                analog_get_subangle_data
 .text._analog_process_deadzone
                0x100050c8      0x244 CMakeFiles/THINGAMAPRO_RP2040.dir/lib/HOJA-LIB-RP2040/src/input/analog.c.obj
                0x100050c8                _analog_process_deadzone
 .text.analog_task
                0x1000530c       0xa8 CMakeFiles/THINGAMAPRO_RP2040.dir/lib/HOJA-LIB-RP2040/src/input/analog.c.obj
                0x1000530c                analog_task
 .text.triggers_scale_init
                0x100053b4       0x58 CMakeFiles/THINGAMAPRO_RP2040.dir/lib/HOJA-LIB-RP2040/src/input/triggers.c.obj
                0x100053b4                triggers_scale_init
 .text.macro_handler_task
                0x1000540c       0xd8 CMakeFiles/THINGAMAPRO_RP2040.dir/lib/HOJA-LIB-RP2040/src/input/macros.c.obj
                0x1000540c                macro_handler_task
 .text.macro_safe_mode_check
                0x100054e4        0xc CMakeFiles/THINGAMAPRO_RP2040.dir/lib/HOJA-LIB-RP2040/src/input/macros.c.obj
                0x100054e4                macro_safe_mode_check
 .text.gcinput_hid_report
                0x100054f0      0x45c CMakeFiles/THINGAMAPRO_RP2040.dir/lib/HOJA-LIB-RP2040/src/devices/gcinput.c.obj
                0x100054f0                gcinput_hid_report
 .text.joybus_program_init
                0x1000594c      0x1a0 CMakeFiles/THINGAMAPRO_RP2040.dir/lib/HOJA-LIB-RP2040/src/devices/gamecube.c.obj
 .text._gamecube_isr_txdone
                0x10005aec       0x68 CMakeFiles/THINGAMAPRO_RP2040.dir/lib/HOJA-LIB-RP2040/src/devices/gamecube.c.obj
 .text._gamecube_send_probe
                0x10005b54       0x34 CMakeFiles/THINGAMAPRO_RP2040.dir/lib/HOJA-LIB-RP2040/src/devices/gamecube.c.obj
                0x10005b54                _gamecube_send_probe
 .text._gamecube_send_origin
                0x10005b88       0x9c CMakeFiles/THINGAMAPRO_RP2040.dir/lib/HOJA-LIB-RP2040/src/devices/gamecube.c.obj
                0x10005b88                _gamecube_send_origin
 .text._gamecube_send_poll
                0x10005c24       0xa0 CMakeFiles/THINGAMAPRO_RP2040.dir/lib/HOJA-LIB-RP2040/src/devices/gamecube.c.obj
                0x10005c24                _gamecube_send_poll
 .text._gamecube_reset_state
                0x10005cc4       0x5c CMakeFiles/THINGAMAPRO_RP2040.dir/lib/HOJA-LIB-RP2040/src/devices/gamecube.c.obj
                0x10005cc4                _gamecube_reset_state
 .text._gamecube_isr_handler
                0x10005d20       0x3c CMakeFiles/THINGAMAPRO_RP2040.dir/lib/HOJA-LIB-RP2040/src/devices/gamecube.c.obj
 .text.gamecube_comms_task
                0x10005d5c      0x660 CMakeFiles/THINGAMAPRO_RP2040.dir/lib/HOJA-LIB-RP2040/src/devices/gamecube.c.obj
                0x10005d5c                gamecube_comms_task
 .text.joybus_program_init
                0x100063bc      0x1a0 CMakeFiles/THINGAMAPRO_RP2040.dir/lib/HOJA-LIB-RP2040/src/devices/n64.c.obj
 .text._n64_isr_txdone
                0x1000655c       0x68 CMakeFiles/THINGAMAPRO_RP2040.dir/lib/HOJA-LIB-RP2040/src/devices/n64.c.obj
 .text._n64_iterate_crc
                0x100065c4        0xc CMakeFiles/THINGAMAPRO_RP2040.dir/lib/HOJA-LIB-RP2040/src/devices/n64.c.obj
                0x100065c4                _n64_iterate_crc
 .text._n64_send_rumble_identify
                0x100065d0       0x30 CMakeFiles/THINGAMAPRO_RP2040.dir/lib/HOJA-LIB-RP2040/src/devices/n64.c.obj
                0x100065d0                _n64_send_rumble_identify
 .text._n64_send_null_identify
                0x10006600       0x20 CMakeFiles/THINGAMAPRO_RP2040.dir/lib/HOJA-LIB-RP2040/src/devices/n64.c.obj
                0x10006600                _n64_send_null_identify
 .text._n64_send_probe
                0x10006620       0x34 CMakeFiles/THINGAMAPRO_RP2040.dir/lib/HOJA-LIB-RP2040/src/devices/n64.c.obj
                0x10006620                _n64_send_probe
 .text._n64_send_pak_write
                0x10006654       0x1c CMakeFiles/THINGAMAPRO_RP2040.dir/lib/HOJA-LIB-RP2040/src/devices/n64.c.obj
                0x10006654                _n64_send_pak_write
 .text._n64_send_poll
                0x10006670       0x5c CMakeFiles/THINGAMAPRO_RP2040.dir/lib/HOJA-LIB-RP2040/src/devices/n64.c.obj
                0x10006670                _n64_send_poll
 .text._n64_isr_handler
                0x100066cc       0x34 CMakeFiles/THINGAMAPRO_RP2040.dir/lib/HOJA-LIB-RP2040/src/devices/n64.c.obj
 .text._n64_reset_state
                0x10006700       0x5c CMakeFiles/THINGAMAPRO_RP2040.dir/lib/HOJA-LIB-RP2040/src/devices/n64.c.obj
                0x10006700                _n64_reset_state
 .text.n64_comms_task
                0x1000675c      0x24c CMakeFiles/THINGAMAPRO_RP2040.dir/lib/HOJA-LIB-RP2040/src/devices/n64.c.obj
                0x1000675c                n64_comms_task
 .text.nspi_comms_task
                0x100069a8        0x2 CMakeFiles/THINGAMAPRO_RP2040.dir/lib/HOJA-LIB-RP2040/src/devices/nspi.c.obj
                0x100069a8                nspi_comms_task
 *fill*         0x100069aa        0x2 
 .text.swpro_hid_report
                0x100069ac      0x16c CMakeFiles/THINGAMAPRO_RP2040.dir/lib/HOJA-LIB-RP2040/src/devices/swpro.c.obj
                0x100069ac                swpro_hid_report
 .text.webusb_output_enabled
                0x10006b18        0xc CMakeFiles/THINGAMAPRO_RP2040.dir/lib/HOJA-LIB-RP2040/src/devices/webusb.c.obj
                0x10006b18                webusb_output_enabled
 .text.webusb_enable_output
                0x10006b24        0xc CMakeFiles/THINGAMAPRO_RP2040.dir/lib/HOJA-LIB-RP2040/src/devices/webusb.c.obj
                0x10006b24                webusb_enable_output
 .text.webusb_ready_blocking
                0x10006b30       0x3e CMakeFiles/THINGAMAPRO_RP2040.dir/lib/HOJA-LIB-RP2040/src/devices/webusb.c.obj
                0x10006b30                webusb_ready_blocking
 *fill*         0x10006b6e        0x2 
 .text.webusb_input_report_task
                0x10006b70      0x128 CMakeFiles/THINGAMAPRO_RP2040.dir/lib/HOJA-LIB-RP2040/src/devices/webusb.c.obj
                0x10006b70                webusb_input_report_task
 .text.webusb_save_confirm
                0x10006c98       0x48 CMakeFiles/THINGAMAPRO_RP2040.dir/lib/HOJA-LIB-RP2040/src/devices/webusb.c.obj
                0x10006c98                webusb_save_confirm
 .text.webusb_command_processor
                0x10006ce0      0x73c CMakeFiles/THINGAMAPRO_RP2040.dir/lib/HOJA-LIB-RP2040/src/devices/webusb.c.obj
                0x10006ce0                webusb_command_processor
 .text.sign_axis
                0x1000741c       0x24 CMakeFiles/THINGAMAPRO_RP2040.dir/lib/HOJA-LIB-RP2040/src/devices/xinput.c.obj
                0x1000741c                sign_axis
 .text.xinput_hid_report
                0x10007440      0x17c CMakeFiles/THINGAMAPRO_RP2040.dir/lib/HOJA-LIB-RP2040/src/devices/xinput.c.obj
                0x10007440                xinput_hid_report
 .text.btinput_capability_reset_flag
                0x100075bc        0x2 CMakeFiles/THINGAMAPRO_RP2040.dir/lib/HOJA-LIB-RP2040/src/devices/btinput.c.obj
                0x100075bc                btinput_capability_reset_flag
 *fill*         0x100075be        0x2 
 .text.btinput_get_version
                0x100075c0        0x8 CMakeFiles/THINGAMAPRO_RP2040.dir/lib/HOJA-LIB-RP2040/src/devices/btinput.c.obj
                0x100075c0                btinput_get_version
 .text.ds4_hid_report
                0x100075c8      0x1d4 CMakeFiles/THINGAMAPRO_RP2040.dir/lib/HOJA-LIB-RP2040/src/devices/ds4input.c.obj
                0x100075c8                ds4_hid_report
 .text.gpio_set_function
                0x1000779c       0x30 CMakeFiles/THINGAMAPRO_RP2040.dir/C_/Program_Files/Raspberry_Pi/Pico_SDK_v1.5.1/pico-sdk/src/rp2_common/hardware_gpio/gpio.c.obj
                0x1000779c                gpio_set_function
 .text.gpio_set_pulls
                0x100077cc       0x34 CMakeFiles/THINGAMAPRO_RP2040.dir/C_/Program_Files/Raspberry_Pi/Pico_SDK_v1.5.1/pico-sdk/src/rp2_common/hardware_gpio/gpio.c.obj
                0x100077cc                gpio_set_pulls
 .text.gpio_set_input_enabled
                0x10007800       0x30 CMakeFiles/THINGAMAPRO_RP2040.dir/C_/Program_Files/Raspberry_Pi/Pico_SDK_v1.5.1/pico-sdk/src/rp2_common/hardware_gpio/gpio.c.obj
                0x10007800                gpio_set_input_enabled
 .text.gpio_init
                0x10007830       0x16 CMakeFiles/THINGAMAPRO_RP2040.dir/C_/Program_Files/Raspberry_Pi/Pico_SDK_v1.5.1/pico-sdk/src/rp2_common/hardware_gpio/gpio.c.obj
                0x10007830                gpio_init
 *fill*         0x10007846        0x2 
 .text.running_on_fpga
                0x10007848       0x14 CMakeFiles/THINGAMAPRO_RP2040.dir/C_/Program_Files/Raspberry_Pi/Pico_SDK_v1.5.1/pico-sdk/src/rp2_common/pico_platform/platform.c.obj
                0x10007848                running_on_fpga
 .text.hw_claim_lock
                0x1000785c       0x18 CMakeFiles/THINGAMAPRO_RP2040.dir/C_/Program_Files/Raspberry_Pi/Pico_SDK_v1.5.1/pico-sdk/src/rp2_common/hardware_claim/claim.c.obj
                0x1000785c                hw_claim_lock
 .text.hw_claim_unlock
                0x10007874       0x14 CMakeFiles/THINGAMAPRO_RP2040.dir/C_/Program_Files/Raspberry_Pi/Pico_SDK_v1.5.1/pico-sdk/src/rp2_common/hardware_claim/claim.c.obj
                0x10007874                hw_claim_unlock
 .text.hw_claim_or_assert
                0x10007888       0x32 CMakeFiles/THINGAMAPRO_RP2040.dir/C_/Program_Files/Raspberry_Pi/Pico_SDK_v1.5.1/pico-sdk/src/rp2_common/hardware_claim/claim.c.obj
                0x10007888                hw_claim_or_assert
 .text.hw_claim_unused_from_range
                0x100078ba       0x50 CMakeFiles/THINGAMAPRO_RP2040.dir/C_/Program_Files/Raspberry_Pi/Pico_SDK_v1.5.1/pico-sdk/src/rp2_common/hardware_claim/claim.c.obj
                0x100078ba                hw_claim_unused_from_range
 *fill*         0x1000790a        0x2 
 .text.spin_locks_reset
                0x1000790c       0x20 CMakeFiles/THINGAMAPRO_RP2040.dir/C_/Program_Files/Raspberry_Pi/Pico_SDK_v1.5.1/pico-sdk/src/rp2_common/hardware_sync/sync.c.obj
                0x1000790c                spin_locks_reset
 .text.next_striped_spin_lock_num
                0x1000792c       0x1c CMakeFiles/THINGAMAPRO_RP2040.dir/C_/Program_Files/Raspberry_Pi/Pico_SDK_v1.5.1/pico-sdk/src/rp2_common/hardware_sync/sync.c.obj
                0x1000792c                next_striped_spin_lock_num
 .text.spin_lock_claim_unused
                0x10007948       0x20 CMakeFiles/THINGAMAPRO_RP2040.dir/C_/Program_Files/Raspberry_Pi/Pico_SDK_v1.5.1/pico-sdk/src/rp2_common/hardware_sync/sync.c.obj
                0x10007948                spin_lock_claim_unused
 .text.set_raw_irq_handler_and_unlock
                0x10007968       0x28 CMakeFiles/THINGAMAPRO_RP2040.dir/C_/Program_Files/Raspberry_Pi/Pico_SDK_v1.5.1/pico-sdk/src/rp2_common/hardware_irq/irq.c.obj
 .text.make_branch
                0x10007990       0x48 CMakeFiles/THINGAMAPRO_RP2040.dir/C_/Program_Files/Raspberry_Pi/Pico_SDK_v1.5.1/pico-sdk/src/rp2_common/hardware_irq/irq.c.obj
 .text.insert_branch_and_link
                0x100079d8       0x40 CMakeFiles/THINGAMAPRO_RP2040.dir/C_/Program_Files/Raspberry_Pi/Pico_SDK_v1.5.1/pico-sdk/src/rp2_common/hardware_irq/irq.c.obj
 .text.irq_is_enabled
                0x10007a18       0x18 CMakeFiles/THINGAMAPRO_RP2040.dir/C_/Program_Files/Raspberry_Pi/Pico_SDK_v1.5.1/pico-sdk/src/rp2_common/hardware_irq/irq.c.obj
                0x10007a18                irq_is_enabled
 .text.irq_set_mask_enabled
                0x10007a30       0x20 CMakeFiles/THINGAMAPRO_RP2040.dir/C_/Program_Files/Raspberry_Pi/Pico_SDK_v1.5.1/pico-sdk/src/rp2_common/hardware_irq/irq.c.obj
                0x10007a30                irq_set_mask_enabled
 .text.irq_set_enabled
                0x10007a50        0xe CMakeFiles/THINGAMAPRO_RP2040.dir/C_/Program_Files/Raspberry_Pi/Pico_SDK_v1.5.1/pico-sdk/src/rp2_common/hardware_irq/irq.c.obj
                0x10007a50                irq_set_enabled
 *fill*         0x10007a5e        0x2 
 .text.irq_get_vtable_handler
                0x10007a60       0x10 CMakeFiles/THINGAMAPRO_RP2040.dir/C_/Program_Files/Raspberry_Pi/Pico_SDK_v1.5.1/pico-sdk/src/rp2_common/hardware_irq/irq.c.obj
                0x10007a60                irq_get_vtable_handler
 .text.irq_set_exclusive_handler
                0x10007a70       0x54 CMakeFiles/THINGAMAPRO_RP2040.dir/C_/Program_Files/Raspberry_Pi/Pico_SDK_v1.5.1/pico-sdk/src/rp2_common/hardware_irq/irq.c.obj
                0x10007a70                irq_set_exclusive_handler
 .text.irq_add_shared_handler
                0x10007ac4      0x234 CMakeFiles/THINGAMAPRO_RP2040.dir/C_/Program_Files/Raspberry_Pi/Pico_SDK_v1.5.1/pico-sdk/src/rp2_common/hardware_irq/irq.c.obj
                0x10007ac4                irq_add_shared_handler
 .text.irq_remove_handler
                0x10007cf8      0x1ac CMakeFiles/THINGAMAPRO_RP2040.dir/C_/Program_Files/Raspberry_Pi/Pico_SDK_v1.5.1/pico-sdk/src/rp2_common/hardware_irq/irq.c.obj
                0x10007cf8                irq_remove_handler
 .text.irq_add_tail_to_free_list
                0x10007ea4       0xf0 CMakeFiles/THINGAMAPRO_RP2040.dir/C_/Program_Files/Raspberry_Pi/Pico_SDK_v1.5.1/pico-sdk/src/rp2_common/hardware_irq/irq.c.obj
                0x10007ea4                irq_add_tail_to_free_list
 .text.irq_init_priorities
                0x10007f94       0x1c CMakeFiles/THINGAMAPRO_RP2040.dir/C_/Program_Files/Raspberry_Pi/Pico_SDK_v1.5.1/pico-sdk/src/rp2_common/hardware_irq/irq.c.obj
                0x10007f94                irq_init_priorities
 .text.lock_init
                0x10007fb0       0x10 CMakeFiles/THINGAMAPRO_RP2040.dir/C_/Program_Files/Raspberry_Pi/Pico_SDK_v1.5.1/pico-sdk/src/common/pico_sync/lock_core.c.obj
                0x10007fb0                lock_init
 .text.mutex_init
                0x10007fc0       0x1a CMakeFiles/THINGAMAPRO_RP2040.dir/C_/Program_Files/Raspberry_Pi/Pico_SDK_v1.5.1/pico-sdk/src/common/pico_sync/mutex.c.obj
                0x10007fc0                mutex_init
 .text.recursive_mutex_init
                0x10007fda       0x1e CMakeFiles/THINGAMAPRO_RP2040.dir/C_/Program_Files/Raspberry_Pi/Pico_SDK_v1.5.1/pico-sdk/src/common/pico_sync/mutex.c.obj
                0x10007fda                recursive_mutex_init
 .text.critical_section_init_with_lock_num
                0x10007ff8       0x14 CMakeFiles/THINGAMAPRO_RP2040.dir/C_/Program_Files/Raspberry_Pi/Pico_SDK_v1.5.1/pico-sdk/src/common/pico_sync/critical_section.c.obj
                0x10007ff8                critical_section_init_with_lock_num
 .text.critical_section_init
                0x1000800c       0x14 CMakeFiles/THINGAMAPRO_RP2040.dir/C_/Program_Files/Raspberry_Pi/Pico_SDK_v1.5.1/pico-sdk/src/common/pico_sync/critical_section.c.obj
                0x1000800c                critical_section_init
 .text.alarm_pool_post_alloc_init
                0x10008020       0x40 CMakeFiles/THINGAMAPRO_RP2040.dir/C_/Program_Files/Raspberry_Pi/Pico_SDK_v1.5.1/pico-sdk/src/common/pico_time/time.c.obj
 .text.sleep_until_callback
                0x10008060       0x30 CMakeFiles/THINGAMAPRO_RP2040.dir/C_/Program_Files/Raspberry_Pi/Pico_SDK_v1.5.1/pico-sdk/src/common/pico_time/time.c.obj
 .text.timer_pool_entry_comparator
                0x10008090       0x7c CMakeFiles/THINGAMAPRO_RP2040.dir/C_/Program_Files/Raspberry_Pi/Pico_SDK_v1.5.1/pico-sdk/src/common/pico_time/time.c.obj
                0x10008090                timer_pool_entry_comparator
 .text.ph_add_child_node
                0x1000810c       0xa4 CMakeFiles/THINGAMAPRO_RP2040.dir/C_/Program_Files/Raspberry_Pi/Pico_SDK_v1.5.1/pico-sdk/src/common/pico_time/time.c.obj
 .text.ph_merge_nodes
                0x100081b0       0x3e CMakeFiles/THINGAMAPRO_RP2040.dir/C_/Program_Files/Raspberry_Pi/Pico_SDK_v1.5.1/pico-sdk/src/common/pico_time/time.c.obj
 *fill*         0x100081ee        0x2 
 .text.add_alarm_under_lock
                0x100081f0      0x174 CMakeFiles/THINGAMAPRO_RP2040.dir/C_/Program_Files/Raspberry_Pi/Pico_SDK_v1.5.1/pico-sdk/src/common/pico_time/time.c.obj
 .text.alarm_pool_alarm_callback
                0x10008364      0x33c CMakeFiles/THINGAMAPRO_RP2040.dir/C_/Program_Files/Raspberry_Pi/Pico_SDK_v1.5.1/pico-sdk/src/common/pico_time/time.c.obj
 .text.alarm_pool_init_default
                0x100086a0       0x40 CMakeFiles/THINGAMAPRO_RP2040.dir/C_/Program_Files/Raspberry_Pi/Pico_SDK_v1.5.1/pico-sdk/src/common/pico_time/time.c.obj
                0x100086a0                alarm_pool_init_default
 .text.alarm_pool_get_default
                0x100086e0       0x2c CMakeFiles/THINGAMAPRO_RP2040.dir/C_/Program_Files/Raspberry_Pi/Pico_SDK_v1.5.1/pico-sdk/src/common/pico_time/time.c.obj
                0x100086e0                alarm_pool_get_default
 .text.alarm_pool_add_alarm_at
                0x1000870c      0x168 CMakeFiles/THINGAMAPRO_RP2040.dir/C_/Program_Files/Raspberry_Pi/Pico_SDK_v1.5.1/pico-sdk/src/common/pico_time/time.c.obj
                0x1000870c                alarm_pool_add_alarm_at
 .text.alarm_pool_cancel_alarm
                0x10008874       0xf8 CMakeFiles/THINGAMAPRO_RP2040.dir/C_/Program_Files/Raspberry_Pi/Pico_SDK_v1.5.1/pico-sdk/src/common/pico_time/time.c.obj
                0x10008874                alarm_pool_cancel_alarm
 .text.sleep_until
                0x1000896c       0xfc CMakeFiles/THINGAMAPRO_RP2040.dir/C_/Program_Files/Raspberry_Pi/Pico_SDK_v1.5.1/pico-sdk/src/common/pico_time/time.c.obj
                0x1000896c                sleep_until
 .text.sleep_us
                0x10008a68       0x58 CMakeFiles/THINGAMAPRO_RP2040.dir/C_/Program_Files/Raspberry_Pi/Pico_SDK_v1.5.1/pico-sdk/src/common/pico_time/time.c.obj
                0x10008a68                sleep_us
 .text.sleep_ms
                0x10008ac0       0x14 CMakeFiles/THINGAMAPRO_RP2040.dir/C_/Program_Files/Raspberry_Pi/Pico_SDK_v1.5.1/pico-sdk/src/common/pico_time/time.c.obj
                0x10008ac0                sleep_ms
 .text.best_effort_wfe_or_timeout
                0x10008ad4       0xac CMakeFiles/THINGAMAPRO_RP2040.dir/C_/Program_Files/Raspberry_Pi/Pico_SDK_v1.5.1/pico-sdk/src/common/pico_time/time.c.obj
                0x10008ad4                best_effort_wfe_or_timeout
 .text.hardware_alarm_irq_handler
                0x10008b80       0x90 CMakeFiles/THINGAMAPRO_RP2040.dir/C_/Program_Files/Raspberry_Pi/Pico_SDK_v1.5.1/pico-sdk/src/rp2_common/hardware_timer/timer.c.obj
 .text.hardware_alarm_claim
                0x10008c10       0x18 CMakeFiles/THINGAMAPRO_RP2040.dir/C_/Program_Files/Raspberry_Pi/Pico_SDK_v1.5.1/pico-sdk/src/rp2_common/hardware_timer/timer.c.obj
                0x10008c10                hardware_alarm_claim
 .text.time_us_64
                0x10008c28       0x18 CMakeFiles/THINGAMAPRO_RP2040.dir/C_/Program_Files/Raspberry_Pi/Pico_SDK_v1.5.1/pico-sdk/src/rp2_common/hardware_timer/timer.c.obj
                0x10008c28                time_us_64
 .text.busy_wait_until
                0x10008c40       0x28 CMakeFiles/THINGAMAPRO_RP2040.dir/C_/Program_Files/Raspberry_Pi/Pico_SDK_v1.5.1/pico-sdk/src/rp2_common/hardware_timer/timer.c.obj
                0x10008c40                busy_wait_until
 .text.busy_wait_us
                0x10008c68       0x48 CMakeFiles/THINGAMAPRO_RP2040.dir/C_/Program_Files/Raspberry_Pi/Pico_SDK_v1.5.1/pico-sdk/src/rp2_common/hardware_timer/timer.c.obj
                0x10008c68                busy_wait_us
 .text.hardware_alarm_set_callback
                0x10008cb0       0x90 CMakeFiles/THINGAMAPRO_RP2040.dir/C_/Program_Files/Raspberry_Pi/Pico_SDK_v1.5.1/pico-sdk/src/rp2_common/hardware_timer/timer.c.obj
                0x10008cb0                hardware_alarm_set_callback
 .text.hardware_alarm_set_target
                0x10008d40       0xe8 CMakeFiles/THINGAMAPRO_RP2040.dir/C_/Program_Files/Raspberry_Pi/Pico_SDK_v1.5.1/pico-sdk/src/rp2_common/hardware_timer/timer.c.obj
                0x10008d40                hardware_alarm_set_target
 .text.hardware_alarm_cancel
                0x10008e28       0x40 CMakeFiles/THINGAMAPRO_RP2040.dir/C_/Program_Files/Raspberry_Pi/Pico_SDK_v1.5.1/pico-sdk/src/rp2_common/hardware_timer/timer.c.obj
                0x10008e28                hardware_alarm_cancel
 .text.ph_add_child_node
                0x10008e68       0xa4 CMakeFiles/THINGAMAPRO_RP2040.dir/C_/Program_Files/Raspberry_Pi/Pico_SDK_v1.5.1/pico-sdk/src/common/pico_util/pheap.c.obj
 .text.ph_merge_nodes
                0x10008f0c       0x3e CMakeFiles/THINGAMAPRO_RP2040.dir/C_/Program_Files/Raspberry_Pi/Pico_SDK_v1.5.1/pico-sdk/src/common/pico_util/pheap.c.obj
 *fill*         0x10008f4a        0x2 
 .text.ph_clear
                0x10008f4c       0x70 CMakeFiles/THINGAMAPRO_RP2040.dir/C_/Program_Files/Raspberry_Pi/Pico_SDK_v1.5.1/pico-sdk/src/common/pico_util/pheap.c.obj
                0x10008f4c                ph_clear
 .text.ph_post_alloc_init
                0x10008fbc        0xe CMakeFiles/THINGAMAPRO_RP2040.dir/C_/Program_Files/Raspberry_Pi/Pico_SDK_v1.5.1/pico-sdk/src/common/pico_util/pheap.c.obj
                0x10008fbc                ph_post_alloc_init
 *fill*         0x10008fca        0x2 
 .text.ph_merge_two_pass
                0x10008fcc       0xa8 CMakeFiles/THINGAMAPRO_RP2040.dir/C_/Program_Files/Raspberry_Pi/Pico_SDK_v1.5.1/pico-sdk/src/common/pico_util/pheap.c.obj
                0x10008fcc                ph_merge_two_pass
 .text.ph_remove_any_head
                0x10009074      0x128 CMakeFiles/THINGAMAPRO_RP2040.dir/C_/Program_Files/Raspberry_Pi/Pico_SDK_v1.5.1/pico-sdk/src/common/pico_util/pheap.c.obj
 .text.ph_remove_head
                0x1000919c       0x14 CMakeFiles/THINGAMAPRO_RP2040.dir/C_/Program_Files/Raspberry_Pi/Pico_SDK_v1.5.1/pico-sdk/src/common/pico_util/pheap.c.obj
                0x1000919c                ph_remove_head
 .text.ph_remove_and_free_node
                0x100091b0       0xf8 CMakeFiles/THINGAMAPRO_RP2040.dir/C_/Program_Files/Raspberry_Pi/Pico_SDK_v1.5.1/pico-sdk/src/common/pico_util/pheap.c.obj
                0x100091b0                ph_remove_and_free_node
 .text.uart_disable_before_lcr_write
                0x100092a8       0x48 CMakeFiles/THINGAMAPRO_RP2040.dir/C_/Program_Files/Raspberry_Pi/Pico_SDK_v1.5.1/pico-sdk/src/rp2_common/hardware_uart/uart.c.obj
 .text.uart_write_lcr_bits_masked
                0x100092f0       0x22 CMakeFiles/THINGAMAPRO_RP2040.dir/C_/Program_Files/Raspberry_Pi/Pico_SDK_v1.5.1/pico-sdk/src/rp2_common/hardware_uart/uart.c.obj
 *fill*         0x10009312        0x2 
 .text.uart_set_baudrate
                0x10009314       0x5c CMakeFiles/THINGAMAPRO_RP2040.dir/C_/Program_Files/Raspberry_Pi/Pico_SDK_v1.5.1/pico-sdk/src/rp2_common/hardware_uart/uart.c.obj
                0x10009314                uart_set_baudrate
 .text.uart_set_format
                0x10009370       0x2c CMakeFiles/THINGAMAPRO_RP2040.dir/C_/Program_Files/Raspberry_Pi/Pico_SDK_v1.5.1/pico-sdk/src/rp2_common/hardware_uart/uart.c.obj
                0x10009370                uart_set_format
 .text.uart_set_translate_crlf
                0x1000939c       0x28 CMakeFiles/THINGAMAPRO_RP2040.dir/C_/Program_Files/Raspberry_Pi/Pico_SDK_v1.5.1/pico-sdk/src/rp2_common/hardware_uart/uart.c.obj
                0x1000939c                uart_set_translate_crlf
 .text.uart_init
                0x100093c4       0x80 CMakeFiles/THINGAMAPRO_RP2040.dir/C_/Program_Files/Raspberry_Pi/Pico_SDK_v1.5.1/pico-sdk/src/rp2_common/hardware_uart/uart.c.obj
                0x100093c4                uart_init
 .text.clock_configure
                0x10009444      0x108 CMakeFiles/THINGAMAPRO_RP2040.dir/C_/Program_Files/Raspberry_Pi/Pico_SDK_v1.5.1/pico-sdk/src/rp2_common/hardware_clocks/clocks.c.obj
                0x10009444                clock_configure
 .text.clocks_init
                0x1000954c      0x100 CMakeFiles/THINGAMAPRO_RP2040.dir/C_/Program_Files/Raspberry_Pi/Pico_SDK_v1.5.1/pico-sdk/src/rp2_common/hardware_clocks/clocks.c.obj
                0x1000954c                clocks_init
 .text.clock_get_hz
                0x1000964c        0xc CMakeFiles/THINGAMAPRO_RP2040.dir/C_/Program_Files/Raspberry_Pi/Pico_SDK_v1.5.1/pico-sdk/src/rp2_common/hardware_clocks/clocks.c.obj
                0x1000964c                clock_get_hz
 .text.pll_init
                0x10009658      0x120 CMakeFiles/THINGAMAPRO_RP2040.dir/C_/Program_Files/Raspberry_Pi/Pico_SDK_v1.5.1/pico-sdk/src/rp2_common/hardware_pll/pll.c.obj
                0x10009658                pll_init
 .text.watchdog_start_tick
                0x10009778       0x10 CMakeFiles/THINGAMAPRO_RP2040.dir/C_/Program_Files/Raspberry_Pi/Pico_SDK_v1.5.1/pico-sdk/src/rp2_common/hardware_watchdog/watchdog.c.obj
                0x10009778                watchdog_start_tick
 .text.watchdog_update
                0x10009788       0x14 CMakeFiles/THINGAMAPRO_RP2040.dir/C_/Program_Files/Raspberry_Pi/Pico_SDK_v1.5.1/pico-sdk/src/rp2_common/hardware_watchdog/watchdog.c.obj
                0x10009788                watchdog_update
 .text._watchdog_enable
                0x1000979c       0x78 CMakeFiles/THINGAMAPRO_RP2040.dir/C_/Program_Files/Raspberry_Pi/Pico_SDK_v1.5.1/pico-sdk/src/rp2_common/hardware_watchdog/watchdog.c.obj
                0x1000979c                _watchdog_enable
 .text.watchdog_enable
                0x10009814       0x18 CMakeFiles/THINGAMAPRO_RP2040.dir/C_/Program_Files/Raspberry_Pi/Pico_SDK_v1.5.1/pico-sdk/src/rp2_common/hardware_watchdog/watchdog.c.obj
                0x10009814                watchdog_enable
 .text.watchdog_reboot
                0x1000982c       0x48 CMakeFiles/THINGAMAPRO_RP2040.dir/C_/Program_Files/Raspberry_Pi/Pico_SDK_v1.5.1/pico-sdk/src/rp2_common/hardware_watchdog/watchdog.c.obj
                0x1000982c                watchdog_reboot
 .text.xosc_init
                0x10009874       0x2c CMakeFiles/THINGAMAPRO_RP2040.dir/C_/Program_Files/Raspberry_Pi/Pico_SDK_v1.5.1/pico-sdk/src/rp2_common/hardware_xosc/xosc.c.obj
                0x10009874                xosc_init
 .text._exit    0x100098a0        0x4 CMakeFiles/THINGAMAPRO_RP2040.dir/C_/Program_Files/Raspberry_Pi/Pico_SDK_v1.5.1/pico-sdk/src/rp2_common/pico_runtime/runtime.c.obj
                0x100098a0                _exit
 .text.exit     0x100098a4        0x6 CMakeFiles/THINGAMAPRO_RP2040.dir/C_/Program_Files/Raspberry_Pi/Pico_SDK_v1.5.1/pico-sdk/src/rp2_common/pico_runtime/runtime.c.obj
                0x100098a4                exit
 *fill*         0x100098aa        0x2 
 .text.__assert_func
                0x100098ac       0x3c CMakeFiles/THINGAMAPRO_RP2040.dir/C_/Program_Files/Raspberry_Pi/Pico_SDK_v1.5.1/pico-sdk/src/rp2_common/pico_runtime/runtime.c.obj
                0x100098ac                __assert_func
 .text.runtime_init
                0x100098e8       0xf8 CMakeFiles/THINGAMAPRO_RP2040.dir/C_/Program_Files/Raspberry_Pi/Pico_SDK_v1.5.1/pico-sdk/src/rp2_common/pico_runtime/runtime.c.obj
                0x100098e8                runtime_init
 .text.panic    0x100099e0       0x30 CMakeFiles/THINGAMAPRO_RP2040.dir/C_/Program_Files/Raspberry_Pi/Pico_SDK_v1.5.1/pico-sdk/src/rp2_common/pico_runtime/runtime.c.obj
                0x100099e0                panic
 .text._out_null
                0x10009a10        0x2 CMakeFiles/THINGAMAPRO_RP2040.dir/C_/Program_Files/Raspberry_Pi/Pico_SDK_v1.5.1/pico-sdk/src/rp2_common/pico_printf/printf.c.obj
 .text._out_fct
                0x10009a12        0xe CMakeFiles/THINGAMAPRO_RP2040.dir/C_/Program_Files/Raspberry_Pi/Pico_SDK_v1.5.1/pico-sdk/src/rp2_common/pico_printf/printf.c.obj
 .text._atoi    0x10009a20       0x24 CMakeFiles/THINGAMAPRO_RP2040.dir/C_/Program_Files/Raspberry_Pi/Pico_SDK_v1.5.1/pico-sdk/src/rp2_common/pico_printf/printf.c.obj
 .text._out_rev
                0x10009a44       0xae CMakeFiles/THINGAMAPRO_RP2040.dir/C_/Program_Files/Raspberry_Pi/Pico_SDK_v1.5.1/pico-sdk/src/rp2_common/pico_printf/printf.c.obj
 .text._ntoa_format
                0x10009af2      0x112 CMakeFiles/THINGAMAPRO_RP2040.dir/C_/Program_Files/Raspberry_Pi/Pico_SDK_v1.5.1/pico-sdk/src/rp2_common/pico_printf/printf.c.obj
 .text._ntoa_long
                0x10009c04       0xbc CMakeFiles/THINGAMAPRO_RP2040.dir/C_/Program_Files/Raspberry_Pi/Pico_SDK_v1.5.1/pico-sdk/src/rp2_common/pico_printf/printf.c.obj
 .text._ntoa_long_long
                0x10009cc0       0xe2 CMakeFiles/THINGAMAPRO_RP2040.dir/C_/Program_Files/Raspberry_Pi/Pico_SDK_v1.5.1/pico-sdk/src/rp2_common/pico_printf/printf.c.obj
 *fill*         0x10009da2        0x2 
 .text._etoa    0x10009da4      0x414 CMakeFiles/THINGAMAPRO_RP2040.dir/C_/Program_Files/Raspberry_Pi/Pico_SDK_v1.5.1/pico-sdk/src/rp2_common/pico_printf/printf.c.obj
 .text._ftoa    0x1000a1b8      0x354 CMakeFiles/THINGAMAPRO_RP2040.dir/C_/Program_Files/Raspberry_Pi/Pico_SDK_v1.5.1/pico-sdk/src/rp2_common/pico_printf/printf.c.obj
 .text._vsnprintf
                0x1000a50c      0x624 CMakeFiles/THINGAMAPRO_RP2040.dir/C_/Program_Files/Raspberry_Pi/Pico_SDK_v1.5.1/pico-sdk/src/rp2_common/pico_printf/printf.c.obj
 .text.vfctprintf
                0x1000ab30       0x20 CMakeFiles/THINGAMAPRO_RP2040.dir/C_/Program_Files/Raspberry_Pi/Pico_SDK_v1.5.1/pico-sdk/src/rp2_common/pico_printf/printf.c.obj
                0x1000ab30                vfctprintf
 .text          0x1000ab50       0x10 CMakeFiles/THINGAMAPRO_RP2040.dir/C_/Program_Files/Raspberry_Pi/Pico_SDK_v1.5.1/pico-sdk/src/rp2_common/pico_bit_ops/bit_ops_aeabi.S.obj
 .text.rom_func_lookup
                0x1000ab60       0x10 CMakeFiles/THINGAMAPRO_RP2040.dir/C_/Program_Files/Raspberry_Pi/Pico_SDK_v1.5.1/pico-sdk/src/rp2_common/pico_bootrom/bootrom.c.obj
                0x1000ab60                rom_func_lookup
 .text.rom_data_lookup
                0x1000ab70       0x10 CMakeFiles/THINGAMAPRO_RP2040.dir/C_/Program_Files/Raspberry_Pi/Pico_SDK_v1.5.1/pico-sdk/src/rp2_common/pico_bootrom/bootrom.c.obj
                0x1000ab70                rom_data_lookup
 .text.rom_funcs_lookup
                0x1000ab80       0x36 CMakeFiles/THINGAMAPRO_RP2040.dir/C_/Program_Files/Raspberry_Pi/Pico_SDK_v1.5.1/pico-sdk/src/rp2_common/pico_bootrom/bootrom.c.obj
                0x1000ab80                rom_funcs_lookup
 *fill*         0x1000abb6        0x2 
 .text.__wrap___aeabi_idiv
                0x1000abb8       0x50 CMakeFiles/THINGAMAPRO_RP2040.dir/C_/Program_Files/Raspberry_Pi/Pico_SDK_v1.5.1/pico-sdk/src/rp2_common/pico_divider/divider.S.obj
                0x1000abb8                __wrap___aeabi_idivmod
                0x1000abb8                divmod_s32s32
                0x1000abb8                div_s32s32
                0x1000abb8                __wrap___aeabi_idiv
                0x1000abc0                divmod_s32s32_unsafe
                0x1000abec                divmod_s32s32_savestate
 .text.__wrap___aeabi_uidiv
                0x1000ac08       0x4c CMakeFiles/THINGAMAPRO_RP2040.dir/C_/Program_Files/Raspberry_Pi/Pico_SDK_v1.5.1/pico-sdk/src/rp2_common/pico_divider/divider.S.obj
                0x1000ac08                __wrap___aeabi_uidiv
                0x1000ac08                __wrap___aeabi_uidivmod
                0x1000ac08                div_u32u32
                0x1000ac08                divmod_u32u32
                0x1000ac10                divmod_u32u32_unsafe
                0x1000ac38                divmod_u32u32_savestate
 .text.__wrap___aeabi_ldiv
                0x1000ac54      0x424 CMakeFiles/THINGAMAPRO_RP2040.dir/C_/Program_Files/Raspberry_Pi/Pico_SDK_v1.5.1/pico-sdk/src/rp2_common/pico_divider/divider.S.obj
                0x1000ac54                div_s64s64
                0x1000ac54                divmod_s64s64
                0x1000ac54                __wrap___aeabi_ldivmod
                0x1000ac84                divmod_u64u64
                0x1000ac84                div_u64u64
                0x1000ac84                __wrap___aeabi_uldivmod
                0x1000ac94                divmod_u64u64_savestate
                0x1000acb4                divmod_s64s64_unsafe
                0x1000ad3c                divmod_u64u64_unsafe
 .text.push_r8_r11
                0x1000b078        0xc CMakeFiles/THINGAMAPRO_RP2040.dir/C_/Program_Files/Raspberry_Pi/Pico_SDK_v1.5.1/pico-sdk/src/rp2_common/pico_double/double_aeabi.S.obj
                0x1000b078                push_r8_r11
 .text.pop_r8_r11
                0x1000b084        0xc CMakeFiles/THINGAMAPRO_RP2040.dir/C_/Program_Files/Raspberry_Pi/Pico_SDK_v1.5.1/pico-sdk/src/rp2_common/pico_double/double_aeabi.S.obj
                0x1000b084                pop_r8_r11
 .text.__wrap___aeabi_darithmetic
                0x1000b090       0x80 CMakeFiles/THINGAMAPRO_RP2040.dir/C_/Program_Files/Raspberry_Pi/Pico_SDK_v1.5.1/pico-sdk/src/rp2_common/pico_double/double_aeabi.S.obj
                0x1000b090                __wrap___aeabi_drsub
                0x1000b096                __wrap___aeabi_dsub
                0x1000b0a8                __wrap___aeabi_dadd
                0x1000b0ba                __wrap___aeabi_ddiv
                0x1000b0f6                __wrap___aeabi_dmul
 .text.__wrap___aeabi_cdcmple
                0x1000b110       0x6c CMakeFiles/THINGAMAPRO_RP2040.dir/C_/Program_Files/Raspberry_Pi/Pico_SDK_v1.5.1/pico-sdk/src/rp2_common/pico_double/double_aeabi.S.obj
                0x1000b110                __wrap___aeabi_cdrcmple
                0x1000b120                __wrap___aeabi_cdcmpeq
                0x1000b120                __wrap___aeabi_cdcmple
 .text.__wrap___aeabi_dcmplt
                0x1000b17c        0xc CMakeFiles/THINGAMAPRO_RP2040.dir/C_/Program_Files/Raspberry_Pi/Pico_SDK_v1.5.1/pico-sdk/src/rp2_common/pico_double/double_aeabi.S.obj
                0x1000b17c                __wrap___aeabi_dcmplt
 .text.__wrap___aeabi_dcmple
                0x1000b188       0x10 CMakeFiles/THINGAMAPRO_RP2040.dir/C_/Program_Files/Raspberry_Pi/Pico_SDK_v1.5.1/pico-sdk/src/rp2_common/pico_double/double_aeabi.S.obj
                0x1000b188                __wrap___aeabi_dcmple
 .text.__wrap___aeabi_dcmpge
                0x1000b198       0x10 CMakeFiles/THINGAMAPRO_RP2040.dir/C_/Program_Files/Raspberry_Pi/Pico_SDK_v1.5.1/pico-sdk/src/rp2_common/pico_double/double_aeabi.S.obj
                0x1000b198                __wrap___aeabi_dcmpge
 .text.__wrap___aeabi_dcmpgt
                0x1000b1a8        0xa CMakeFiles/THINGAMAPRO_RP2040.dir/C_/Program_Files/Raspberry_Pi/Pico_SDK_v1.5.1/pico-sdk/src/rp2_common/pico_double/double_aeabi.S.obj
                0x1000b1a8                __wrap___aeabi_dcmpgt
 .text.__wrap___aeabi_dcmpun
                0x1000b1b2       0x1c CMakeFiles/THINGAMAPRO_RP2040.dir/C_/Program_Files/Raspberry_Pi/Pico_SDK_v1.5.1/pico-sdk/src/rp2_common/pico_double/double_aeabi.S.obj
                0x1000b1b2                __wrap___aeabi_dcmpun
 *fill*         0x1000b1ce        0x2 
 .text.__wrap___aeabi_i2d
                0x1000b1d0       0x38 CMakeFiles/THINGAMAPRO_RP2040.dir/C_/Program_Files/Raspberry_Pi/Pico_SDK_v1.5.1/pico-sdk/src/rp2_common/pico_double/double_aeabi.S.obj
                0x1000b1d0                __wrap___aeabi_ui2d
                0x1000b1d8                __wrap___aeabi_i2d
 .text.__wrap___aeabi_d2iz
                0x1000b208       0x48 CMakeFiles/THINGAMAPRO_RP2040.dir/C_/Program_Files/Raspberry_Pi/Pico_SDK_v1.5.1/pico-sdk/src/rp2_common/pico_double/double_aeabi.S.obj
                0x1000b208                double2int_z
                0x1000b208                __wrap___aeabi_d2iz
 .text.__wrap___aeabi_d2uiz
                0x1000b250       0x18 CMakeFiles/THINGAMAPRO_RP2040.dir/C_/Program_Files/Raspberry_Pi/Pico_SDK_v1.5.1/pico-sdk/src/rp2_common/pico_double/double_aeabi.S.obj
                0x1000b250                __wrap___aeabi_d2uiz
                0x1000b250                double2uint
 .text.fix642double
                0x1000b268       0x18 CMakeFiles/THINGAMAPRO_RP2040.dir/C_/Program_Files/Raspberry_Pi/Pico_SDK_v1.5.1/pico-sdk/src/rp2_common/pico_double/double_aeabi.S.obj
                0x1000b268                fix642double
 .text.__wrap___aeabi_d2f
                0x1000b280       0x18 CMakeFiles/THINGAMAPRO_RP2040.dir/C_/Program_Files/Raspberry_Pi/Pico_SDK_v1.5.1/pico-sdk/src/rp2_common/pico_double/double_aeabi.S.obj
                0x1000b280                __wrap___aeabi_d2f
 .text.__wrap_sincostan_remainder
                0x1000b298       0x14 CMakeFiles/THINGAMAPRO_RP2040.dir/C_/Program_Files/Raspberry_Pi/Pico_SDK_v1.5.1/pico-sdk/src/rp2_common/pico_double/double_aeabi.S.obj
                0x1000b298                sincostan_remainder
 .text.__wrap_cos
                0x1000b2ac       0x2c CMakeFiles/THINGAMAPRO_RP2040.dir/C_/Program_Files/Raspberry_Pi/Pico_SDK_v1.5.1/pico-sdk/src/rp2_common/pico_double/double_aeabi.S.obj
                0x1000b2ac                __wrap_cos
 .text.__wrap_sin
                0x1000b2d8       0x2c CMakeFiles/THINGAMAPRO_RP2040.dir/C_/Program_Files/Raspberry_Pi/Pico_SDK_v1.5.1/pico-sdk/src/rp2_common/pico_double/double_aeabi.S.obj
                0x1000b2d8                __wrap_sin
 .text.__aeabi_double_init
                0x1000b304       0xc8 CMakeFiles/THINGAMAPRO_RP2040.dir/C_/Program_Files/Raspberry_Pi/Pico_SDK_v1.5.1/pico-sdk/src/rp2_common/pico_double/double_init_rom.c.obj
                0x1000b304                __aeabi_double_init
 .text.drem_0   0x1000b3cc      0x130 CMakeFiles/THINGAMAPRO_RP2040.dir/C_/Program_Files/Raspberry_Pi/Pico_SDK_v1.5.1/pico-sdk/src/rp2_common/pico_double/double_math.c.obj
 .text.__wrap_fmod
                0x1000b4fc       0xa8 CMakeFiles/THINGAMAPRO_RP2040.dir/C_/Program_Files/Raspberry_Pi/Pico_SDK_v1.5.1/pico-sdk/src/rp2_common/pico_double/double_math.c.obj
                0x1000b4fc                __wrap_fmod
 .text.__wrap_remquo
                0x1000b5a4      0x17c CMakeFiles/THINGAMAPRO_RP2040.dir/C_/Program_Files/Raspberry_Pi/Pico_SDK_v1.5.1/pico-sdk/src/rp2_common/pico_double/double_math.c.obj
                0x1000b5a4                __wrap_remquo
 .text.__wrap_remainder
                0x1000b720       0x10 CMakeFiles/THINGAMAPRO_RP2040.dir/C_/Program_Files/Raspberry_Pi/Pico_SDK_v1.5.1/pico-sdk/src/rp2_common/pico_double/double_math.c.obj
                0x1000b720                __wrap_remainder
 .text.double_table_shim_on_use_helper
                0x1000b730       0x34 CMakeFiles/THINGAMAPRO_RP2040.dir/C_/Program_Files/Raspberry_Pi/Pico_SDK_v1.5.1/pico-sdk/src/rp2_common/pico_double/double_v1_rom_shim.S.obj
                0x1000b730                double_table_shim_on_use_helper
 .text.__wrap___aeabi_dsub
                0x1000b764       0x10 CMakeFiles/THINGAMAPRO_RP2040.dir/C_/Program_Files/Raspberry_Pi/Pico_SDK_v1.5.1/pico-sdk/src/rp2_common/pico_double/double_v1_rom_shim.S.obj
                0x1000b764                drsub_shim
                0x1000b76a                dsub_shim
 .text.dadd_shim
                0x1000b774      0x15c CMakeFiles/THINGAMAPRO_RP2040.dir/C_/Program_Files/Raspberry_Pi/Pico_SDK_v1.5.1/pico-sdk/src/rp2_common/pico_double/double_v1_rom_shim.S.obj
                0x1000b774                dadd_shim
 .text.dmul_shim
                0x1000b8d0      0x15c CMakeFiles/THINGAMAPRO_RP2040.dir/C_/Program_Files/Raspberry_Pi/Pico_SDK_v1.5.1/pico-sdk/src/rp2_common/pico_double/double_v1_rom_shim.S.obj
                0x1000b8d0                dmul_shim
 .text.ddiv_shim
                0x1000ba2c      0x1b0 CMakeFiles/THINGAMAPRO_RP2040.dir/C_/Program_Files/Raspberry_Pi/Pico_SDK_v1.5.1/pico-sdk/src/rp2_common/pico_double/double_v1_rom_shim.S.obj
                0x1000ba2c                ddiv_shim
 .text.dcordic_vec_step
                0x1000bbdc        0xe CMakeFiles/THINGAMAPRO_RP2040.dir/C_/Program_Files/Raspberry_Pi/Pico_SDK_v1.5.1/pico-sdk/src/rp2_common/pico_double/double_v1_rom_shim.S.obj
                0x1000bbdc                dcordic_vec_step
 .text.dcordic_rot_step
                0x1000bbea       0x76 CMakeFiles/THINGAMAPRO_RP2040.dir/C_/Program_Files/Raspberry_Pi/Pico_SDK_v1.5.1/pico-sdk/src/rp2_common/pico_double/double_v1_rom_shim.S.obj
                0x1000bbea                dcordic_rot_step
 .text.double2uint_shim
                0x1000bc60        0xe CMakeFiles/THINGAMAPRO_RP2040.dir/C_/Program_Files/Raspberry_Pi/Pico_SDK_v1.5.1/pico-sdk/src/rp2_common/pico_double/double_v1_rom_shim.S.obj
                0x1000bc60                double2uint_shim
                0x1000bc62                double2ufix_shim
 .text.double2int64_shim
                0x1000bc6e       0x1a CMakeFiles/THINGAMAPRO_RP2040.dir/C_/Program_Files/Raspberry_Pi/Pico_SDK_v1.5.1/pico-sdk/src/rp2_common/pico_double/double_v1_rom_shim.S.obj
                0x1000bc6e                double2int64_shim
                0x1000bc70                double2fix64_shim
 .text.double2uint64_shim
                0x1000bc88       0x70 CMakeFiles/THINGAMAPRO_RP2040.dir/C_/Program_Files/Raspberry_Pi/Pico_SDK_v1.5.1/pico-sdk/src/rp2_common/pico_double/double_v1_rom_shim.S.obj
                0x1000bc88                double2uint64_shim
                0x1000bc8a                double2ufix64_shim
                0x1000bcaa                d2fix_a
 .text.double2float_shim
                0x1000bcf8       0x5c CMakeFiles/THINGAMAPRO_RP2040.dir/C_/Program_Files/Raspberry_Pi/Pico_SDK_v1.5.1/pico-sdk/src/rp2_common/pico_double/double_v1_rom_shim.S.obj
                0x1000bcf8                double2float_shim
 .text.x2double_shims
                0x1000bd54       0x90 CMakeFiles/THINGAMAPRO_RP2040.dir/C_/Program_Files/Raspberry_Pi/Pico_SDK_v1.5.1/pico-sdk/src/rp2_common/pico_double/double_v1_rom_shim.S.obj
                0x1000bd54                uint2double_shim
                0x1000bd56                ufix2double_shim
                0x1000bd5c                int2double_shim
                0x1000bd5e                fix2double_shim
                0x1000bd64                uint642double_shim
                0x1000bd66                ufix642double_shim
                0x1000bd6c                int642double_shim
                0x1000bd6e                fix642double_shim
 .text.dunpacks
                0x1000bde4       0x3c CMakeFiles/THINGAMAPRO_RP2040.dir/C_/Program_Files/Raspberry_Pi/Pico_SDK_v1.5.1/pico-sdk/src/rp2_common/pico_double/double_v1_rom_shim.S.obj
                0x1000bde4                dunpacks
 .text.dreduce  0x1000be20       0x82 CMakeFiles/THINGAMAPRO_RP2040.dir/C_/Program_Files/Raspberry_Pi/Pico_SDK_v1.5.1/pico-sdk/src/rp2_common/pico_double/double_v1_rom_shim.S.obj
                0x1000be20                dreduce
 .text.dcos_shim
                0x1000bea2       0x10 CMakeFiles/THINGAMAPRO_RP2040.dir/C_/Program_Files/Raspberry_Pi/Pico_SDK_v1.5.1/pico-sdk/src/rp2_common/pico_double/double_v1_rom_shim.S.obj
                0x1000bea2                dcos_shim
 .text.dsin_shim
                0x1000beb2       0x14 CMakeFiles/THINGAMAPRO_RP2040.dir/C_/Program_Files/Raspberry_Pi/Pico_SDK_v1.5.1/pico-sdk/src/rp2_common/pico_double/double_v1_rom_shim.S.obj
                0x1000beb2                dsin_shim
 *fill*         0x1000bec6        0x2 
 .text.dtrig_guts
                0x1000bec8      0x2ec CMakeFiles/THINGAMAPRO_RP2040.dir/C_/Program_Files/Raspberry_Pi/Pico_SDK_v1.5.1/pico-sdk/src/rp2_common/pico_double/double_v1_rom_shim.S.obj
                0x1000bfa0                datan2_shim
 .text.__aeabi_lmul
                0x1000c1b4       0x32 CMakeFiles/THINGAMAPRO_RP2040.dir/C_/Program_Files/Raspberry_Pi/Pico_SDK_v1.5.1/pico-sdk/src/rp2_common/pico_int64_ops/pico_int64_ops_aeabi.S.obj
                0x1000c1b4                __wrap___aeabi_lmul
 *fill*         0x1000c1e6        0x2 
 .text.__wrap___aeabi_farithmetic
                0x1000c1e8       0x58 CMakeFiles/THINGAMAPRO_RP2040.dir/C_/Program_Files/Raspberry_Pi/Pico_SDK_v1.5.1/pico-sdk/src/rp2_common/pico_float/float_aeabi.S.obj
                0x1000c1e8                __wrap___aeabi_frsub
                0x1000c1ee                __wrap___aeabi_fsub
                0x1000c1f8                __wrap___aeabi_fadd
                0x1000c202                __wrap___aeabi_fdiv
                0x1000c22e                __wrap___aeabi_fmul
 .text.__wrap___aeabi_cfcmple
                0x1000c240       0x50 CMakeFiles/THINGAMAPRO_RP2040.dir/C_/Program_Files/Raspberry_Pi/Pico_SDK_v1.5.1/pico-sdk/src/rp2_common/pico_float/float_aeabi.S.obj
                0x1000c240                __wrap___aeabi_cfrcmple
                0x1000c24c                __wrap___aeabi_cfcmple
                0x1000c24c                __wrap___aeabi_cfcmpeq
 .text.__wrap___aeabi_fcmpeq
                0x1000c290       0x10 CMakeFiles/THINGAMAPRO_RP2040.dir/C_/Program_Files/Raspberry_Pi/Pico_SDK_v1.5.1/pico-sdk/src/rp2_common/pico_float/float_aeabi.S.obj
                0x1000c290                __wrap___aeabi_fcmpeq
 .text.__wrap___aeabi_fcmplt
                0x1000c2a0        0xc CMakeFiles/THINGAMAPRO_RP2040.dir/C_/Program_Files/Raspberry_Pi/Pico_SDK_v1.5.1/pico-sdk/src/rp2_common/pico_float/float_aeabi.S.obj
                0x1000c2a0                __wrap___aeabi_fcmplt
 .text.__wrap___aeabi_fcmple
                0x1000c2ac       0x10 CMakeFiles/THINGAMAPRO_RP2040.dir/C_/Program_Files/Raspberry_Pi/Pico_SDK_v1.5.1/pico-sdk/src/rp2_common/pico_float/float_aeabi.S.obj
                0x1000c2ac                __wrap___aeabi_fcmple
 .text.__wrap___aeabi_fcmpge
                0x1000c2bc       0x10 CMakeFiles/THINGAMAPRO_RP2040.dir/C_/Program_Files/Raspberry_Pi/Pico_SDK_v1.5.1/pico-sdk/src/rp2_common/pico_float/float_aeabi.S.obj
                0x1000c2bc                __wrap___aeabi_fcmpge
 .text.__wrap___aeabi_fcmpgt
                0x1000c2cc        0xa CMakeFiles/THINGAMAPRO_RP2040.dir/C_/Program_Files/Raspberry_Pi/Pico_SDK_v1.5.1/pico-sdk/src/rp2_common/pico_float/float_aeabi.S.obj
                0x1000c2cc                __wrap___aeabi_fcmpgt
 .text.__wrap___aeabi_ui2f
                0x1000c2d6        0xa CMakeFiles/THINGAMAPRO_RP2040.dir/C_/Program_Files/Raspberry_Pi/Pico_SDK_v1.5.1/pico-sdk/src/rp2_common/pico_float/float_aeabi.S.obj
                0x1000c2d6                __wrap___aeabi_ui2f
 .text.__wrap___aeabi_i2f
                0x1000c2e0       0x44 CMakeFiles/THINGAMAPRO_RP2040.dir/C_/Program_Files/Raspberry_Pi/Pico_SDK_v1.5.1/pico-sdk/src/rp2_common/pico_float/float_aeabi.S.obj
                0x1000c2e0                __wrap___aeabi_i2f
 .text.__wrap___aeabi_f2iz
                0x1000c324       0x4e CMakeFiles/THINGAMAPRO_RP2040.dir/C_/Program_Files/Raspberry_Pi/Pico_SDK_v1.5.1/pico-sdk/src/rp2_common/pico_float/float_aeabi.S.obj
                0x1000c324                float2int_z
                0x1000c324                __wrap___aeabi_f2iz
 *fill*         0x1000c372        0x2 
 .text.float2int
                0x1000c374       0x14 CMakeFiles/THINGAMAPRO_RP2040.dir/C_/Program_Files/Raspberry_Pi/Pico_SDK_v1.5.1/pico-sdk/src/rp2_common/pico_float/float_aeabi.S.obj
                0x1000c374                float2int
 .text.__wrap___aeabi_f2uiz
                0x1000c388       0x10 CMakeFiles/THINGAMAPRO_RP2040.dir/C_/Program_Files/Raspberry_Pi/Pico_SDK_v1.5.1/pico-sdk/src/rp2_common/pico_float/float_aeabi.S.obj
                0x1000c388                __wrap___aeabi_f2uiz
 .text.__wrap___aeabi_f2d
                0x1000c398       0x14 CMakeFiles/THINGAMAPRO_RP2040.dir/C_/Program_Files/Raspberry_Pi/Pico_SDK_v1.5.1/pico-sdk/src/rp2_common/pico_float/float_aeabi.S.obj
                0x1000c398                __wrap___aeabi_f2d
 .text.__wrap_sqrtf
                0x1000c3ac       0x24 CMakeFiles/THINGAMAPRO_RP2040.dir/C_/Program_Files/Raspberry_Pi/Pico_SDK_v1.5.1/pico-sdk/src/rp2_common/pico_float/float_aeabi.S.obj
                0x1000c3ac                __wrap_sqrtf
 .text.__wrap_atan2f
                0x1000c3d0       0x14 CMakeFiles/THINGAMAPRO_RP2040.dir/C_/Program_Files/Raspberry_Pi/Pico_SDK_v1.5.1/pico-sdk/src/rp2_common/pico_float/float_aeabi.S.obj
                0x1000c3d0                __wrap_atan2f
 .text.__aeabi_float_init
                0x1000c3e4       0xfc CMakeFiles/THINGAMAPRO_RP2040.dir/C_/Program_Files/Raspberry_Pi/Pico_SDK_v1.5.1/pico-sdk/src/rp2_common/pico_float/float_init_rom.c.obj
                0x1000c3e4                __aeabi_float_init
 .text.__wrap_roundf
                0x1000c4e0       0x3e CMakeFiles/THINGAMAPRO_RP2040.dir/C_/Program_Files/Raspberry_Pi/Pico_SDK_v1.5.1/pico-sdk/src/rp2_common/pico_float/float_math.c.obj
                0x1000c4e0                __wrap_roundf
 *fill*         0x1000c51e        0x2 
 .text.float_table_shim_on_use_helper
                0x1000c520       0x34 CMakeFiles/THINGAMAPRO_RP2040.dir/C_/Program_Files/Raspberry_Pi/Pico_SDK_v1.5.1/pico-sdk/src/rp2_common/pico_float/float_v1_rom_shim.S.obj
                0x1000c520                float_table_shim_on_use_helper
 .text.fatan2_shim
                0x1000c554       0x88 CMakeFiles/THINGAMAPRO_RP2040.dir/C_/Program_Files/Raspberry_Pi/Pico_SDK_v1.5.1/pico-sdk/src/rp2_common/pico_float/float_v1_rom_shim.S.obj
                0x1000c554                fatan2_shim
 .text.float232_shims
                0x1000c5dc       0x18 CMakeFiles/THINGAMAPRO_RP2040.dir/C_/Program_Files/Raspberry_Pi/Pico_SDK_v1.5.1/pico-sdk/src/rp2_common/pico_float/float_v1_rom_shim.S.obj
                0x1000c5dc                float2int_shim
                0x1000c5de                float2fix_shim
 .text.float2double_shim
                0x1000c5f4       0x30 CMakeFiles/THINGAMAPRO_RP2040.dir/C_/Program_Files/Raspberry_Pi/Pico_SDK_v1.5.1/pico-sdk/src/rp2_common/pico_float/float_v1_rom_shim.S.obj
                0x1000c5f4                float2double_shim
 .text          0x1000c624       0x10 CMakeFiles/THINGAMAPRO_RP2040.dir/C_/Program_Files/Raspberry_Pi/Pico_SDK_v1.5.1/pico-sdk/src/rp2_common/pico_mem_ops/mem_ops_aeabi.S.obj
                0x1000c624                __aeabi_mem_init
 .text.memset   0x1000c634        0xc CMakeFiles/THINGAMAPRO_RP2040.dir/C_/Program_Files/Raspberry_Pi/Pico_SDK_v1.5.1/pico-sdk/src/rp2_common/pico_mem_ops/mem_ops_aeabi.S.obj
                0x1000c634                __wrap_memset
 .text.memcpy   0x1000c640        0xc CMakeFiles/THINGAMAPRO_RP2040.dir/C_/Program_Files/Raspberry_Pi/Pico_SDK_v1.5.1/pico-sdk/src/rp2_common/pico_mem_ops/mem_ops_aeabi.S.obj
                0x1000c640                __wrap_memcpy
                0x1000c640                __wrap___aeabi_memcpy
 .text.stdio_out_chars_no_crlf
                0x1000c64c        0xe CMakeFiles/THINGAMAPRO_RP2040.dir/C_/Program_Files/Raspberry_Pi/Pico_SDK_v1.5.1/pico-sdk/src/rp2_common/pico_stdio/stdio.c.obj
 *fill*         0x1000c65a        0x2 
 .text.stdio_out_chars_crlf
                0x1000c65c       0x80 CMakeFiles/THINGAMAPRO_RP2040.dir/C_/Program_Files/Raspberry_Pi/Pico_SDK_v1.5.1/pico-sdk/src/rp2_common/pico_stdio/stdio.c.obj
 .text.stdio_stack_buffer_flush
                0x1000c6dc       0x44 CMakeFiles/THINGAMAPRO_RP2040.dir/C_/Program_Files/Raspberry_Pi/Pico_SDK_v1.5.1/pico-sdk/src/rp2_common/pico_stdio/stdio.c.obj
 .text.stdio_buffered_printer
                0x1000c720       0x20 CMakeFiles/THINGAMAPRO_RP2040.dir/C_/Program_Files/Raspberry_Pi/Pico_SDK_v1.5.1/pico-sdk/src/rp2_common/pico_stdio/stdio.c.obj
 .text.stdout_serialize_begin
                0x1000c740       0x5c CMakeFiles/THINGAMAPRO_RP2040.dir/C_/Program_Files/Raspberry_Pi/Pico_SDK_v1.5.1/pico-sdk/src/rp2_common/pico_stdio/stdio.c.obj
                0x1000c740                stdout_serialize_begin
 .text.stdout_serialize_end
                0x1000c79c       0x10 CMakeFiles/THINGAMAPRO_RP2040.dir/C_/Program_Files/Raspberry_Pi/Pico_SDK_v1.5.1/pico-sdk/src/rp2_common/pico_stdio/stdio.c.obj
                0x1000c79c                stdout_serialize_end
 .text.stdio_put_string
                0x1000c7ac       0x98 CMakeFiles/THINGAMAPRO_RP2040.dir/C_/Program_Files/Raspberry_Pi/Pico_SDK_v1.5.1/pico-sdk/src/rp2_common/pico_stdio/stdio.c.obj
 .text.__wrap_putchar
                0x1000c844       0x1c CMakeFiles/THINGAMAPRO_RP2040.dir/C_/Program_Files/Raspberry_Pi/Pico_SDK_v1.5.1/pico-sdk/src/rp2_common/pico_stdio/stdio.c.obj